../tinyusb-master/src/tusb.c:46:6:tusb_init	8	static,ignoring_inline_asm
../tinyusb-master/src/tusb.c:61:6:tusb_inited	0	static
../tinyusb-master/src/tusb.c:80:17:tu_desc_find	0	static
../tinyusb-master/src/tusb.c:90:17:tu_desc_find2	0	static
../tinyusb-master/src/tusb.c:100:17:tu_desc_find3	4	static
../tinyusb-master/src/tusb.c:115:6:tu_edpt_claim	0	static
../tinyusb-master/src/tusb.c:135:6:tu_edpt_release	0	static
../tinyusb-master/src/tusb.c:153:6:tu_edpt_validate	0	static,ignoring_inline_asm
../tinyusb-master/src/tusb.c:192:6:tu_edpt_bind_driver	4	static
../tinyusb-master/src/tusb.c:211:10:tu_desc_get_interface_total_len	8	static
../tinyusb-master/src/tusb.c:245:6:tu_edpt_stream_init	24	static
../tinyusb-master/src/tusb.c:320:6:tu_edpt_stream_write_zlp_if_needed	16	static,ignoring_inline_asm
../tinyusb-master/src/tusb.c:331:10:tu_edpt_stream_write_xfer	16	static,ignoring_inline_asm
../tinyusb-master/src/tusb.c:355:10:tu_edpt_stream_write	16	static
../tinyusb-master/src/tusb.c:375:10:tu_edpt_stream_read_xfer	16	static,ignoring_inline_asm
../tinyusb-master/src/tusb.c:408:10:tu_edpt_stream_read	16	static,ignoring_inline_asm
