Archive member included to satisfy reference by file (symbol)

c:/st/stm32cubeide_1.3.0/stm32cubeide/plugins/com.st.stm32cube.ide.mcu.externaltools.gnu-tools-for-stm32.10.3-2021.10.win32_1.0.200.202301161003/tools/bin/../lib/gcc/arm-none-eabi/10.3.1/../../../../arm-none-eabi/lib/thumb/v7e-m+fp/hard\libc_nano.a(lib_a-errno.o)
                              ./Core/Src/syscalls.o (__errno)
c:/st/stm32cubeide_1.3.0/stm32cubeide/plugins/com.st.stm32cube.ide.mcu.externaltools.gnu-tools-for-stm32.10.3-2021.10.win32_1.0.200.202301161003/tools/bin/../lib/gcc/arm-none-eabi/10.3.1/../../../../arm-none-eabi/lib/thumb/v7e-m+fp/hard\libc_nano.a(lib_a-exit.o)
                              c:/st/stm32cubeide_1.3.0/stm32cubeide/plugins/com.st.stm32cube.ide.mcu.externaltools.gnu-tools-for-stm32.10.3-2021.10.win32_1.0.200.202301161003/tools/bin/../lib/gcc/arm-none-eabi/10.3.1/../../../../arm-none-eabi/lib/thumb/v7e-m+fp/hard/crt0.o (exit)
c:/st/stm32cubeide_1.3.0/stm32cubeide/plugins/com.st.stm32cube.ide.mcu.externaltools.gnu-tools-for-stm32.10.3-2021.10.win32_1.0.200.202301161003/tools/bin/../lib/gcc/arm-none-eabi/10.3.1/../../../../arm-none-eabi/lib/thumb/v7e-m+fp/hard\libc_nano.a(lib_a-impure.o)
                              c:/st/stm32cubeide_1.3.0/stm32cubeide/plugins/com.st.stm32cube.ide.mcu.externaltools.gnu-tools-for-stm32.10.3-2021.10.win32_1.0.200.202301161003/tools/bin/../lib/gcc/arm-none-eabi/10.3.1/../../../../arm-none-eabi/lib/thumb/v7e-m+fp/hard\libc_nano.a(lib_a-exit.o) (_global_impure_ptr)
c:/st/stm32cubeide_1.3.0/stm32cubeide/plugins/com.st.stm32cube.ide.mcu.externaltools.gnu-tools-for-stm32.10.3-2021.10.win32_1.0.200.202301161003/tools/bin/../lib/gcc/arm-none-eabi/10.3.1/../../../../arm-none-eabi/lib/thumb/v7e-m+fp/hard\libc_nano.a(lib_a-init.o)
                              c:/st/stm32cubeide_1.3.0/stm32cubeide/plugins/com.st.stm32cube.ide.mcu.externaltools.gnu-tools-for-stm32.10.3-2021.10.win32_1.0.200.202301161003/tools/bin/../lib/gcc/arm-none-eabi/10.3.1/../../../../arm-none-eabi/lib/thumb/v7e-m+fp/hard/crt0.o (__libc_init_array)
c:/st/stm32cubeide_1.3.0/stm32cubeide/plugins/com.st.stm32cube.ide.mcu.externaltools.gnu-tools-for-stm32.10.3-2021.10.win32_1.0.200.202301161003/tools/bin/../lib/gcc/arm-none-eabi/10.3.1/../../../../arm-none-eabi/lib/thumb/v7e-m+fp/hard\libc_nano.a(lib_a-memcpy-stub.o)
                              ./tinyusb-master/src/class/audio/audio_device.o (memcpy)
c:/st/stm32cubeide_1.3.0/stm32cubeide/plugins/com.st.stm32cube.ide.mcu.externaltools.gnu-tools-for-stm32.10.3-2021.10.win32_1.0.200.202301161003/tools/bin/../lib/gcc/arm-none-eabi/10.3.1/../../../../arm-none-eabi/lib/thumb/v7e-m+fp/hard\libc_nano.a(lib_a-memset.o)
                              c:/st/stm32cubeide_1.3.0/stm32cubeide/plugins/com.st.stm32cube.ide.mcu.externaltools.gnu-tools-for-stm32.10.3-2021.10.win32_1.0.200.202301161003/tools/bin/../lib/gcc/arm-none-eabi/10.3.1/../../../../arm-none-eabi/lib/thumb/v7e-m+fp/hard/crt0.o (memset)
c:/st/stm32cubeide_1.3.0/stm32cubeide/plugins/com.st.stm32cube.ide.mcu.externaltools.gnu-tools-for-stm32.10.3-2021.10.win32_1.0.200.202301161003/tools/bin/../lib/gcc/arm-none-eabi/10.3.1/../../../../arm-none-eabi/lib/thumb/v7e-m+fp/hard\libc_nano.a(lib_a-strlen.o)
                              ./Core/Src/usb_descriptors.o (strlen)
c:/st/stm32cubeide_1.3.0/stm32cubeide/plugins/com.st.stm32cube.ide.mcu.externaltools.gnu-tools-for-stm32.10.3-2021.10.win32_1.0.200.202301161003/tools/bin/../lib/gcc/arm-none-eabi/10.3.1/../../../../arm-none-eabi/lib/thumb/v7e-m+fp/hard\libm.a(lib_a-sf_sin.o)
                              ./Core/Src/main.o (sinf)
c:/st/stm32cubeide_1.3.0/stm32cubeide/plugins/com.st.stm32cube.ide.mcu.externaltools.gnu-tools-for-stm32.10.3-2021.10.win32_1.0.200.202301161003/tools/bin/../lib/gcc/arm-none-eabi/10.3.1/../../../../arm-none-eabi/lib/thumb/v7e-m+fp/hard\libm.a(lib_a-ef_rem_pio2.o)
                              c:/st/stm32cubeide_1.3.0/stm32cubeide/plugins/com.st.stm32cube.ide.mcu.externaltools.gnu-tools-for-stm32.10.3-2021.10.win32_1.0.200.202301161003/tools/bin/../lib/gcc/arm-none-eabi/10.3.1/../../../../arm-none-eabi/lib/thumb/v7e-m+fp/hard\libm.a(lib_a-sf_sin.o) (__ieee754_rem_pio2f)
c:/st/stm32cubeide_1.3.0/stm32cubeide/plugins/com.st.stm32cube.ide.mcu.externaltools.gnu-tools-for-stm32.10.3-2021.10.win32_1.0.200.202301161003/tools/bin/../lib/gcc/arm-none-eabi/10.3.1/../../../../arm-none-eabi/lib/thumb/v7e-m+fp/hard\libm.a(lib_a-kf_cos.o)
                              c:/st/stm32cubeide_1.3.0/stm32cubeide/plugins/com.st.stm32cube.ide.mcu.externaltools.gnu-tools-for-stm32.10.3-2021.10.win32_1.0.200.202301161003/tools/bin/../lib/gcc/arm-none-eabi/10.3.1/../../../../arm-none-eabi/lib/thumb/v7e-m+fp/hard\libm.a(lib_a-sf_sin.o) (__kernel_cosf)
[...]
Memory Configuration

Name             Origin             Length             Attributes
RAM              0x0000000020000000 0x0000000000020000 xrw
FLASH            0x0000000008000000 0x0000000000080000 xr
*default*        0x0000000000000000 0xffffffffffffffff

Linker script and memory map

LOAD c:/st/stm32cubeide_1.3.0/stm32cubeide/plugins/com.st.stm32cube.ide.mcu.externaltools.gnu-tools-for-stm32.10.3-2021.10.win32_1.0.200.202301161003/tools/bin/../lib/gcc/arm-none-eabi/10.3.1/thumb/v7e-m+fp/hard/crti.o
LOAD c:/st/stm32cubeide_1.3.0/stm32cubeide/plugins/com.st.stm32cube.ide.mcu.externaltools.gnu-tools-for-stm32.10.3-2021.10.win32_1.0.200.202301161003/tools/bin/../lib/gcc/arm-none-eabi/10.3.1/thumb/v7e-m+fp/hard/crtbegin.o
LOAD c:/st/stm32cubeide_1.3.0/stm32cubeide/plugins/com.st.stm32cube.ide.mcu.externaltools.gnu-tools-for-stm32.10.3-2021.10.win32_1.0.200.202301161003/tools/bin/../lib/gcc/arm-none-eabi/10.3.1/../../../../arm-none-eabi/lib/thumb/v7e-m+fp/hard/crt0.o
LOAD ./Core/Src/main.o
LOAD ./Core/Src/stm32f4xx_hal_msp.o
LOAD ./Core/Src/stm32f4xx_it.o
LOAD ./Core/Src/syscalls.o
LOAD ./Core/Src/sysmem.o
LOAD ./Core/Src/system_stm32f4xx.o
LOAD ./Core/Src/usb_descriptors.o
LOAD ./Core/Startup/startup_stm32f411vetx.o
LOAD ./Drivers/STM32F4xx_HAL_Driver/Src/stm32f4xx_hal.o
LOAD ./Drivers/STM32F4xx_HAL_Driver/Src/stm32f4xx_hal_cortex.o
LOAD ./Drivers/STM32F4xx_HAL_Driver/Src/stm32f4xx_hal_dma.o
LOAD ./Drivers/STM32F4xx_HAL_Driver/Src/stm32f4xx_hal_dma_ex.o
LOAD ./Drivers/STM32F4xx_HAL_Driver/Src/stm32f4xx_hal_exti.o
LOAD ./Drivers/STM32F4xx_HAL_Driver/Src/stm32f4xx_hal_flash.o
LOAD ./Drivers/STM32F4xx_HAL_Driver/Src/stm32f4xx_hal_flash_ex.o
LOAD ./Drivers/STM32F4xx_HAL_Driver/Src/stm32f4xx_hal_flash_ramfunc.o
LOAD ./Drivers/STM32F4xx_HAL_Driver/Src/stm32f4xx_hal_gpio.o
LOAD ./Drivers/STM32F4xx_HAL_Driver/Src/stm32f4xx_hal_pcd.o
LOAD ./Drivers/STM32F4xx_HAL_Driver/Src/stm32f4xx_hal_pcd_ex.o
LOAD ./Drivers/STM32F4xx_HAL_Driver/Src/stm32f4xx_hal_pwr.o
LOAD ./Drivers/STM32F4xx_HAL_Driver/Src/stm32f4xx_hal_pwr_ex.o
LOAD ./Drivers/STM32F4xx_HAL_Driver/Src/stm32f4xx_hal_rcc.o
LOAD ./Drivers/STM32F4xx_HAL_Driver/Src/stm32f4xx_hal_rcc_ex.o
LOAD ./Drivers/STM32F4xx_HAL_Driver/Src/stm32f4xx_hal_tim.o
LOAD ./Drivers/STM32F4xx_HAL_Driver/Src/stm32f4xx_hal_tim_ex.o
LOAD ./Drivers/STM32F4xx_HAL_Driver/Src/stm32f4xx_ll_usb.o
LOAD ./tinyusb-master/src/class/audio/audio_device.o
LOAD ./tinyusb-master/src/class/bth/bth_device.o
LOAD ./tinyusb-master/src/class/cdc/cdc_device.o
LOAD ./tinyusb-master/src/class/cdc/cdc_host.o
LOAD ./tinyusb-master/src/class/cdc/cdc_rndis_host.o
LOAD ./tinyusb-master/src/class/dfu/dfu_device.o
LOAD ./tinyusb-master/src/class/dfu/dfu_rt_device.o
LOAD ./tinyusb-master/src/class/hid/hid_device.o
LOAD ./tinyusb-master/src/class/hid/hid_host.o
LOAD ./tinyusb-master/src/class/midi/midi_device.o
LOAD ./tinyusb-master/src/class/msc/msc_device.o
LOAD ./tinyusb-master/src/class/msc/msc_host.o
LOAD ./tinyusb-master/src/class/net/ecm_rndis_device.o
LOAD ./tinyusb-master/src/class/net/ncm_device.o
LOAD ./tinyusb-master/src/class/usbtmc/usbtmc_device.o
LOAD ./tinyusb-master/src/class/vendor/vendor_device.o
LOAD ./tinyusb-master/src/class/vendor/vendor_host.o
LOAD ./tinyusb-master/src/class/video/video_device.o
LOAD ./tinyusb-master/src/common/tusb_fifo.o
LOAD ./tinyusb-master/src/device/usbd.o
LOAD ./tinyusb-master/src/device/usbd_control.o
LOAD ./tinyusb-master/src/host/hub.o
LOAD ./tinyusb-master/src/host/usbh.o
LOAD ./tinyusb-master/src/portable/bridgetek/ft9xx/dcd_ft9xx.o
LOAD ./tinyusb-master/src/portable/chipidea/ci_hs/dcd_ci_hs.o
LOAD ./tinyusb-master/src/portable/chipidea/ci_hs/hcd_ci_hs.o
LOAD ./tinyusb-master/src/portable/dialog/da146xx/dcd_da146xx.o
LOAD ./tinyusb-master/src/portable/ehci/ehci.o
LOAD ./tinyusb-master/src/portable/espressif/esp32sx/dcd_esp32sx.o
LOAD ./tinyusb-master/src/portable/mentor/musb/dcd_musb.o
LOAD ./tinyusb-master/src/portable/mentor/musb/hcd_musb.o
LOAD ./tinyusb-master/src/portable/microchip/pic/dcd_pic.o
LOAD ./tinyusb-master/src/portable/microchip/pic32mz/dcd_pic32mz.o
LOAD ./tinyusb-master/src/portable/microchip/samd/dcd_samd.o
LOAD ./tinyusb-master/src/portable/microchip/samg/dcd_samg.o
LOAD ./tinyusb-master/src/portable/microchip/samx7x/dcd_samx7x.o
LOAD ./tinyusb-master/src/portable/mindmotion/mm32/dcd_mm32f327x_otg.o
LOAD ./tinyusb-master/src/portable/nordic/nrf5x/dcd_nrf5x.o
LOAD ./tinyusb-master/src/portable/nuvoton/nuc120/dcd_nuc120.o
LOAD ./tinyusb-master/src/portable/nuvoton/nuc121/dcd_nuc121.o
LOAD ./tinyusb-master/src/portable/nuvoton/nuc505/dcd_nuc505.o
LOAD ./tinyusb-master/src/portable/nxp/khci/dcd_khci.o
LOAD ./tinyusb-master/src/portable/nxp/khci/hcd_khci.o
LOAD ./tinyusb-master/src/portable/nxp/lpc17_40/dcd_lpc17_40.o
LOAD ./tinyusb-master/src/portable/nxp/lpc17_40/hcd_lpc17_40.o
LOAD ./tinyusb-master/src/portable/nxp/lpc_ip3511/dcd_lpc_ip3511.o
LOAD ./tinyusb-master/src/portable/nxp/transdimension/dcd_transdimension.o
LOAD ./tinyusb-master/src/portable/nxp/transdimension/hcd_transdimension.o
LOAD ./tinyusb-master/src/portable/ohci/ohci.o
LOAD ./tinyusb-master/src/portable/raspberrypi/pio_usb/dcd_pio_usb.o
LOAD ./tinyusb-master/src/portable/raspberrypi/pio_usb/hcd_pio_usb.o
LOAD ./tinyusb-master/src/portable/raspberrypi/rp2040/dcd_rp2040.o
LOAD ./tinyusb-master/src/portable/raspberrypi/rp2040/hcd_rp2040.o
LOAD ./tinyusb-master/src/portable/raspberrypi/rp2040/rp2040_usb.o
LOAD ./tinyusb-master/src/portable/renesas/rusb2/dcd_rusb2.o
LOAD ./tinyusb-master/src/portable/renesas/rusb2/hcd_rusb2.o
LOAD ./tinyusb-master/src/portable/sony/cxd56/dcd_cxd56.o
LOAD ./tinyusb-master/src/portable/st/stm32_fsdev/dcd_stm32_fsdev.o
LOAD ./tinyusb-master/src/portable/st/synopsys/dcd_synopsys.o
LOAD ./tinyusb-master/src/portable/sunxi/dcd_sunxi_musb.o
LOAD ./tinyusb-master/src/portable/template/dcd_template.o
LOAD ./tinyusb-master/src/portable/ti/msp430x5xx/dcd_msp430x5xx.o
LOAD ./tinyusb-master/src/portable/valentyusb/eptri/dcd_eptri.o
LOAD ./tinyusb-master/src/portable/wch/ch32v307/dcd_usbhs.o
LOAD ./tinyusb-master/src/tusb.o
START GROUP
LOAD c:/st/stm32cubeide_1.3.0/stm32cubeide/plugins/com.st.stm32cube.ide.mcu.externaltools.gnu-tools-for-stm32.10.3-2021.10.win32_1.0.200.202301161003/tools/bin/../lib/gcc/arm-none-eabi/10.3.1/../../../../arm-none-eabi/lib/thumb/v7e-m+fp/hard\libc_nano.a
LOAD c:/st/stm32cubeide_1.3.0/stm32cubeide/plugins/com.st.stm32cube.ide.mcu.externaltools.gnu-tools-for-stm32.10.3-2021.10.win32_1.0.200.202301161003/tools/bin/../lib/gcc/arm-none-eabi/10.3.1/../../../../arm-none-eabi/lib/thumb/v7e-m+fp/hard\libm.a
END GROUP
START GROUP
LOAD c:/st/stm32cubeide_1.3.0/stm32cubeide/plugins/com.st.stm32cube.ide.mcu.externaltools.gnu-tools-for-stm32.10.3-2021.10.win32_1.0.200.202301161003/tools/bin/../lib/gcc/arm-none-eabi/10.3.1/thumb/v7e-m+fp/hard\libgcc.a
LOAD c:/st/stm32cubeide_1.3.0/stm32cubeide/plugins/com.st.stm32cube.ide.mcu.externaltools.gnu-tools-for-stm32.10.3-2021.10.win32_1.0.200.202301161003/tools/bin/../lib/gcc/arm-none-eabi/10.3.1/../../../../arm-none-eabi/lib/thumb/v7e-m+fp/hard\libc_nano.a
END GROUP
START GROUP
LOAD c:/st/stm32cubeide_1.3.0/stm32cubeide/plugins/com.st.stm32cube.ide.mcu.externaltools.gnu-tools-for-stm32.10.3-2021.10.win32_1.0.200.202301161003/tools/bin/../lib/gcc/arm-none-eabi/10.3.1/thumb/v7e-m+fp/hard\libgcc.a
LOAD c:/st/stm32cubeide_1.3.0/stm32cubeide/plugins/com.st.stm32cube.ide.mcu.externaltools.gnu-tools-for-stm32.10.3-2021.10.win32_1.0.200.202301161003/tools/bin/../lib/gcc/arm-none-eabi/10.3.1/../../../../arm-none-eabi/lib/thumb/v7e-m+fp/hard\libc_nano.a
LOAD c:/st/stm32cubeide_1.3.0/stm32cubeide/plugins/com.st.stm32cube.ide.mcu.externaltools.gnu-tools-for-stm32.10.3-2021.10.win32_1.0.200.202301161003/tools/bin/../lib/gcc/arm-none-eabi/10.3.1/../../../../arm-none-eabi/lib/thumb/v7e-m+fp/hard\libnosys.a
END GROUP
START GROUP
LOAD c:/st/stm32cubeide_1.3.0/stm32cubeide/plugins/com.st.stm32cube.ide.mcu.externaltools.gnu-tools-for-stm32.10.3-2021.10.win32_1.0.200.202301161003/tools/bin/../lib/gcc/arm-none-eabi/10.3.1/thumb/v7e-m+fp/hard\libgcc.a
LOAD c:/st/stm32cubeide_1.3.0/stm32cubeide/plugins/com.st.stm32cube.ide.mcu.externaltools.gnu-tools-for-stm32.10.3-2021.10.win32_1.0.200.202301161003/tools/bin/../lib/gcc/arm-none-eabi/10.3.1/../../../../arm-none-eabi/lib/thumb/v7e-m+fp/hard\libc_nano.a
LOAD c:/st/stm32cubeide_1.3.0/stm32cubeide/plugins/com.st.stm32cube.ide.mcu.externaltools.gnu-tools-for-stm32.10.3-2021.10.win32_1.0.200.202301161003/tools/bin/../lib/gcc/arm-none-eabi/10.3.1/../../../../arm-none-eabi/lib/thumb/v7e-m+fp/hard\libnosys.a
END GROUP
LOAD c:/st/stm32cubeide_1.3.0/stm32cubeide/plugins/com.st.stm32cube.ide.mcu.externaltools.gnu-tools-for-stm32.10.3-2021.10.win32_1.0.200.202301161003/tools/bin/../lib/gcc/arm-none-eabi/10.3.1/thumb/v7e-m+fp/hard/crtend.o
LOAD c:/st/stm32cubeide_1.3.0/stm32cubeide/plugins/com.st.stm32cube.ide.mcu.externaltools.gnu-tools-for-stm32.10.3-2021.10.win32_1.0.200.202301161003/tools/bin/../lib/gcc/arm-none-eabi/10.3.1/thumb/v7e-m+fp/hard/crtn.o
                0x0000000020020000                _estack = (ORIGIN (RAM) + LENGTH (RAM))
                0x0000000000000200                _Min_Heap_Size = 0x200
                0x0000000000000400                _Min_Stack_Size = 0x400

.isr_vector     0x0000000008000000      0x198
                0x0000000008000000                . = ALIGN (0x4)
 *(.isr_vector)
 .isr_vector    0x0000000008000000      0x198 ./Core/Startup/startup_stm32f411vetx.o
                0x0000000008000000                g_pfnVectors
                0x0000000008000198                . = ALIGN (0x4)

.text           0x0000000008000198     0x7bbc
                0x0000000008000198                . = ALIGN (0x4)
 *(.text)
 .text          0x0000000008000198       0x40 c:/st/stm32cubeide_1.3.0/stm32cubeide/plugins/com.st.stm32cube.ide.mcu.externaltools.gnu-tools-for-stm32.10.3-2021.10.win32_1.0.200.202301161003/tools/bin/../lib/gcc/arm-none-eabi/10.3.1/thumb/v7e-m+fp/hard/crtbegin.o
 .text          0x00000000080001d8       0x30 c:/st/stm32cubeide_1.3.0/stm32cubeide/plugins/com.st.stm32cube.ide.mcu.externaltools.gnu-tools-for-stm32.10.3-2021.10.win32_1.0.200.202301161003/tools/bin/../lib/gcc/arm-none-eabi/10.3.1/thumb/v7e-m+fp/hard\libgcc.a(_aeabi_uldivmod.o)
                0x00000000080001d8                __aeabi_uldivmod
 .text          0x0000000008000208      0x2d0 c:/st/stm32cubeide_1.3.0/stm32cubeide/plugins/com.st.stm32cube.ide.mcu.externaltools.gnu-tools-for-stm32.10.3-2021.10.win32_1.0.200.202301161003/tools/bin/../lib/gcc/arm-none-eabi/10.3.1/thumb/v7e-m+fp/hard\libgcc.a(_udivmoddi4.o)
                0x0000000008000208                __udivmoddi4
 .text          0x00000000080004d8        0x4 c:/st/stm32cubeide_1.3.0/stm32cubeide/plugins/com.st.stm32cube.ide.mcu.externaltools.gnu-tools-for-stm32.10.3-2021.10.win32_1.0.200.202301161003/tools/bin/../lib/gcc/arm-none-eabi/10.3.1/thumb/v7e-m+fp/hard\libgcc.a(_dvmd_tls.o)
                0x00000000080004d8                __aeabi_idiv0
                0x00000000080004d8                __aeabi_ldiv0
 *(.text*)
 .text.tud_audio_read
                0x00000000080004dc       0x22 ./Core/Src/main.o
 .text.tud_audio_write
                0x00000000080004fe       0x22 ./Core/Src/main.o
 .text.tud_audio_clock_get_request
                0x0000000008000520      0x134 ./Core/Src/main.o
 .text.tud_audio_clock_set_request
                0x0000000008000654       0x74 ./Core/Src/main.o
 .text.tud_audio_feature_unit_get_request
                0x00000000080006c8       0xcc ./Core/Src/main.o
 .text.tud_audio_feature_unit_set_request
                0x0000000008000794       0xac ./Core/Src/main.o
 .text.tud_audio_get_req_entity_cb
                0x0000000008000840       0x46 ./Core/Src/main.o
                0x0000000008000840                tud_audio_get_req_entity_cb
 .text.tud_audio_set_req_entity_cb
                0x0000000008000886       0x4c ./Core/Src/main.o
                0x0000000008000886                tud_audio_set_req_entity_cb
 *fill*         0x00000000080008d2        0x2 
 .text.tud_audio_set_itf_close_EP_cb
                0x00000000080008d4       0x50 ./Core/Src/main.o
                0x00000000080008d4                tud_audio_set_itf_close_EP_cb
 .text.tud_audio_set_itf_cb
                0x0000000008000924       0x70 ./Core/Src/main.o
                0x0000000008000924                tud_audio_set_itf_cb
 .text.tud_audio_rx_done_pre_read_cb
                0x0000000008000994       0x44 ./Core/Src/main.o
                0x0000000008000994                tud_audio_rx_done_pre_read_cb
 .text.tud_audio_tx_done_pre_load_cb
                0x00000000080009d8       0x2a ./Core/Src/main.o
                0x00000000080009d8                tud_audio_tx_done_pre_load_cb
 *fill*         0x0000000008000a02        0x2 
 .text.tud_audio_tx_done_post_load_cb
                0x0000000008000a04       0xa4 ./Core/Src/main.o
                0x0000000008000a04                tud_audio_tx_done_post_load_cb
 .text.tud_cdc_line_state_cb
                0x0000000008000aa8       0x1e ./Core/Src/main.o
                0x0000000008000aa8                tud_cdc_line_state_cb
 .text.tud_cdc_rx_cb
                0x0000000008000ac6       0x16 ./Core/Src/main.o
                0x0000000008000ac6                tud_cdc_rx_cb
 .text.DWT_Delay_Init
                0x0000000008000adc       0x60 ./Core/Src/main.o
                0x0000000008000adc                DWT_Delay_Init
 .text.StartStopwatch_us
                0x0000000008000b3c       0x20 ./Core/Src/main.o
 .text.StopStopwatch_us
                0x0000000008000b5c       0x3c ./Core/Src/main.o
 .text.HAL_TIM_PeriodElapsedCallback
                0x0000000008000b98       0x14 ./Core/Src/main.o
                0x0000000008000b98                HAL_TIM_PeriodElapsedCallback
 .text.main     0x0000000008000bac       0xb8 ./Core/Src/main.o
                0x0000000008000bac                main
 .text.SystemClock_Config
                0x0000000008000c64       0xd0 ./Core/Src/main.o
                0x0000000008000c64                SystemClock_Config
 .text.MX_NVIC_Init
                0x0000000008000d34       0x28 ./Core/Src/main.o
 .text.MX_USB_OTG_FS_PCD_Init
                0x0000000008000d5c       0x5c ./Core/Src/main.o
 .text.MX_GPIO_Init
                0x0000000008000db8       0x50 ./Core/Src/main.o
 .text.Error_Handler
                0x0000000008000e08        0xa ./Core/Src/main.o
                0x0000000008000e08                Error_Handler
 *fill*         0x0000000008000e12        0x2 
 .text.HAL_MspInit
                0x0000000008000e14       0x50 ./Core/Src/stm32f4xx_hal_msp.o
                0x0000000008000e14                HAL_MspInit
 .text.HAL_PCD_MspInit
                0x0000000008000e64       0x98 ./Core/Src/stm32f4xx_hal_msp.o
                0x0000000008000e64                HAL_PCD_MspInit
 .text.NMI_Handler
                0x0000000008000efc        0x6 ./Core/Src/stm32f4xx_it.o
                0x0000000008000efc                NMI_Handler
 .text.HardFault_Handler
                0x0000000008000f02        0x6 ./Core/Src/stm32f4xx_it.o
                0x0000000008000f02                HardFault_Handler
 .text.MemManage_Handler
                0x0000000008000f08        0x6 ./Core/Src/stm32f4xx_it.o
                0x0000000008000f08                MemManage_Handler
 .text.BusFault_Handler
                0x0000000008000f0e        0x6 ./Core/Src/stm32f4xx_it.o
                0x0000000008000f0e                BusFault_Handler
 .text.UsageFault_Handler
                0x0000000008000f14        0x6 ./Core/Src/stm32f4xx_it.o
                0x0000000008000f14                UsageFault_Handler
 .text.SVC_Handler
                0x0000000008000f1a        0xe ./Core/Src/stm32f4xx_it.o
                0x0000000008000f1a                SVC_Handler
 .text.DebugMon_Handler
                0x0000000008000f28        0xe ./Core/Src/stm32f4xx_it.o
                0x0000000008000f28                DebugMon_Handler
 .text.PendSV_Handler
                0x0000000008000f36        0xe ./Core/Src/stm32f4xx_it.o
                0x0000000008000f36                PendSV_Handler
 .text.SysTick_Handler
                0x0000000008000f44        0xc ./Core/Src/stm32f4xx_it.o
                0x0000000008000f44                SysTick_Handler
 .text.TIM5_IRQHandler
                0x0000000008000f50       0x14 ./Core/Src/stm32f4xx_it.o
                0x0000000008000f50                TIM5_IRQHandler
 .text.OTG_FS_IRQHandler
                0x0000000008000f64        0xe ./Core/Src/stm32f4xx_it.o
                0x0000000008000f64                OTG_FS_IRQHandler
 *fill*         0x0000000008000f72        0x2 
 .text.SystemInit
                0x0000000008000f74       0x2c ./Core/Src/system_stm32f4xx.o
                0x0000000008000f74                SystemInit
 .text.Reset_Handler
                0x0000000008000fa0       0x50 ./Core/Startup/startup_stm32f411vetx.o
                0x0000000008000fa0                Reset_Handler
 .text.Default_Handler
                0x0000000008000ff0        0x2 ./Core/Startup/startup_stm32f411vetx.o
                0x0000000008000ff0                RTC_Alarm_IRQHandler
                0x0000000008000ff0                EXTI2_IRQHandler
                0x0000000008000ff0                SPI4_IRQHandler
                0x0000000008000ff0                TIM1_CC_IRQHandler
                0x0000000008000ff0                DMA2_Stream5_IRQHandler
                0x0000000008000ff0                DMA1_Stream5_IRQHandler
                0x0000000008000ff0                PVD_IRQHandler
                0x0000000008000ff0                SDIO_IRQHandler
                0x0000000008000ff0                TAMP_STAMP_IRQHandler
                0x0000000008000ff0                EXTI3_IRQHandler
                0x0000000008000ff0                TIM1_UP_TIM10_IRQHandler
                0x0000000008000ff0                I2C3_ER_IRQHandler
                0x0000000008000ff0                EXTI0_IRQHandler
                0x0000000008000ff0                I2C2_EV_IRQHandler
                0x0000000008000ff0                DMA1_Stream2_IRQHandler
                0x0000000008000ff0                FPU_IRQHandler
                0x0000000008000ff0                DMA2_Stream2_IRQHandler
                0x0000000008000ff0                SPI1_IRQHandler
                0x0000000008000ff0                TIM1_BRK_TIM9_IRQHandler
                0x0000000008000ff0                DMA2_Stream3_IRQHandler
                0x0000000008000ff0                USART6_IRQHandler
                0x0000000008000ff0                DMA2_Stream0_IRQHandler
                0x0000000008000ff0                TIM4_IRQHandler
                0x0000000008000ff0                I2C1_EV_IRQHandler
                0x0000000008000ff0                DMA1_Stream6_IRQHandler
                0x0000000008000ff0                DMA1_Stream1_IRQHandler
                0x0000000008000ff0                TIM3_IRQHandler
                0x0000000008000ff0                RCC_IRQHandler
                0x0000000008000ff0                Default_Handler
                0x0000000008000ff0                EXTI15_10_IRQHandler
                0x0000000008000ff0                ADC_IRQHandler
                0x0000000008000ff0                DMA1_Stream7_IRQHandler
                0x0000000008000ff0                SPI5_IRQHandler
                0x0000000008000ff0                DMA2_Stream7_IRQHandler
                0x0000000008000ff0                I2C3_EV_IRQHandler
                0x0000000008000ff0                EXTI9_5_IRQHandler
                0x0000000008000ff0                RTC_WKUP_IRQHandler
                0x0000000008000ff0                SPI2_IRQHandler
                0x0000000008000ff0                DMA1_Stream0_IRQHandler
                0x0000000008000ff0                EXTI4_IRQHandler
                0x0000000008000ff0                WWDG_IRQHandler
                0x0000000008000ff0                TIM2_IRQHandler
                0x0000000008000ff0                OTG_FS_WKUP_IRQHandler
                0x0000000008000ff0                TIM1_TRG_COM_TIM11_IRQHandler
                0x0000000008000ff0                EXTI1_IRQHandler
                0x0000000008000ff0                USART2_IRQHandler
                0x0000000008000ff0                I2C2_ER_IRQHandler
                0x0000000008000ff0                DMA2_Stream1_IRQHandler
                0x0000000008000ff0                FLASH_IRQHandler
                0x0000000008000ff0                DMA2_Stream4_IRQHandler
                0x0000000008000ff0                USART1_IRQHandler
                0x0000000008000ff0                SPI3_IRQHandler
                0x0000000008000ff0                DMA1_Stream4_IRQHandler
                0x0000000008000ff0                I2C1_ER_IRQHandler
                0x0000000008000ff0                DMA2_Stream6_IRQHandler
                0x0000000008000ff0                DMA1_Stream3_IRQHandler
 *fill*         0x0000000008000ff2        0x2 
 .text.HAL_Init
                0x0000000008000ff4       0x44 ./Drivers/STM32F4xx_HAL_Driver/Src/stm32f4xx_hal.o
                0x0000000008000ff4                HAL_Init
 .text.HAL_InitTick
                0x0000000008001038       0x60 ./Drivers/STM32F4xx_HAL_Driver/Src/stm32f4xx_hal.o
                0x0000000008001038                HAL_InitTick
 .text.HAL_IncTick
                0x0000000008001098       0x28 ./Drivers/STM32F4xx_HAL_Driver/Src/stm32f4xx_hal.o
                0x0000000008001098                HAL_IncTick
 .text.HAL_GetTick
                0x00000000080010c0       0x18 ./Drivers/STM32F4xx_HAL_Driver/Src/stm32f4xx_hal.o
                0x00000000080010c0                HAL_GetTick
 .text.HAL_Delay
                0x00000000080010d8       0x48 ./Drivers/STM32F4xx_HAL_Driver/Src/stm32f4xx_hal.o
                0x00000000080010d8                HAL_Delay
 .text.__NVIC_SetPriorityGrouping
                0x0000000008001120       0x48 ./Drivers/STM32F4xx_HAL_Driver/Src/stm32f4xx_hal_cortex.o
 .text.__NVIC_GetPriorityGrouping
                0x0000000008001168       0x1c ./Drivers/STM32F4xx_HAL_Driver/Src/stm32f4xx_hal_cortex.o
 .text.__NVIC_EnableIRQ
                0x0000000008001184       0x3c ./Drivers/STM32F4xx_HAL_Driver/Src/stm32f4xx_hal_cortex.o
 .text.__NVIC_SetPriority
                0x00000000080011c0       0x54 ./Drivers/STM32F4xx_HAL_Driver/Src/stm32f4xx_hal_cortex.o
 .text.NVIC_EncodePriority
                0x0000000008001214       0x66 ./Drivers/STM32F4xx_HAL_Driver/Src/stm32f4xx_hal_cortex.o
 *fill*         0x000000000800127a        0x2 
 .text.SysTick_Config
                0x000000000800127c       0x44 ./Drivers/STM32F4xx_HAL_Driver/Src/stm32f4xx_hal_cortex.o
 .text.HAL_NVIC_SetPriorityGrouping
                0x00000000080012c0       0x16 ./Drivers/STM32F4xx_HAL_Driver/Src/stm32f4xx_hal_cortex.o
                0x00000000080012c0                HAL_NVIC_SetPriorityGrouping
 .text.HAL_NVIC_SetPriority
                0x00000000080012d6       0x38 ./Drivers/STM32F4xx_HAL_Driver/Src/stm32f4xx_hal_cortex.o
                0x00000000080012d6                HAL_NVIC_SetPriority
 .text.HAL_NVIC_EnableIRQ
                0x000000000800130e       0x1c ./Drivers/STM32F4xx_HAL_Driver/Src/stm32f4xx_hal_cortex.o
                0x000000000800130e                HAL_NVIC_EnableIRQ
 .text.HAL_SYSTICK_Config
                0x000000000800132a       0x18 ./Drivers/STM32F4xx_HAL_Driver/Src/stm32f4xx_hal_cortex.o
                0x000000000800132a                HAL_SYSTICK_Config
 *fill*         0x0000000008001342        0x2 
 .text.HAL_GPIO_Init
                0x0000000008001344      0x308 ./Drivers/STM32F4xx_HAL_Driver/Src/stm32f4xx_hal_gpio.o
                0x0000000008001344                HAL_GPIO_Init
 .text.HAL_GPIO_WritePin
                0x000000000800164c       0x32 ./Drivers/STM32F4xx_HAL_Driver/Src/stm32f4xx_hal_gpio.o
                0x000000000800164c                HAL_GPIO_WritePin
 .text.HAL_PCD_Init
                0x000000000800167e      0x23a ./Drivers/STM32F4xx_HAL_Driver/Src/stm32f4xx_hal_pcd.o
                0x000000000800167e                HAL_PCD_Init
 .text.HAL_RCC_OscConfig
                0x00000000080018b8      0x4f0 ./Drivers/STM32F4xx_HAL_Driver/Src/stm32f4xx_hal_rcc.o
                0x00000000080018b8                HAL_RCC_OscConfig
 .text.HAL_RCC_ClockConfig
                0x0000000008001da8      0x1cc ./Drivers/STM32F4xx_HAL_Driver/Src/stm32f4xx_hal_rcc.o
                0x0000000008001da8                HAL_RCC_ClockConfig
 .text.HAL_RCC_GetSysClockFreq
                0x0000000008001f74      0x20c ./Drivers/STM32F4xx_HAL_Driver/Src/stm32f4xx_hal_rcc.o
                0x0000000008001f74                HAL_RCC_GetSysClockFreq
 .text.HAL_TIM_Base_Start_IT
                0x0000000008002180       0xc4 ./Drivers/STM32F4xx_HAL_Driver/Src/stm32f4xx_hal_tim.o
                0x0000000008002180                HAL_TIM_Base_Start_IT
 .text.HAL_TIM_IRQHandler
                0x0000000008002244      0x210 ./Drivers/STM32F4xx_HAL_Driver/Src/stm32f4xx_hal_tim.o
                0x0000000008002244                HAL_TIM_IRQHandler
 .text.HAL_TIM_OC_DelayElapsedCallback
                0x0000000008002454       0x14 ./Drivers/STM32F4xx_HAL_Driver/Src/stm32f4xx_hal_tim.o
                0x0000000008002454                HAL_TIM_OC_DelayElapsedCallback
 .text.HAL_TIM_IC_CaptureCallback
                0x0000000008002468       0x14 ./Drivers/STM32F4xx_HAL_Driver/Src/stm32f4xx_hal_tim.o
                0x0000000008002468                HAL_TIM_IC_CaptureCallback
 .text.HAL_TIM_PWM_PulseFinishedCallback
                0x000000000800247c       0x14 ./Drivers/STM32F4xx_HAL_Driver/Src/stm32f4xx_hal_tim.o
                0x000000000800247c                HAL_TIM_PWM_PulseFinishedCallback
 .text.HAL_TIM_TriggerCallback
                0x0000000008002490       0x14 ./Drivers/STM32F4xx_HAL_Driver/Src/stm32f4xx_hal_tim.o
                0x0000000008002490                HAL_TIM_TriggerCallback
 .text.HAL_TIMEx_CommutCallback
                0x00000000080024a4       0x14 ./Drivers/STM32F4xx_HAL_Driver/Src/stm32f4xx_hal_tim_ex.o
                0x00000000080024a4                HAL_TIMEx_CommutCallback
 .text.HAL_TIMEx_BreakCallback
                0x00000000080024b8       0x14 ./Drivers/STM32F4xx_HAL_Driver/Src/stm32f4xx_hal_tim_ex.o
                0x00000000080024b8                HAL_TIMEx_BreakCallback
 .text.USB_CoreInit
                0x00000000080024cc       0xc2 ./Drivers/STM32F4xx_HAL_Driver/Src/stm32f4xx_ll_usb.o
                0x00000000080024cc                USB_CoreInit
 .text.USB_DisableGlobalInt
                0x000000000800258e       0x22 ./Drivers/STM32F4xx_HAL_Driver/Src/stm32f4xx_ll_usb.o
                0x000000000800258e                USB_DisableGlobalInt
 .text.USB_SetCurrentMode
                0x00000000080025b0       0x98 ./Drivers/STM32F4xx_HAL_Driver/Src/stm32f4xx_ll_usb.o
                0x00000000080025b0                USB_SetCurrentMode
 .text.USB_DevInit
                0x0000000008002648      0x2c8 ./Drivers/STM32F4xx_HAL_Driver/Src/stm32f4xx_ll_usb.o
                0x0000000008002648                USB_DevInit
 .text.USB_FlushTxFifo
                0x0000000008002910       0x68 ./Drivers/STM32F4xx_HAL_Driver/Src/stm32f4xx_ll_usb.o
                0x0000000008002910                USB_FlushTxFifo
 .text.USB_FlushRxFifo
                0x0000000008002978       0x60 ./Drivers/STM32F4xx_HAL_Driver/Src/stm32f4xx_ll_usb.o
                0x0000000008002978                USB_FlushRxFifo
 .text.USB_SetDevSpeed
                0x00000000080029d8       0x32 ./Drivers/STM32F4xx_HAL_Driver/Src/stm32f4xx_ll_usb.o
                0x00000000080029d8                USB_SetDevSpeed
 .text.USB_DevDisconnect
                0x0000000008002a0a       0x42 ./Drivers/STM32F4xx_HAL_Driver/Src/stm32f4xx_ll_usb.o
                0x0000000008002a0a                USB_DevDisconnect
 .text.USB_GetMode
                0x0000000008002a4c       0x1c ./Drivers/STM32F4xx_HAL_Driver/Src/stm32f4xx_ll_usb.o
                0x0000000008002a4c                USB_GetMode
 .text.USB_CoreReset
                0x0000000008002a68       0x68 ./Drivers/STM32F4xx_HAL_Driver/Src/stm32f4xx_ll_usb.o
 .text.tud_audio_n_read
                0x0000000008002ad0       0x58 ./tinyusb-master/src/class/audio/audio_device.o
                0x0000000008002ad0                tud_audio_n_read
 .text.audiod_rx_done_cb
                0x0000000008002b28       0xec ./tinyusb-master/src/class/audio/audio_device.o
 .text.tud_audio_n_write
                0x0000000008002c14       0x5c ./tinyusb-master/src/class/audio/audio_device.o
                0x0000000008002c14                tud_audio_n_write
 .text.audiod_tx_done_cb
                0x0000000008002c70      0x100 ./tinyusb-master/src/class/audio/audio_device.o
 .text.audiod_init
                0x0000000008002d70       0xb0 ./tinyusb-master/src/class/audio/audio_device.o
                0x0000000008002d70                audiod_init
 .text.audiod_reset
                0x0000000008002e20       0x58 ./tinyusb-master/src/class/audio/audio_device.o
                0x0000000008002e20                audiod_reset
 .text.audiod_open
                0x0000000008002e78      0x104 ./tinyusb-master/src/class/audio/audio_device.o
                0x0000000008002e78                audiod_open
 .text.audiod_get_interface
                0x0000000008002f7c       0x7c ./tinyusb-master/src/class/audio/audio_device.o
 .text.audiod_set_interface
                0x0000000008002ff8      0x32c ./tinyusb-master/src/class/audio/audio_device.o
 .text.audiod_control_complete
                0x0000000008003324      0x174 ./tinyusb-master/src/class/audio/audio_device.o
 .text.audiod_control_request
                0x0000000008003498      0x200 ./tinyusb-master/src/class/audio/audio_device.o
 .text.audiod_control_xfer_cb
                0x0000000008003698       0x42 ./tinyusb-master/src/class/audio/audio_device.o
                0x0000000008003698                audiod_control_xfer_cb
 *fill*         0x00000000080036da        0x2 
 .text.audiod_xfer_cb
                0x00000000080036dc       0xa0 ./tinyusb-master/src/class/audio/audio_device.o
                0x00000000080036dc                audiod_xfer_cb
 .text.audiod_sof_isr
                0x000000000800377c       0x18 ./tinyusb-master/src/class/audio/audio_device.o
                0x000000000800377c                audiod_sof_isr
 .text.tud_audio_buffer_and_schedule_control_xfer
                0x0000000008003794      0x19c ./tinyusb-master/src/class/audio/audio_device.o
                0x0000000008003794                tud_audio_buffer_and_schedule_control_xfer
 .text.audiod_get_AS_interface_index
                0x0000000008003930       0xb8 ./tinyusb-master/src/class/audio/audio_device.o
 .text.audiod_get_AS_interface_index_global
                0x00000000080039e8       0x58 ./tinyusb-master/src/class/audio/audio_device.o
 .text.audiod_verify_entity_exists
                0x0000000008003a40       0xf0 ./tinyusb-master/src/class/audio/audio_device.o
 .text.audiod_verify_itf_exists
                0x0000000008003b30       0xd4 ./tinyusb-master/src/class/audio/audio_device.o
 .text.audiod_verify_ep_exists
                0x0000000008003c04       0xf4 ./tinyusb-master/src/class/audio/audio_device.o
 .text.audiod_get_audio_fct_idx
                0x0000000008003cf8       0x44 ./tinyusb-master/src/class/audio/audio_device.o
 .text._prep_out_transaction
                0x0000000008003d3c       0x84 ./tinyusb-master/src/class/cdc/cdc_device.o
 .text.tud_cdc_n_write_flush
                0x0000000008003dc0       0xf8 ./tinyusb-master/src/class/cdc/cdc_device.o
                0x0000000008003dc0                tud_cdc_n_write_flush
 .text.cdcd_init
                0x0000000008003eb8       0x94 ./tinyusb-master/src/class/cdc/cdc_device.o
                0x0000000008003eb8                cdcd_init
 .text.cdcd_reset
                0x0000000008003f4c       0x64 ./tinyusb-master/src/class/cdc/cdc_device.o
                0x0000000008003f4c                cdcd_reset
 .text.cdcd_open
                0x0000000008003fb0      0x1f8 ./tinyusb-master/src/class/cdc/cdc_device.o
                0x0000000008003fb0                cdcd_open
 .text.cdcd_control_xfer_cb
                0x00000000080041a8      0x1dc ./tinyusb-master/src/class/cdc/cdc_device.o
                0x00000000080041a8                cdcd_control_xfer_cb
 .text.cdcd_xfer_cb
                0x0000000008004384      0x18c ./tinyusb-master/src/class/cdc/cdc_device.o
                0x0000000008004384                cdcd_xfer_cb
 .text.tu_fifo_config
                0x0000000008004510       0x66 ./tinyusb-master/src/common/tusb_fifo.o
                0x0000000008004510                tu_fifo_config
 .text._ff_push_const_addr
                0x0000000008004576       0x68 ./tinyusb-master/src/common/tusb_fifo.o
 .text._ff_pull_const_addr
                0x00000000080045de       0x66 ./tinyusb-master/src/common/tusb_fifo.o
 .text._ff_push
                0x0000000008004644       0x3e ./tinyusb-master/src/common/tusb_fifo.o
 .text._ff_push_n
                0x0000000008004682      0x1bc ./tinyusb-master/src/common/tusb_fifo.o
 .text._ff_pull_n
                0x000000000800483e      0x1c0 ./tinyusb-master/src/common/tusb_fifo.o
 .text.advance_index
                0x00000000080049fe       0x4c ./tinyusb-master/src/common/tusb_fifo.o
 .text._tu_fifo_peek_n
                0x0000000008004a4a       0xe0 ./tinyusb-master/src/common/tusb_fifo.o
 .text._tu_fifo_write_n
                0x0000000008004b2a      0x1a2 ./tinyusb-master/src/common/tusb_fifo.o
 .text._tu_fifo_read_n
                0x0000000008004ccc       0x5e ./tinyusb-master/src/common/tusb_fifo.o
 .text.tu_fifo_count
                0x0000000008004d2a       0x64 ./tinyusb-master/src/common/tusb_fifo.o
                0x0000000008004d2a                tu_fifo_count
 .text.tu_fifo_empty
                0x0000000008004d8e       0x2a ./tinyusb-master/src/common/tusb_fifo.o
                0x0000000008004d8e                tu_fifo_empty
 .text.tu_fifo_full
                0x0000000008004db8       0x5c ./tinyusb-master/src/common/tusb_fifo.o
                0x0000000008004db8                tu_fifo_full
 .text.tu_fifo_remaining
                0x0000000008004e14       0x70 ./tinyusb-master/src/common/tusb_fifo.o
                0x0000000008004e14                tu_fifo_remaining
 .text.tu_fifo_read_n
                0x0000000008004e84       0x24 ./tinyusb-master/src/common/tusb_fifo.o
                0x0000000008004e84                tu_fifo_read_n
 .text.tu_fifo_read_n_const_addr_full_words
                0x0000000008004ea8       0x24 ./tinyusb-master/src/common/tusb_fifo.o
                0x0000000008004ea8                tu_fifo_read_n_const_addr_full_words
 .text.tu_fifo_write
                0x0000000008004ecc       0x86 ./tinyusb-master/src/common/tusb_fifo.o
                0x0000000008004ecc                tu_fifo_write
 .text.tu_fifo_write_n
                0x0000000008004f52       0x24 ./tinyusb-master/src/common/tusb_fifo.o
                0x0000000008004f52                tu_fifo_write_n
 .text.tu_fifo_write_n_const_addr_full_words
                0x0000000008004f76       0x24 ./tinyusb-master/src/common/tusb_fifo.o
                0x0000000008004f76                tu_fifo_write_n_const_addr_full_words
 .text.tu_fifo_clear
                0x0000000008004f9a       0x22 ./tinyusb-master/src/common/tusb_fifo.o
                0x0000000008004f9a                tu_fifo_clear
 .text.tu_fifo_set_overwritable
                0x0000000008004fbc       0x26 ./tinyusb-master/src/common/tusb_fifo.o
                0x0000000008004fbc                tu_fifo_set_overwritable
 *fill*         0x0000000008004fe2        0x2 
 .text.get_driver
                0x0000000008004fe4       0x6c ./tinyusb-master/src/device/usbd.o
 .text.tud_mounted
                0x0000000008005050       0x24 ./tinyusb-master/src/device/usbd.o
                0x0000000008005050                tud_mounted
 .text.tud_suspended
                0x0000000008005074       0x28 ./tinyusb-master/src/device/usbd.o
                0x0000000008005074                tud_suspended
 .text.dcd_event_handler
                0x000000000800509c      0x3ec ./tinyusb-master/src/device/usbd.o
                0x000000000800509c                dcd_event_handler
 .text.usbd_open_edpt_pair
                0x0000000008005488       0xd0 ./tinyusb-master/src/device/usbd.o
                0x0000000008005488                usbd_open_edpt_pair
 .text.usbd_edpt_open
                0x0000000008005558       0x88 ./tinyusb-master/src/device/usbd.o
                0x0000000008005558                usbd_edpt_open
 .text.usbd_edpt_claim
                0x00000000080055e0       0x54 ./tinyusb-master/src/device/usbd.o
                0x00000000080055e0                usbd_edpt_claim
 .text.usbd_edpt_release
                0x0000000008005634       0x54 ./tinyusb-master/src/device/usbd.o
                0x0000000008005634                usbd_edpt_release
 .text.usbd_edpt_xfer
                0x0000000008005688       0xec ./tinyusb-master/src/device/usbd.o
                0x0000000008005688                usbd_edpt_xfer
 .text.usbd_edpt_xfer_fifo
                0x0000000008005774       0xec ./tinyusb-master/src/device/usbd.o
                0x0000000008005774                usbd_edpt_xfer_fifo
 .text.usbd_edpt_clear_stall
                0x0000000008005860       0x98 ./tinyusb-master/src/device/usbd.o
                0x0000000008005860                usbd_edpt_clear_stall
 .text.usbd_edpt_close
                0x00000000080058f8       0xb8 ./tinyusb-master/src/device/usbd.o
                0x00000000080058f8                usbd_edpt_close
 .text._status_stage_xact
                0x00000000080059b0       0x38 ./tinyusb-master/src/device/usbd_control.o
 .text.tud_control_status
                0x00000000080059e8       0x40 ./tinyusb-master/src/device/usbd_control.o
                0x00000000080059e8                tud_control_status
 .text._data_stage_xact
                0x0000000008005a28       0xa4 ./tinyusb-master/src/device/usbd_control.o
 .text.tud_control_xfer
                0x0000000008005acc       0xe0 ./tinyusb-master/src/device/usbd_control.o
                0x0000000008005acc                tud_control_xfer
 .text.calc_rx_ff_size
                0x0000000008005bac       0x24 ./tinyusb-master/src/portable/st/synopsys/dcd_synopsys.o
 .text.update_grxfsiz
                0x0000000008005bd0       0x64 ./tinyusb-master/src/portable/st/synopsys/dcd_synopsys.o
 .text.bus_reset
                0x0000000008005c34       0xec ./tinyusb-master/src/portable/st/synopsys/dcd_synopsys.o
 .text.set_turnaround
                0x0000000008005d20      0x104 ./tinyusb-master/src/portable/st/synopsys/dcd_synopsys.o
 .text.get_speed
                0x0000000008005e24       0x38 ./tinyusb-master/src/portable/st/synopsys/dcd_synopsys.o
 .text.edpt_schedule_packets
                0x0000000008005e5c      0x1e4 ./tinyusb-master/src/portable/st/synopsys/dcd_synopsys.o
 .text.dcd_edpt_open
                0x0000000008006040      0x230 ./tinyusb-master/src/portable/st/synopsys/dcd_synopsys.o
                0x0000000008006040                dcd_edpt_open
 .text.dcd_edpt_xfer
                0x0000000008006270       0xd0 ./tinyusb-master/src/portable/st/synopsys/dcd_synopsys.o
                0x0000000008006270                dcd_edpt_xfer
 .text.dcd_edpt_xfer_fifo
                0x0000000008006340       0xcc ./tinyusb-master/src/portable/st/synopsys/dcd_synopsys.o
                0x0000000008006340                dcd_edpt_xfer_fifo
 .text.dcd_edpt_disable
                0x000000000800640c      0x1dc ./tinyusb-master/src/portable/st/synopsys/dcd_synopsys.o
 .text.dcd_edpt_close
                0x00000000080065e8       0xcc ./tinyusb-master/src/portable/st/synopsys/dcd_synopsys.o
                0x00000000080065e8                dcd_edpt_close
 .text.dcd_edpt_clear_stall
                0x00000000080066b4       0xb0 ./tinyusb-master/src/portable/st/synopsys/dcd_synopsys.o
                0x00000000080066b4                dcd_edpt_clear_stall
 .text.read_fifo_packet
                0x0000000008006764       0xb8 ./tinyusb-master/src/portable/st/synopsys/dcd_synopsys.o
 .text.write_fifo_packet
                0x000000000800681c       0xc8 ./tinyusb-master/src/portable/st/synopsys/dcd_synopsys.o
 .text.handle_rxflvl_ints
                0x00000000080068e4      0x14c ./tinyusb-master/src/portable/st/synopsys/dcd_synopsys.o
 .text.handle_epout_ints
                0x0000000008006a30      0x174 ./tinyusb-master/src/portable/st/synopsys/dcd_synopsys.o
 .text.handle_epin_ints
                0x0000000008006ba4      0x210 ./tinyusb-master/src/portable/st/synopsys/dcd_synopsys.o
 .text.dcd_int_handler
                0x0000000008006db4      0x29c ./tinyusb-master/src/portable/st/synopsys/dcd_synopsys.o
                0x0000000008006db4                dcd_int_handler
 .text.tu_edpt_claim
                0x0000000008007050       0x74 ./tinyusb-master/src/tusb.o
                0x0000000008007050                tu_edpt_claim
 .text.tu_edpt_release
                0x00000000080070c4       0x54 ./tinyusb-master/src/tusb.o
                0x00000000080070c4                tu_edpt_release
 .text.tu_edpt_validate
                0x0000000008007118       0xf8 ./tinyusb-master/src/tusb.o
                0x0000000008007118                tu_edpt_validate
 .text.__libc_init_array
                0x0000000008007210       0x48 c:/st/stm32cubeide_1.3.0/stm32cubeide/plugins/com.st.stm32cube.ide.mcu.externaltools.gnu-tools-for-stm32.10.3-2021.10.win32_1.0.200.202301161003/tools/bin/../lib/gcc/arm-none-eabi/10.3.1/../../../../arm-none-eabi/lib/thumb/v7e-m+fp/hard\libc_nano.a(lib_a-init.o)
                0x0000000008007210                __libc_init_array
 .text.memcpy   0x0000000008007258       0x1c c:/st/stm32cubeide_1.3.0/stm32cubeide/plugins/com.st.stm32cube.ide.mcu.externaltools.gnu-tools-for-stm32.10.3-2021.10.win32_1.0.200.202301161003/tools/bin/../lib/gcc/arm-none-eabi/10.3.1/../../../../arm-none-eabi/lib/thumb/v7e-m+fp/hard\libc_nano.a(lib_a-memcpy-stub.o)
                0x0000000008007258                memcpy
 .text.memset   0x0000000008007274       0x10 c:/st/stm32cubeide_1.3.0/stm32cubeide/plugins/com.st.stm32cube.ide.mcu.externaltools.gnu-tools-for-stm32.10.3-2021.10.win32_1.0.200.202301161003/tools/bin/../lib/gcc/arm-none-eabi/10.3.1/../../../../arm-none-eabi/lib/thumb/v7e-m+fp/hard\libc_nano.a(lib_a-memset.o)
                0x0000000008007274                memset
 .text.sinf     0x0000000008007284       0x8c c:/st/stm32cubeide_1.3.0/stm32cubeide/plugins/com.st.stm32cube.ide.mcu.externaltools.gnu-tools-for-stm32.10.3-2021.10.win32_1.0.200.202301161003/tools/bin/../lib/gcc/arm-none-eabi/10.3.1/../../../../arm-none-eabi/lib/thumb/v7e-m+fp/hard\libm.a(lib_a-sf_sin.o)
                0x0000000008007284                sinf
 .text.__ieee754_rem_pio2f
                0x0000000008007310      0x278 c:/st/stm32cubeide_1.3.0/stm32cubeide/plugins/com.st.stm32cube.ide.mcu.externaltools.gnu-tools-for-stm32.10.3-2021.10.win32_1.0.200.202301161003/tools/bin/../lib/gcc/arm-none-eabi/10.3.1/../../../../arm-none-eabi/lib/thumb/v7e-m+fp/hard\libm.a(lib_a-ef_rem_pio2.o)
                0x0000000008007310                __ieee754_rem_pio2f
 .text.__kernel_cosf
                0x0000000008007588       0xc0 c:/st/stm32cubeide_1.3.0/stm32cubeide/plugins/com.st.stm32cube.ide.mcu.externaltools.gnu-tools-for-stm32.10.3-2021.10.win32_1.0.200.202301161003/tools/bin/../lib/gcc/arm-none-eabi/10.3.1/../../../../arm-none-eabi/lib/thumb/v7e-m+fp/hard\libm.a(lib_a-kf_cos.o)
                0x0000000008007588                __kernel_cosf
 .text.__kernel_rem_pio2f
                0x0000000008007648      0x4ec c:/st/stm32cubeide_1.3.0/stm32cubeide/plugins/com.st.stm32cube.ide.mcu.externaltools.gnu-tools-for-stm32.10.3-2021.10.win32_1.0.200.202301161003/tools/bin/../lib/gcc/arm-none-eabi/10.3.1/../../../../arm-none-eabi/lib/thumb/v7e-m+fp/hard\libm.a(lib_a-kf_rem_pio2.o)
                0x0000000008007648                __kernel_rem_pio2f
 .text.__kernel_sinf
                0x0000000008007b34       0x90 c:/st/stm32cubeide_1.3.0/stm32cubeide/plugins/com.st.stm32cube.ide.mcu.externaltools.gnu-tools-for-stm32.10.3-2021.10.win32_1.0.200.202301161003/tools/bin/../lib/gcc/arm-none-eabi/10.3.1/../../../../arm-none-eabi/lib/thumb/v7e-m+fp/hard\libm.a(lib_a-kf_sin.o)
                0x0000000008007b34                __kernel_sinf
 .text.fabsf    0x0000000008007bc4        0xe c:/st/stm32cubeide_1.3.0/stm32cubeide/plugins/com.st.stm32cube.ide.mcu.externaltools.gnu-tools-for-stm32.10.3-2021.10.win32_1.0.200.202301161003/tools/bin/../lib/gcc/arm-none-eabi/10.3.1/../../../../arm-none-eabi/lib/thumb/v7e-m+fp/hard\libm.a(lib_a-sf_fabs.o)
                0x0000000008007bc4                fabsf
 *fill*         0x0000000008007bd2        0x2 
 .text.floorf   0x0000000008007bd4       0x84 c:/st/stm32cubeide_1.3.0/stm32cubeide/plugins/com.st.stm32cube.ide.mcu.externaltools.gnu-tools-for-stm32.10.3-2021.10.win32_1.0.200.202301161003/tools/bin/../lib/gcc/arm-none-eabi/10.3.1/../../../../arm-none-eabi/lib/thumb/v7e-m+fp/hard\libm.a(lib_a-sf_floor.o)
                0x0000000008007bd4                floorf
 .text.scalbnf  0x0000000008007c58       0xe4 c:/st/stm32cubeide_1.3.0/stm32cubeide/plugins/com.st.stm32cube.ide.mcu.externaltools.gnu-tools-for-stm32.10.3-2021.10.win32_1.0.200.202301161003/tools/bin/../lib/gcc/arm-none-eabi/10.3.1/../../../../arm-none-eabi/lib/thumb/v7e-m+fp/hard\libm.a(lib_a-sf_scalbn.o)
                0x0000000008007c58                scalbnf
 *(.glue_7)
 .glue_7        0x0000000008007d3c        0x0 linker stubs
 *(.glue_7t)
 .glue_7t       0x0000000008007d3c        0x0 linker stubs
 *(.eh_frame)
 .eh_frame      0x0000000008007d3c        0x0 c:/st/stm32cubeide_1.3.0/stm32cubeide/plugins/com.st.stm32cube.ide.mcu.externaltools.gnu-tools-for-stm32.10.3-2021.10.win32_1.0.200.202301161003/tools/bin/../lib/gcc/arm-none-eabi/10.3.1/thumb/v7e-m+fp/hard/crtbegin.o
 *(.init)
 .init          0x0000000008007d3c        0x4 c:/st/stm32cubeide_1.3.0/stm32cubeide/plugins/com.st.stm32cube.ide.mcu.externaltools.gnu-tools-for-stm32.10.3-2021.10.win32_1.0.200.202301161003/tools/bin/../lib/gcc/arm-none-eabi/10.3.1/thumb/v7e-m+fp/hard/crti.o
                0x0000000008007d3c                _init
 .init          0x0000000008007d40        0x8 c:/st/stm32cubeide_1.3.0/stm32cubeide/plugins/com.st.stm32cube.ide.mcu.externaltools.gnu-tools-for-stm32.10.3-2021.10.win32_1.0.200.202301161003/tools/bin/../lib/gcc/arm-none-eabi/10.3.1/thumb/v7e-m+fp/hard/crtn.o
 *(.fini)
 .fini          0x0000000008007d48        0x4 c:/st/stm32cubeide_1.3.0/stm32cubeide/plugins/com.st.stm32cube.ide.mcu.externaltools.gnu-tools-for-stm32.10.3-2021.10.win32_1.0.200.202301161003/tools/bin/../lib/gcc/arm-none-eabi/10.3.1/thumb/v7e-m+fp/hard/crti.o
                0x0000000008007d48                _fini
 .fini          0x0000000008007d4c        0x8 c:/st/stm32cubeide_1.3.0/stm32cubeide/plugins/com.st.stm32cube.ide.mcu.externaltools.gnu-tools-for-stm32.10.3-2021.10.win32_1.0.200.202301161003/tools/bin/../lib/gcc/arm-none-eabi/10.3.1/thumb/v7e-m+fp/hard/crtn.o
                0x0000000008007d54                . = ALIGN (0x4)
                0x0000000008007d54                _etext = .

.vfp11_veneer   0x0000000008007d54        0x0
 .vfp11_veneer  0x0000000008007d54        0x0 linker stubs

.v4_bx          0x0000000008007d54        0x0
 .v4_bx         0x0000000008007d54        0x0 linker stubs

.iplt           0x0000000008007d54        0x0
 .iplt          0x0000000008007d54        0x0 c:/st/stm32cubeide_1.3.0/stm32cubeide/plugins/com.st.stm32cube.ide.mcu.externaltools.gnu-tools-for-stm32.10.3-2021.10.win32_1.0.200.202301161003/tools/bin/../lib/gcc/arm-none-eabi/10.3.1/thumb/v7e-m+fp/hard/crtbegin.o

.rodata         0x0000000008007d54      0x438
                0x0000000008007d54                . = ALIGN (0x4)
 *(.rodata)
 .rodata        0x0000000008007d54       0x13 ./Core/Src/main.o
 *(.rodata*)
 *fill*         0x0000000008007d67        0x1 
 .rodata.sample_rates
                0x0000000008007d68       0x10 ./Core/Src/main.o
                0x0000000008007d68                sample_rates
 .rodata.resolutions_per_format
                0x0000000008007d78        0x2 ./Core/Src/main.o
                0x0000000008007d78                resolutions_per_format
 *fill*         0x0000000008007d7a        0x2 
 .rodata.AHBPrescTable
                0x0000000008007d7c       0x10 ./Core/Src/system_stm32f4xx.o
                0x0000000008007d7c                AHBPrescTable
 .rodata._usbd_driver
                0x0000000008007d8c       0x30 ./tinyusb-master/src/device/usbd.o
 .rodata.npio2_hw
                0x0000000008007dbc       0x80 c:/st/stm32cubeide_1.3.0/stm32cubeide/plugins/com.st.stm32cube.ide.mcu.externaltools.gnu-tools-for-stm32.10.3-2021.10.win32_1.0.200.202301161003/tools/bin/../lib/gcc/arm-none-eabi/10.3.1/../../../../arm-none-eabi/lib/thumb/v7e-m+fp/hard\libm.a(lib_a-ef_rem_pio2.o)
 .rodata.two_over_pi
                0x0000000008007e3c      0x318 c:/st/stm32cubeide_1.3.0/stm32cubeide/plugins/com.st.stm32cube.ide.mcu.externaltools.gnu-tools-for-stm32.10.3-2021.10.win32_1.0.200.202301161003/tools/bin/../lib/gcc/arm-none-eabi/10.3.1/../../../../arm-none-eabi/lib/thumb/v7e-m+fp/hard\libm.a(lib_a-ef_rem_pio2.o)
 .rodata.PIo2   0x0000000008008154       0x2c c:/st/stm32cubeide_1.3.0/stm32cubeide/plugins/com.st.stm32cube.ide.mcu.externaltools.gnu-tools-for-stm32.10.3-2021.10.win32_1.0.200.202301161003/tools/bin/../lib/gcc/arm-none-eabi/10.3.1/../../../../arm-none-eabi/lib/thumb/v7e-m+fp/hard\libm.a(lib_a-kf_rem_pio2.o)
 .rodata.init_jk
                0x0000000008008180        0xc c:/st/stm32cubeide_1.3.0/stm32cubeide/plugins/com.st.stm32cube.ide.mcu.externaltools.gnu-tools-for-stm32.10.3-2021.10.win32_1.0.200.202301161003/tools/bin/../lib/gcc/arm-none-eabi/10.3.1/../../../../arm-none-eabi/lib/thumb/v7e-m+fp/hard\libm.a(lib_a-kf_rem_pio2.o)
                0x000000000800818c                . = ALIGN (0x4)

.ARM.extab      0x000000000800818c        0x0
                0x000000000800818c                . = ALIGN (0x4)
 *(.ARM.extab* .gnu.linkonce.armextab.*)
                0x000000000800818c                . = ALIGN (0x4)

.ARM            0x000000000800818c        0x8
                0x000000000800818c                . = ALIGN (0x4)
                0x000000000800818c                __exidx_start = .
 *(.ARM.exidx*)
 .ARM.exidx     0x000000000800818c        0x8 c:/st/stm32cubeide_1.3.0/stm32cubeide/plugins/com.st.stm32cube.ide.mcu.externaltools.gnu-tools-for-stm32.10.3-2021.10.win32_1.0.200.202301161003/tools/bin/../lib/gcc/arm-none-eabi/10.3.1/thumb/v7e-m+fp/hard\libgcc.a(_udivmoddi4.o)
                0x0000000008008194                __exidx_end = .
                0x0000000008008194                . = ALIGN (0x4)

.rel.dyn        0x0000000008008194        0x0
 .rel.iplt      0x0000000008008194        0x0 c:/st/stm32cubeide_1.3.0/stm32cubeide/plugins/com.st.stm32cube.ide.mcu.externaltools.gnu-tools-for-stm32.10.3-2021.10.win32_1.0.200.202301161003/tools/bin/../lib/gcc/arm-none-eabi/10.3.1/thumb/v7e-m+fp/hard/crtbegin.o

.preinit_array  0x0000000008008194        0x0
                0x0000000008008194                . = ALIGN (0x4)
                0x0000000008008194                PROVIDE (__preinit_array_start = .)
 *(.preinit_array*)
                0x0000000008008194                PROVIDE (__preinit_array_end = .)
                0x0000000008008194                . = ALIGN (0x4)

.init_array     0x0000000008008194        0x4
                0x0000000008008194                . = ALIGN (0x4)
                0x0000000008008194                PROVIDE (__init_array_start = .)
 *(SORT_BY_NAME(.init_array.*))
 *(.init_array*)
 .init_array    0x0000000008008194        0x4 c:/st/stm32cubeide_1.3.0/stm32cubeide/plugins/com.st.stm32cube.ide.mcu.externaltools.gnu-tools-for-stm32.10.3-2021.10.win32_1.0.200.202301161003/tools/bin/../lib/gcc/arm-none-eabi/10.3.1/thumb/v7e-m+fp/hard/crtbegin.o
                0x0000000008008198                PROVIDE (__init_array_end = .)
                0x0000000008008198                . = ALIGN (0x4)

.fini_array     0x0000000008008198        0x4
                0x0000000008008198                . = ALIGN (0x4)
                [!provide]                        PROVIDE (__fini_array_start = .)
 *(SORT_BY_NAME(.fini_array.*))
 *(.fini_array*)
 .fini_array    0x0000000008008198        0x4 c:/st/stm32cubeide_1.3.0/stm32cubeide/plugins/com.st.stm32cube.ide.mcu.externaltools.gnu-tools-for-stm32.10.3-2021.10.win32_1.0.200.202301161003/tools/bin/../lib/gcc/arm-none-eabi/10.3.1/thumb/v7e-m+fp/hard/crtbegin.o
                [!provide]                        PROVIDE (__fini_array_end = .)
                0x000000000800819c                . = ALIGN (0x4)
                0x000000000800819c                _sidata = LOADADDR (.data)

.data           0x0000000020000000       0x14 load address 0x000000000800819c
                0x0000000020000000                . = ALIGN (0x4)
                0x0000000020000000                _sdata = .
 *(.data)
 *(.data*)
 .data.current_sample_rate
                0x0000000020000000        0x4 ./Core/Src/main.o
                0x0000000020000000                current_sample_rate
 .data.blink_interval_ms
                0x0000000020000004        0x4 ./Core/Src/main.o
 .data.SystemCoreClock
                0x0000000020000008        0x4 ./Core/Src/system_stm32f4xx.o
                0x0000000020000008                SystemCoreClock
 .data.uwTickPrio
                0x000000002000000c        0x4 ./Drivers/STM32F4xx_HAL_Driver/Src/stm32f4xx_hal.o
                0x000000002000000c                uwTickPrio
 .data.uwTickFreq
                0x0000000020000010        0x1 ./Drivers/STM32F4xx_HAL_Driver/Src/stm32f4xx_hal.o
                0x0000000020000010                uwTickFreq
 .data._usbd_rhport
                0x0000000020000011        0x1 ./tinyusb-master/src/device/usbd.o
 *(.RamFunc)
 *(.RamFunc*)
                0x0000000020000014                . = ALIGN (0x4)
 *fill*         0x0000000020000012        0x2 
                0x0000000020000014                _edata = .

.igot.plt       0x0000000020000014        0x0 load address 0x00000000080081b0
 .igot.plt      0x0000000020000014        0x0 c:/st/stm32cubeide_1.3.0/stm32cubeide/plugins/com.st.stm32cube.ide.mcu.externaltools.gnu-tools-for-stm32.10.3-2021.10.win32_1.0.200.202301161003/tools/bin/../lib/gcc/arm-none-eabi/10.3.1/thumb/v7e-m+fp/hard/crtbegin.o
                0x0000000020000014                . = ALIGN (0x4)

.bss            0x0000000020000014     0x1a84 load address 0x00000000080081b0
                0x0000000020000014                _sbss = .
                0x0000000020000014                __bss_start__ = _sbss
 *(.bss)
 .bss           0x0000000020000014       0x1c c:/st/stm32cubeide_1.3.0/stm32cubeide/plugins/com.st.stm32cube.ide.mcu.externaltools.gnu-tools-for-stm32.10.3-2021.10.win32_1.0.200.202301161003/tools/bin/../lib/gcc/arm-none-eabi/10.3.1/thumb/v7e-m+fp/hard/crtbegin.o
 *(.bss*)
 .bss.htim5     0x0000000020000030       0x48 ./Core/Src/main.o
                0x0000000020000030                htim5
 .bss.hpcd_USB_OTG_FS
                0x0000000020000078      0x50c ./Core/Src/main.o
                0x0000000020000078                hpcd_USB_OTG_FS
 .bss.StopwatchStart
                0x0000000020000584        0x4 ./Core/Src/main.o
 .bss.StopwatchValue
                0x0000000020000588        0x4 ./Core/Src/main.o
 .bss.mute      0x000000002000058c        0x3 ./Core/Src/main.o
                0x000000002000058c                mute
 *fill*         0x000000002000058f        0x1 
 .bss.volume    0x0000000020000590        0x6 ./Core/Src/main.o
                0x0000000020000590                volume
 *fill*         0x0000000020000596        0x2 
 .bss.mic_buf   0x0000000020000598      0x308 ./Core/Src/main.o
                0x0000000020000598                mic_buf
 .bss.spk_buf   0x00000000200008a0      0x610 ./Core/Src/main.o
                0x00000000200008a0                spk_buf
 .bss.spk_data_size
                0x0000000020000eb0        0x4 ./Core/Src/main.o
                0x0000000020000eb0                spk_data_size
 .bss.current_resolution
                0x0000000020000eb4        0x1 ./Core/Src/main.o
                0x0000000020000eb4                current_resolution
 *fill*         0x0000000020000eb5        0x3 
 .bss.AudioCounter
                0x0000000020000eb8        0x4 ./Core/Src/main.o
                0x0000000020000eb8                AudioCounter
 .bss.uwTick    0x0000000020000ebc        0x4 ./Drivers/STM32F4xx_HAL_Driver/Src/stm32f4xx_hal.o
                0x0000000020000ebc                uwTick
 .bss.audio_ep_in_sw_buf_1
                0x0000000020000ec0      0x308 ./tinyusb-master/src/class/audio/audio_device.o
                0x0000000020000ec0                audio_ep_in_sw_buf_1
 .bss.audio_ep_out_sw_buf_1
                0x00000000200011c8      0x610 ./tinyusb-master/src/class/audio/audio_device.o
                0x00000000200011c8                audio_ep_out_sw_buf_1
 .bss.ctrl_buf_1
                0x00000000200017d8       0x40 ./tinyusb-master/src/class/audio/audio_device.o
                0x00000000200017d8                ctrl_buf_1
 .bss.alt_setting_1
                0x0000000020001818        0x2 ./tinyusb-master/src/class/audio/audio_device.o
                0x0000000020001818                alt_setting_1
 *fill*         0x000000002000181a        0x2 
 .bss._audiod_fct
                0x000000002000181c       0x38 ./tinyusb-master/src/class/audio/audio_device.o
                0x000000002000181c                _audiod_fct
 .bss._cdcd_itf
                0x0000000020001854      0x128 ./tinyusb-master/src/class/cdc/cdc_device.o
 .bss._usbd_dev
                0x000000002000197c       0x2b ./tinyusb-master/src/device/usbd.o
 *fill*         0x00000000200019a7        0x1 
 .bss._app_driver
                0x00000000200019a8        0x4 ./tinyusb-master/src/device/usbd.o
 .bss._app_driver_count
                0x00000000200019ac        0x1 ./tinyusb-master/src/device/usbd.o
 *fill*         0x00000000200019ad        0x3 
 .bss._usbd_q   0x00000000200019b0        0x4 ./tinyusb-master/src/device/usbd.o
 .bss._ctrl_xfer
                0x00000000200019b4       0x14 ./tinyusb-master/src/device/usbd_control.o
 .bss._usbd_ctrl_buf
                0x00000000200019c8       0x40 ./tinyusb-master/src/device/usbd_control.o
 .bss._setup_packet
                0x0000000020001a08        0x8 ./tinyusb-master/src/portable/st/synopsys/dcd_synopsys.o
 .bss.xfer_status
                0x0000000020001a10       0x80 ./tinyusb-master/src/portable/st/synopsys/dcd_synopsys.o
                0x0000000020001a10                xfer_status
 .bss.ep0_pending
                0x0000000020001a90        0x4 ./tinyusb-master/src/portable/st/synopsys/dcd_synopsys.o
 .bss._allocated_fifo_words_tx
                0x0000000020001a94        0x2 ./tinyusb-master/src/portable/st/synopsys/dcd_synopsys.o
 .bss._out_ep_closed
                0x0000000020001a96        0x1 ./tinyusb-master/src/portable/st/synopsys/dcd_synopsys.o
 *(COMMON)
                0x0000000020001a98                . = ALIGN (0x4)
 *fill*         0x0000000020001a97        0x1 
                0x0000000020001a98                _ebss = .
                0x0000000020001a98                __bss_end__ = _ebss

._user_heap_stack
                0x0000000020001a98      0x600 load address 0x00000000080081b0
                0x0000000020001a98                . = ALIGN (0x8)
                [!provide]                        PROVIDE (end = .)
                0x0000000020001a98                PROVIDE (_end = .)
                0x0000000020001c98                . = (. + _Min_Heap_Size)
 *fill*         0x0000000020001a98      0x200 
                0x0000000020002098                . = (. + _Min_Stack_Size)
 *fill*         0x0000000020001c98      0x400 
                0x0000000020002098                . = ALIGN (0x8)

/DISCARD/
 libc.a(*)
 libm.a(*)
 libgcc.a(*)

.ARM.attributes
                0x0000000000000000       0x30
 *(.ARM.attributes)
 .ARM.attributes
                0x0000000000000000       0x1e c:/st/stm32cubeide_1.3.0/stm32cubeide/plugins/com.st.stm32cube.ide.mcu.externaltools.gnu-tools-for-stm32.10.3-2021.10.win32_1.0.200.202301161003/tools/bin/../lib/gcc/arm-none-eabi/10.3.1/thumb/v7e-m+fp/hard/crti.o
 .ARM.attributes
                0x000000000000001e       0x34 c:/st/stm32cubeide_1.3.0/stm32cubeide/plugins/com.st.stm32cube.ide.mcu.externaltools.gnu-tools-for-stm32.10.3-2021.10.win32_1.0.200.202301161003/tools/bin/../lib/gcc/arm-none-eabi/10.3.1/thumb/v7e-m+fp/hard/crtbegin.o
 .ARM.attributes
                0x0000000000000052       0x34 ./Core/Src/main.o
 .ARM.attributes
                0x0000000000000086       0x34 ./Core/Src/stm32f4xx_hal_msp.o
 .ARM.attributes
                0x00000000000000ba       0x34 ./Core/Src/stm32f4xx_it.o
 .ARM.attributes
                0x00000000000000ee       0x34 ./Core/Src/system_stm32f4xx.o
 .ARM.attributes
                0x0000000000000122       0x21 ./Core/Startup/startup_stm32f411vetx.o
 .ARM.attributes
                0x0000000000000143       0x34 ./Drivers/STM32F4xx_HAL_Driver/Src/stm32f4xx_hal.o
 .ARM.attributes
                0x0000000000000177       0x34 ./Drivers/STM32F4xx_HAL_Driver/Src/stm32f4xx_hal_cortex.o
 .ARM.attributes
                0x00000000000001ab       0x34 ./Drivers/STM32F4xx_HAL_Driver/Src/stm32f4xx_hal_gpio.o
 .ARM.attributes
                0x00000000000001df       0x34 ./Drivers/STM32F4xx_HAL_Driver/Src/stm32f4xx_hal_pcd.o
 .ARM.attributes
                0x0000000000000213       0x34 ./Drivers/STM32F4xx_HAL_Driver/Src/stm32f4xx_hal_rcc.o
 .ARM.attributes
                0x0000000000000247       0x34 ./Drivers/STM32F4xx_HAL_Driver/Src/stm32f4xx_hal_tim.o
 .ARM.attributes
                0x000000000000027b       0x34 ./Drivers/STM32F4xx_HAL_Driver/Src/stm32f4xx_hal_tim_ex.o
 .ARM.attributes
                0x00000000000002af       0x34 ./Drivers/STM32F4xx_HAL_Driver/Src/stm32f4xx_ll_usb.o
 .ARM.attributes
                0x00000000000002e3       0x34 ./tinyusb-master/src/class/audio/audio_device.o
 .ARM.attributes
                0x0000000000000317       0x34 ./tinyusb-master/src/class/cdc/cdc_device.o
 .ARM.attributes
                0x000000000000034b       0x34 ./tinyusb-master/src/common/tusb_fifo.o
 .ARM.attributes
                0x000000000000037f       0x34 ./tinyusb-master/src/device/usbd.o
 .ARM.attributes
                0x00000000000003b3       0x34 ./tinyusb-master/src/device/usbd_control.o
 .ARM.attributes
                0x00000000000003e7       0x34 ./tinyusb-master/src/portable/st/synopsys/dcd_synopsys.o
 .ARM.attributes
                0x000000000000041b       0x34 ./tinyusb-master/src/tusb.o
 .ARM.attributes
                0x000000000000044f       0x34 c:/st/stm32cubeide_1.3.0/stm32cubeide/plugins/com.st.stm32cube.ide.mcu.externaltools.gnu-tools-for-stm32.10.3-2021.10.win32_1.0.200.202301161003/tools/bin/../lib/gcc/arm-none-eabi/10.3.1/../../../../arm-none-eabi/lib/thumb/v7e-m+fp/hard\libc_nano.a(lib_a-init.o)
 .ARM.attributes
                0x0000000000000483       0x34 c:/st/stm32cubeide_1.3.0/stm32cubeide/plugins/com.st.stm32cube.ide.mcu.externaltools.gnu-tools-for-stm32.10.3-2021.10.win32_1.0.200.202301161003/tools/bin/../lib/gcc/arm-none-eabi/10.3.1/../../../../arm-none-eabi/lib/thumb/v7e-m+fp/hard\libc_nano.a(lib_a-memcpy-stub.o)
 .ARM.attributes
                0x00000000000004b7       0x34 c:/st/stm32cubeide_1.3.0/stm32cubeide/plugins/com.st.stm32cube.ide.mcu.externaltools.gnu-tools-for-stm32.10.3-2021.10.win32_1.0.200.202301161003/tools/bin/../lib/gcc/arm-none-eabi/10.3.1/../../../../arm-none-eabi/lib/thumb/v7e-m+fp/hard\libc_nano.a(lib_a-memset.o)
 .ARM.attributes
                0x00000000000004eb       0x34 c:/st/stm32cubeide_1.3.0/stm32cubeide/plugins/com.st.stm32cube.ide.mcu.externaltools.gnu-tools-for-stm32.10.3-2021.10.win32_1.0.200.202301161003/tools/bin/../lib/gcc/arm-none-eabi/10.3.1/../../../../arm-none-eabi/lib/thumb/v7e-m+fp/hard\libm.a(lib_a-sf_sin.o)
 .ARM.attributes
                0x000000000000051f       0x34 c:/st/stm32cubeide_1.3.0/stm32cubeide/plugins/com.st.stm32cube.ide.mcu.externaltools.gnu-tools-for-stm32.10.3-2021.10.win32_1.0.200.202301161003/tools/bin/../lib/gcc/arm-none-eabi/10.3.1/../../../../arm-none-eabi/lib/thumb/v7e-m+fp/hard\libm.a(lib_a-ef_rem_pio2.o)
 .ARM.attributes
                0x0000000000000553       0x34 c:/st/stm32cubeide_1.3.0/stm32cubeide/plugins/com.st.stm32cube.ide.mcu.externaltools.gnu-tools-for-stm32.10.3-2021.10.win32_1.0.200.202301161003/tools/bin/../lib/gcc/arm-none-eabi/10.3.1/../../../../arm-none-eabi/lib/thumb/v7e-m+fp/hard\libm.a(lib_a-kf_cos.o)
 .ARM.attributes
                0x0000000000000587       0x34 c:/st/stm32cubeide_1.3.0/stm32cubeide/plugins/com.st.stm32cube.ide.mcu.externaltools.gnu-tools-for-stm32.10.3-2021.10.win32_1.0.200.202301161003/tools/bin/../lib/gcc/arm-none-eabi/10.3.1/../../../../arm-none-eabi/lib/thumb/v7e-m+fp/hard\libm.a(lib_a-kf_rem_pio2.o)
 .ARM.attributes
                0x00000000000005bb       0x34 c:/st/stm32cubeide_1.3.0/stm32cubeide/plugins/com.st.stm32cube.ide.mcu.externaltools.gnu-tools-for-stm32.10.3-2021.10.win32_1.0.200.202301161003/tools/bin/../lib/gcc/arm-none-eabi/10.3.1/../../../../arm-none-eabi/lib/thumb/v7e-m+fp/hard\libm.a(lib_a-kf_sin.o)
 .ARM.attributes
                0x00000000000005ef       0x34 c:/st/stm32cubeide_1.3.0/stm32cubeide/plugins/com.st.stm32cube.ide.mcu.externaltools.gnu-tools-for-stm32.10.3-2021.10.win32_1.0.200.202301161003/tools/bin/../lib/gcc/arm-none-eabi/10.3.1/../../../../arm-none-eabi/lib/thumb/v7e-m+fp/hard\libm.a(lib_a-sf_fabs.o)
 .ARM.attributes
                0x0000000000000623       0x34 c:/st/stm32cubeide_1.3.0/stm32cubeide/plugins/com.st.stm32cube.ide.mcu.externaltools.gnu-tools-for-stm32.10.3-2021.10.win32_1.0.200.202301161003/tools/bin/../lib/gcc/arm-none-eabi/10.3.1/../../../../arm-none-eabi/lib/thumb/v7e-m+fp/hard\libm.a(lib_a-sf_floor.o)
 .ARM.attributes
                0x0000000000000657       0x34 c:/st/stm32cubeide_1.3.0/stm32cubeide/plugins/com.st.stm32cube.ide.mcu.externaltools.gnu-tools-for-stm32.10.3-2021.10.win32_1.0.200.202301161003/tools/bin/../lib/gcc/arm-none-eabi/10.3.1/../../../../arm-none-eabi/lib/thumb/v7e-m+fp/hard\libm.a(lib_a-sf_scalbn.o)
 .ARM.attributes
                0x000000000000068b       0x1e c:/st/stm32cubeide_1.3.0/stm32cubeide/plugins/com.st.stm32cube.ide.mcu.externaltools.gnu-tools-for-stm32.10.3-2021.10.win32_1.0.200.202301161003/tools/bin/../lib/gcc/arm-none-eabi/10.3.1/thumb/v7e-m+fp/hard\libgcc.a(_aeabi_uldivmod.o)
 .ARM.attributes
                0x00000000000006a9       0x34 c:/st/stm32cubeide_1.3.0/stm32cubeide/plugins/com.st.stm32cube.ide.mcu.externaltools.gnu-tools-for-stm32.10.3-2021.10.win32_1.0.200.202301161003/tools/bin/../lib/gcc/arm-none-eabi/10.3.1/thumb/v7e-m+fp/hard\libgcc.a(_udivmoddi4.o)
 .ARM.attributes
                0x00000000000006dd       0x1e c:/st/stm32cubeide_1.3.0/stm32cubeide/plugins/com.st.stm32cube.ide.mcu.externaltools.gnu-tools-for-stm32.10.3-2021.10.win32_1.0.200.202301161003/tools/bin/../lib/gcc/arm-none-eabi/10.3.1/thumb/v7e-m+fp/hard\libgcc.a(_dvmd_tls.o)
 .ARM.attributes
                0x00000000000006fb       0x1e c:/st/stm32cubeide_1.3.0/stm32cubeide/plugins/com.st.stm32cube.ide.mcu.externaltools.gnu-tools-for-stm32.10.3-2021.10.win32_1.0.200.202301161003/tools/bin/../lib/gcc/arm-none-eabi/10.3.1/thumb/v7e-m+fp/hard/crtn.o
OUTPUT(TinyUSB_UAC_CDC_411.elf elf32-littlearm)
LOAD linker stubs
LOAD c:/st/stm32cubeide_1.3.0/stm32cubeide/plugins/com.st.stm32cube.ide.mcu.externaltools.gnu-tools-for-stm32.10.3-2021.10.win32_1.0.200.202301161003/tools/bin/../lib/gcc/arm-none-eabi/10.3.1/../../../../arm-none-eabi/lib/thumb/v7e-m+fp/hard\libc.a
LOAD c:/st/stm32cubeide_1.3.0/stm32cubeide/plugins/com.st.stm32cube.ide.mcu.externaltools.gnu-tools-for-stm32.10.3-2021.10.win32_1.0.200.202301161003/tools/bin/../lib/gcc/arm-none-eabi/10.3.1/../../../../arm-none-eabi/lib/thumb/v7e-m+fp/hard\libm.a
LOAD c:/st/stm32cubeide_1.3.0/stm32cubeide/plugins/com.st.stm32cube.ide.mcu.externaltools.gnu-tools-for-stm32.10.3-2021.10.win32_1.0.200.202301161003/tools/bin/../lib/gcc/arm-none-eabi/10.3.1/thumb/v7e-m+fp/hard\libgcc.a

.debug_info     0x0000000000000000    0x189c2
 .debug_info    0x0000000000000000     0x2757 ./Core/Src/main.o
 .debug_info    0x0000000000002757     0x1121 ./Core/Src/stm32f4xx_hal_msp.o
 .debug_info    0x0000000000003878      0x771 ./Core/Src/stm32f4xx_it.o
 .debug_info    0x0000000000003fe9      0x54f ./Core/Src/system_stm32f4xx.o
 .debug_info    0x0000000000004538       0x22 ./Core/Startup/startup_stm32f411vetx.o
 .debug_info    0x000000000000455a      0x90d ./Drivers/STM32F4xx_HAL_Driver/Src/stm32f4xx_hal.o
 .debug_info    0x0000000000004e67      0xd8b ./Drivers/STM32F4xx_HAL_Driver/Src/stm32f4xx_hal_cortex.o
 .debug_info    0x0000000000005bf2      0x78e ./Drivers/STM32F4xx_HAL_Driver/Src/stm32f4xx_hal_gpio.o
 .debug_info    0x0000000000006380     0x168d ./Drivers/STM32F4xx_HAL_Driver/Src/stm32f4xx_hal_pcd.o
 .debug_info    0x0000000000007a0d      0x98d ./Drivers/STM32F4xx_HAL_Driver/Src/stm32f4xx_hal_rcc.o
 .debug_info    0x000000000000839a     0x2bb6 ./Drivers/STM32F4xx_HAL_Driver/Src/stm32f4xx_hal_tim.o
 .debug_info    0x000000000000af50     0x15d8 ./Drivers/STM32F4xx_HAL_Driver/Src/stm32f4xx_hal_tim_ex.o
 .debug_info    0x000000000000c528     0x1a97 ./Drivers/STM32F4xx_HAL_Driver/Src/stm32f4xx_ll_usb.o
 .debug_info    0x000000000000dfbf     0x1b69 ./tinyusb-master/src/class/audio/audio_device.o
 .debug_info    0x000000000000fb28     0x1385 ./tinyusb-master/src/class/cdc/cdc_device.o
 .debug_info    0x0000000000010ead     0x14a2 ./tinyusb-master/src/common/tusb_fifo.o
 .debug_info    0x000000000001234f     0x2c67 ./tinyusb-master/src/device/usbd.o
 .debug_info    0x0000000000014fb6      0x763 ./tinyusb-master/src/device/usbd_control.o
 .debug_info    0x0000000000015719     0x21fe ./tinyusb-master/src/portable/st/synopsys/dcd_synopsys.o
 .debug_info    0x0000000000017917     0x10ab ./tinyusb-master/src/tusb.o

.debug_abbrev   0x0000000000000000     0x3877
 .debug_abbrev  0x0000000000000000      0x544 ./Core/Src/main.o
 .debug_abbrev  0x0000000000000544      0x221 ./Core/Src/stm32f4xx_hal_msp.o
 .debug_abbrev  0x0000000000000765      0x1aa ./Core/Src/stm32f4xx_it.o
 .debug_abbrev  0x000000000000090f      0x116 ./Core/Src/system_stm32f4xx.o
 .debug_abbrev  0x0000000000000a25       0x12 ./Core/Startup/startup_stm32f411vetx.o
 .debug_abbrev  0x0000000000000a37      0x23e ./Drivers/STM32F4xx_HAL_Driver/Src/stm32f4xx_hal.o
 .debug_abbrev  0x0000000000000c75      0x316 ./Drivers/STM32F4xx_HAL_Driver/Src/stm32f4xx_hal_cortex.o
 .debug_abbrev  0x0000000000000f8b      0x1c4 ./Drivers/STM32F4xx_HAL_Driver/Src/stm32f4xx_hal_gpio.o
 .debug_abbrev  0x000000000000114f      0x2bb ./Drivers/STM32F4xx_HAL_Driver/Src/stm32f4xx_hal_pcd.o
 .debug_abbrev  0x000000000000140a      0x2aa ./Drivers/STM32F4xx_HAL_Driver/Src/stm32f4xx_hal_rcc.o
 .debug_abbrev  0x00000000000016b4      0x26e ./Drivers/STM32F4xx_HAL_Driver/Src/stm32f4xx_hal_tim.o
 .debug_abbrev  0x0000000000001922      0x276 ./Drivers/STM32F4xx_HAL_Driver/Src/stm32f4xx_hal_tim_ex.o
 .debug_abbrev  0x0000000000001b98      0x296 ./Drivers/STM32F4xx_HAL_Driver/Src/stm32f4xx_ll_usb.o
 .debug_abbrev  0x0000000000001e2e      0x38f ./tinyusb-master/src/class/audio/audio_device.o
 .debug_abbrev  0x00000000000021bd      0x3ed ./tinyusb-master/src/class/cdc/cdc_device.o
 .debug_abbrev  0x00000000000025aa      0x317 ./tinyusb-master/src/common/tusb_fifo.o
 .debug_abbrev  0x00000000000028c1      0x4df ./tinyusb-master/src/device/usbd.o
 .debug_abbrev  0x0000000000002da0      0x2b8 ./tinyusb-master/src/device/usbd_control.o
 .debug_abbrev  0x0000000000003058      0x4c5 ./tinyusb-master/src/portable/st/synopsys/dcd_synopsys.o
 .debug_abbrev  0x000000000000351d      0x35a ./tinyusb-master/src/tusb.o

.debug_aranges  0x0000000000000000     0x1348
 .debug_aranges
                0x0000000000000000      0x158 ./Core/Src/main.o
 .debug_aranges
                0x0000000000000158       0x40 ./Core/Src/stm32f4xx_hal_msp.o
 .debug_aranges
                0x0000000000000198       0x70 ./Core/Src/stm32f4xx_it.o
 .debug_aranges
                0x0000000000000208       0x28 ./Core/Src/system_stm32f4xx.o
 .debug_aranges
                0x0000000000000230       0x28 ./Core/Startup/startup_stm32f411vetx.o
 .debug_aranges
                0x0000000000000258       0xf0 ./Drivers/STM32F4xx_HAL_Driver/Src/stm32f4xx_hal.o
 .debug_aranges
                0x0000000000000348      0x118 ./Drivers/STM32F4xx_HAL_Driver/Src/stm32f4xx_hal_cortex.o
 .debug_aranges
                0x0000000000000460       0x58 ./Drivers/STM32F4xx_HAL_Driver/Src/stm32f4xx_hal_gpio.o
 .debug_aranges
                0x00000000000004b8      0x148 ./Drivers/STM32F4xx_HAL_Driver/Src/stm32f4xx_hal_pcd.o
 .debug_aranges
                0x0000000000000600       0x88 ./Drivers/STM32F4xx_HAL_Driver/Src/stm32f4xx_hal_rcc.o
 .debug_aranges
                0x0000000000000688      0x3d0 ./Drivers/STM32F4xx_HAL_Driver/Src/stm32f4xx_hal_tim.o
 .debug_aranges
                0x0000000000000a58      0x168 ./Drivers/STM32F4xx_HAL_Driver/Src/stm32f4xx_hal_tim_ex.o
 .debug_aranges
                0x0000000000000bc0      0x1a0 ./Drivers/STM32F4xx_HAL_Driver/Src/stm32f4xx_ll_usb.o
 .debug_aranges
                0x0000000000000d60       0xf0 ./tinyusb-master/src/class/audio/audio_device.o
 .debug_aranges
                0x0000000000000e50       0xa8 ./tinyusb-master/src/class/cdc/cdc_device.o
 .debug_aranges
                0x0000000000000ef8      0x118 ./tinyusb-master/src/common/tusb_fifo.o
 .debug_aranges
                0x0000000000001010      0x130 ./tinyusb-master/src/device/usbd.o
 .debug_aranges
                0x0000000000001140       0x58 ./tinyusb-master/src/device/usbd_control.o
 .debug_aranges
                0x0000000000001198      0x118 ./tinyusb-master/src/portable/st/synopsys/dcd_synopsys.o
 .debug_aranges
                0x00000000000012b0       0x98 ./tinyusb-master/src/tusb.o

.debug_ranges   0x0000000000000000     0x12c0
 .debug_ranges  0x0000000000000000      0x148 ./Core/Src/main.o
 .debug_ranges  0x0000000000000148       0x30 ./Core/Src/stm32f4xx_hal_msp.o
 .debug_ranges  0x0000000000000178       0x60 ./Core/Src/stm32f4xx_it.o
 .debug_ranges  0x00000000000001d8       0x18 ./Core/Src/system_stm32f4xx.o
 .debug_ranges  0x00000000000001f0       0x20 ./Core/Startup/startup_stm32f411vetx.o
 .debug_ranges  0x0000000000000210       0xe0 ./Drivers/STM32F4xx_HAL_Driver/Src/stm32f4xx_hal.o
 .debug_ranges  0x00000000000002f0      0x108 ./Drivers/STM32F4xx_HAL_Driver/Src/stm32f4xx_hal_cortex.o
 .debug_ranges  0x00000000000003f8       0x48 ./Drivers/STM32F4xx_HAL_Driver/Src/stm32f4xx_hal_gpio.o
 .debug_ranges  0x0000000000000440      0x138 ./Drivers/STM32F4xx_HAL_Driver/Src/stm32f4xx_hal_pcd.o
 .debug_ranges  0x0000000000000578       0x78 ./Drivers/STM32F4xx_HAL_Driver/Src/stm32f4xx_hal_rcc.o
 .debug_ranges  0x00000000000005f0      0x3c0 ./Drivers/STM32F4xx_HAL_Driver/Src/stm32f4xx_hal_tim.o
 .debug_ranges  0x00000000000009b0      0x158 ./Drivers/STM32F4xx_HAL_Driver/Src/stm32f4xx_hal_tim_ex.o
 .debug_ranges  0x0000000000000b08      0x190 ./Drivers/STM32F4xx_HAL_Driver/Src/stm32f4xx_ll_usb.o
 .debug_ranges  0x0000000000000c98       0xf8 ./tinyusb-master/src/class/audio/audio_device.o
 .debug_ranges  0x0000000000000d90       0x98 ./tinyusb-master/src/class/cdc/cdc_device.o
 .debug_ranges  0x0000000000000e28      0x108 ./tinyusb-master/src/common/tusb_fifo.o
 .debug_ranges  0x0000000000000f30      0x188 ./tinyusb-master/src/device/usbd.o
 .debug_ranges  0x00000000000010b8       0x48 ./tinyusb-master/src/device/usbd_control.o
 .debug_ranges  0x0000000000001100      0x138 ./tinyusb-master/src/portable/st/synopsys/dcd_synopsys.o
 .debug_ranges  0x0000000000001238       0x88 ./tinyusb-master/src/tusb.o

.debug_macro    0x0000000000000000    0x1986a
 .debug_macro   0x0000000000000000      0x49d ./Core/Src/main.o
 .debug_macro   0x000000000000049d      0xa78 ./Core/Src/main.o
 .debug_macro   0x0000000000000f15      0x29b ./Core/Src/main.o
 .debug_macro   0x00000000000011b0       0x2e ./Core/Src/main.o
 .debug_macro   0x00000000000011de       0x28 ./Core/Src/main.o
 .debug_macro   0x0000000000001206       0x22 ./Core/Src/main.o
 .debug_macro   0x0000000000001228       0x8e ./Core/Src/main.o
 .debug_macro   0x00000000000012b6       0x51 ./Core/Src/main.o
 .debug_macro   0x0000000000001307      0x103 ./Core/Src/main.o
 .debug_macro   0x000000000000140a       0x6a ./Core/Src/main.o
 .debug_macro   0x0000000000001474      0x1df ./Core/Src/main.o
 .debug_macro   0x0000000000001653       0x1c ./Core/Src/main.o
 .debug_macro   0x000000000000166f       0x22 ./Core/Src/main.o
 .debug_macro   0x0000000000001691       0xd9 ./Core/Src/main.o
 .debug_macro   0x000000000000176a     0x102d ./Core/Src/main.o
 .debug_macro   0x0000000000002797      0x11f ./Core/Src/main.o
 .debug_macro   0x00000000000028b6     0xb953 ./Core/Src/main.o
 .debug_macro   0x000000000000e209       0x6d ./Core/Src/main.o
 .debug_macro   0x000000000000e276     0x367e ./Core/Src/main.o
 .debug_macro   0x00000000000118f4      0x174 ./Core/Src/main.o
 .debug_macro   0x0000000000011a68       0x5c ./Core/Src/main.o
 .debug_macro   0x0000000000011ac4      0x447 ./Core/Src/main.o
 .debug_macro   0x0000000000011f0b      0x9fe ./Core/Src/main.o
 .debug_macro   0x0000000000012909      0x115 ./Core/Src/main.o
 .debug_macro   0x0000000000012a1e      0x11b ./Core/Src/main.o
 .debug_macro   0x0000000000012b39       0xa5 ./Core/Src/main.o
 .debug_macro   0x0000000000012bde      0x15f ./Core/Src/main.o
 .debug_macro   0x0000000000012d3d      0x287 ./Core/Src/main.o
 .debug_macro   0x0000000000012fc4       0x5f ./Core/Src/main.o
 .debug_macro   0x0000000000013023      0x236 ./Core/Src/main.o
 .debug_macro   0x0000000000013259      0x132 ./Core/Src/main.o
 .debug_macro   0x000000000001338b      0x264 ./Core/Src/main.o
 .debug_macro   0x00000000000135ef       0x2e ./Core/Src/main.o
 .debug_macro   0x000000000001361d      0x11a ./Core/Src/main.o
 .debug_macro   0x0000000000013737       0x85 ./Core/Src/main.o
 .debug_macro   0x00000000000137bc       0x89 ./Core/Src/main.o
 .debug_macro   0x0000000000013845      0x8e6 ./Core/Src/main.o
 .debug_macro   0x000000000001412b       0x47 ./Core/Src/main.o
 .debug_macro   0x0000000000014172      0x248 ./Core/Src/main.o
 .debug_macro   0x00000000000143ba       0xba ./Core/Src/main.o
 .debug_macro   0x0000000000014474      0x126 ./Core/Src/main.o
 .debug_macro   0x000000000001459a       0x52 ./Core/Src/main.o
 .debug_macro   0x00000000000145ec       0x1e ./Core/Src/main.o
 .debug_macro   0x000000000001460a       0x3c ./Core/Src/main.o
 .debug_macro   0x0000000000014646       0x34 ./Core/Src/main.o
 .debug_macro   0x000000000001467a       0x16 ./Core/Src/main.o
 .debug_macro   0x0000000000014690       0x43 ./Core/Src/main.o
 .debug_macro   0x00000000000146d3       0x34 ./Core/Src/main.o
 .debug_macro   0x0000000000014707       0x10 ./Core/Src/main.o
 .debug_macro   0x0000000000014717       0x58 ./Core/Src/main.o
 .debug_macro   0x000000000001476f       0x71 ./Core/Src/main.o
 .debug_macro   0x00000000000147e0       0x1c ./Core/Src/main.o
 .debug_macro   0x00000000000147fc      0x12a ./Core/Src/main.o
 .debug_macro   0x0000000000014926      0x341 ./Core/Src/main.o
 .debug_macro   0x0000000000014c67      0x19b ./Core/Src/main.o
 .debug_macro   0x0000000000014e02       0x6a ./Core/Src/main.o
 .debug_macro   0x0000000000014e6c       0x22 ./Core/Src/main.o
 .debug_macro   0x0000000000014e8e       0x16 ./Core/Src/main.o
 .debug_macro   0x0000000000014ea4       0x35 ./Core/Src/main.o
 .debug_macro   0x0000000000014ed9       0x20 ./Core/Src/main.o
 .debug_macro   0x0000000000014ef9       0x1c ./Core/Src/main.o
 .debug_macro   0x0000000000014f15       0x10 ./Core/Src/main.o
 .debug_macro   0x0000000000014f25       0x10 ./Core/Src/main.o
 .debug_macro   0x0000000000014f35       0x1c ./Core/Src/main.o
 .debug_macro   0x0000000000014f51       0x52 ./Core/Src/main.o
 .debug_macro   0x0000000000014fa3       0x22 ./Core/Src/main.o
 .debug_macro   0x0000000000014fc5       0x10 ./Core/Src/main.o
 .debug_macro   0x0000000000014fd5       0x52 ./Core/Src/main.o
 .debug_macro   0x0000000000015027       0xd5 ./Core/Src/main.o
 .debug_macro   0x00000000000150fc       0x1c ./Core/Src/main.o
 .debug_macro   0x0000000000015118       0x3d ./Core/Src/main.o
 .debug_macro   0x0000000000015155       0x16 ./Core/Src/main.o
 .debug_macro   0x000000000001516b      0x145 ./Core/Src/main.o
 .debug_macro   0x00000000000152b0      0x153 ./Core/Src/main.o
 .debug_macro   0x0000000000015403      0x24b ./Core/Src/main.o
 .debug_macro   0x000000000001564e       0x3a ./Core/Src/main.o
 .debug_macro   0x0000000000015688      0x13c ./Core/Src/main.o
 .debug_macro   0x00000000000157c4       0x3a ./Core/Src/main.o
 .debug_macro   0x00000000000157fe      0x12a ./Core/Src/main.o
 .debug_macro   0x0000000000015928       0x64 ./Core/Src/main.o
 .debug_macro   0x000000000001598c       0x11 ./Core/Src/main.o
 .debug_macro   0x000000000001599d       0xc7 ./Core/Src/main.o
 .debug_macro   0x0000000000015a64       0x25 ./Core/Src/main.o
 .debug_macro   0x0000000000015a89       0x28 ./Core/Src/main.o
 .debug_macro   0x0000000000015ab1       0x1c ./Core/Src/main.o
 .debug_macro   0x0000000000015acd       0x1f ./Core/Src/main.o
 .debug_macro   0x0000000000015aec      0x6cb ./Core/Src/main.o
 .debug_macro   0x00000000000161b7      0x382 ./Core/Src/main.o
 .debug_macro   0x0000000000016539       0x18 ./Core/Src/main.o
 .debug_macro   0x0000000000016551       0x2d ./Core/Src/main.o
 .debug_macro   0x000000000001657e       0xac ./Core/Src/main.o
 .debug_macro   0x000000000001662a      0x1f2 ./Core/Src/stm32f4xx_hal_msp.o
 .debug_macro   0x000000000001681c      0x41d ./Core/Src/stm32f4xx_it.o
 .debug_macro   0x0000000000016c39       0x10 ./Core/Src/stm32f4xx_it.o
 .debug_macro   0x0000000000016c49      0x37c ./Core/Src/stm32f4xx_it.o
 .debug_macro   0x0000000000016fc5      0x1fa ./Core/Src/system_stm32f4xx.o
 .debug_macro   0x00000000000171bf      0x248 ./Drivers/STM32F4xx_HAL_Driver/Src/stm32f4xx_hal.o
 .debug_macro   0x0000000000017407      0x1e8 ./Drivers/STM32F4xx_HAL_Driver/Src/stm32f4xx_hal_cortex.o
 .debug_macro   0x00000000000175ef      0x1ee ./Drivers/STM32F4xx_HAL_Driver/Src/stm32f4xx_hal_gpio.o
 .debug_macro   0x00000000000177dd      0x1f4 ./Drivers/STM32F4xx_HAL_Driver/Src/stm32f4xx_hal_pcd.o
 .debug_macro   0x00000000000179d1      0x20c ./Drivers/STM32F4xx_HAL_Driver/Src/stm32f4xx_hal_rcc.o
 .debug_macro   0x0000000000017bdd      0x1e9 ./Drivers/STM32F4xx_HAL_Driver/Src/stm32f4xx_hal_tim.o
 .debug_macro   0x0000000000017dc6      0x1e8 ./Drivers/STM32F4xx_HAL_Driver/Src/stm32f4xx_hal_tim_ex.o
 .debug_macro   0x0000000000017fae      0x1e8 ./Drivers/STM32F4xx_HAL_Driver/Src/stm32f4xx_ll_usb.o
 .debug_macro   0x0000000000018196      0x2ff ./tinyusb-master/src/class/audio/audio_device.o
 .debug_macro   0x0000000000018495       0x2e ./tinyusb-master/src/class/audio/audio_device.o
 .debug_macro   0x00000000000184c3      0x2d9 ./tinyusb-master/src/class/cdc/cdc_device.o
 .debug_macro   0x000000000001879c      0x2c3 ./tinyusb-master/src/common/tusb_fifo.o
 .debug_macro   0x0000000000018a5f      0x342 ./tinyusb-master/src/device/usbd.o
 .debug_macro   0x0000000000018da1      0x31a ./tinyusb-master/src/device/usbd_control.o
 .debug_macro   0x00000000000190bb      0x49b ./tinyusb-master/src/portable/st/synopsys/dcd_synopsys.o
 .debug_macro   0x0000000000019556      0x314 ./tinyusb-master/src/tusb.o

.debug_line     0x0000000000000000    0x15ed5
 .debug_line    0x0000000000000000     0x14aa ./Core/Src/main.o
 .debug_line    0x00000000000014aa      0x776 ./Core/Src/stm32f4xx_hal_msp.o
 .debug_line    0x0000000000001c20      0xbcc ./Core/Src/stm32f4xx_it.o
 .debug_line    0x00000000000027ec      0x776 ./Core/Src/system_stm32f4xx.o
 .debug_line    0x0000000000002f62       0x88 ./Core/Startup/startup_stm32f411vetx.o
 .debug_line    0x0000000000002fea      0x9d6 ./Drivers/STM32F4xx_HAL_Driver/Src/stm32f4xx_hal.o
 .debug_line    0x00000000000039c0      0xc85 ./Drivers/STM32F4xx_HAL_Driver/Src/stm32f4xx_hal_cortex.o
 .debug_line    0x0000000000004645      0xb0e ./Drivers/STM32F4xx_HAL_Driver/Src/stm32f4xx_hal_gpio.o
 .debug_line    0x0000000000005153     0x1479 ./Drivers/STM32F4xx_HAL_Driver/Src/stm32f4xx_hal_pcd.o
 .debug_line    0x00000000000065cc      0xd52 ./Drivers/STM32F4xx_HAL_Driver/Src/stm32f4xx_hal_rcc.o
 .debug_line    0x000000000000731e     0x34a4 ./Drivers/STM32F4xx_HAL_Driver/Src/stm32f4xx_hal_tim.o
 .debug_line    0x000000000000a7c2     0x196e ./Drivers/STM32F4xx_HAL_Driver/Src/stm32f4xx_hal_tim_ex.o
 .debug_line    0x000000000000c130     0x1a93 ./Drivers/STM32F4xx_HAL_Driver/Src/stm32f4xx_ll_usb.o
 .debug_line    0x000000000000dbc3     0x13ff ./tinyusb-master/src/class/audio/audio_device.o
 .debug_line    0x000000000000efc2      0xede ./tinyusb-master/src/class/cdc/cdc_device.o
 .debug_line    0x000000000000fea0     0x1120 ./tinyusb-master/src/common/tusb_fifo.o
 .debug_line    0x0000000000010fc0     0x19b3 ./tinyusb-master/src/device/usbd.o
 .debug_line    0x0000000000012973      0xbe9 ./tinyusb-master/src/device/usbd_control.o
 .debug_line    0x000000000001355c     0x1a92 ./tinyusb-master/src/portable/st/synopsys/dcd_synopsys.o
 .debug_line    0x0000000000014fee      0xee7 ./tinyusb-master/src/tusb.o

.debug_str      0x0000000000000000    0xa031d
 .debug_str     0x0000000000000000    0x9a4e5 ./Core/Src/main.o
                                      0x9a8d8 (size before relaxing)
 .debug_str     0x000000000009a4e5       0xeb ./Core/Src/stm32f4xx_hal_msp.o
                                      0x86c11 (size before relaxing)
 .debug_str     0x000000000009a5d0       0xfe ./Core/Src/stm32f4xx_it.o
                                      0x95245 (size before relaxing)
 .debug_str     0x000000000009a6ce      0x12f ./Core/Src/system_stm32f4xx.o
                                      0x85fdb (size before relaxing)
 .debug_str     0x000000000009a7fd       0x36 ./Core/Startup/startup_stm32f411vetx.o
                                         0x81 (size before relaxing)
 .debug_str     0x000000000009a833      0x5fc ./Drivers/STM32F4xx_HAL_Driver/Src/stm32f4xx_hal.o
                                      0x869b3 (size before relaxing)
 .debug_str     0x000000000009ae2f      0x317 ./Drivers/STM32F4xx_HAL_Driver/Src/stm32f4xx_hal_cortex.o
                                      0x866d4 (size before relaxing)
 .debug_str     0x000000000009b146      0x121 ./Drivers/STM32F4xx_HAL_Driver/Src/stm32f4xx_hal_gpio.o
                                      0x86102 (size before relaxing)
 .debug_str     0x000000000009b267      0x811 ./Drivers/STM32F4xx_HAL_Driver/Src/stm32f4xx_hal_pcd.o
                                      0x86a37 (size before relaxing)
 .debug_str     0x000000000009ba78      0x21f ./Drivers/STM32F4xx_HAL_Driver/Src/stm32f4xx_hal_rcc.o
                                      0x863bb (size before relaxing)
 .debug_str     0x000000000009bc97      0xd44 ./Drivers/STM32F4xx_HAL_Driver/Src/stm32f4xx_hal_tim.o
                                      0x872ef (size before relaxing)
 .debug_str     0x000000000009c9db      0x493 ./Drivers/STM32F4xx_HAL_Driver/Src/stm32f4xx_hal_tim_ex.o
                                      0x86b0b (size before relaxing)
 .debug_str     0x000000000009ce6e      0x44d ./Drivers/STM32F4xx_HAL_Driver/Src/stm32f4xx_ll_usb.o
                                      0x8689f (size before relaxing)
 .debug_str     0x000000000009d2bb      0xe7c ./tinyusb-master/src/class/audio/audio_device.o
                                      0x14aff (size before relaxing)
 .debug_str     0x000000000009e137      0x9fc ./tinyusb-master/src/class/cdc/cdc_device.o
                                      0x14621 (size before relaxing)
 .debug_str     0x000000000009eb33      0x3ca ./tinyusb-master/src/common/tusb_fifo.o
                                       0xcdb3 (size before relaxing)
 .debug_str     0x000000000009eefd      0xb3d ./tinyusb-master/src/device/usbd.o
                                      0x17aee (size before relaxing)
 .debug_str     0x000000000009fa3a       0xee ./tinyusb-master/src/device/usbd_control.o
                                      0x16979 (size before relaxing)
 .debug_str     0x000000000009fb28      0x5ff ./tinyusb-master/src/portable/st/synopsys/dcd_synopsys.o
                                      0x8f9a4 (size before relaxing)
 .debug_str     0x00000000000a0127      0x1f6 ./tinyusb-master/src/tusb.o
                                      0x16df7 (size before relaxing)

.comment        0x0000000000000000       0x50
 .comment       0x0000000000000000       0x50 ./Core/Src/main.o
                                         0x51 (size before relaxing)
 .comment       0x0000000000000050       0x51 ./Core/Src/stm32f4xx_hal_msp.o
 .comment       0x0000000000000050       0x51 ./Core/Src/stm32f4xx_it.o
 .comment       0x0000000000000050       0x51 ./Core/Src/system_stm32f4xx.o
 .comment       0x0000000000000050       0x51 ./Drivers/STM32F4xx_HAL_Driver/Src/stm32f4xx_hal.o
 .comment       0x0000000000000050       0x51 ./Drivers/STM32F4xx_HAL_Driver/Src/stm32f4xx_hal_cortex.o
 .comment       0x0000000000000050       0x51 ./Drivers/STM32F4xx_HAL_Driver/Src/stm32f4xx_hal_gpio.o
 .comment       0x0000000000000050       0x51 ./Drivers/STM32F4xx_HAL_Driver/Src/stm32f4xx_hal_pcd.o
 .comment       0x0000000000000050       0x51 ./Drivers/STM32F4xx_HAL_Driver/Src/stm32f4xx_hal_rcc.o
 .comment       0x0000000000000050       0x51 ./Drivers/STM32F4xx_HAL_Driver/Src/stm32f4xx_hal_tim.o
 .comment       0x0000000000000050       0x51 ./Drivers/STM32F4xx_HAL_Driver/Src/stm32f4xx_hal_tim_ex.o
 .comment       0x0000000000000050       0x51 ./Drivers/STM32F4xx_HAL_Driver/Src/stm32f4xx_ll_usb.o
 .comment       0x0000000000000050       0x51 ./tinyusb-master/src/class/audio/audio_device.o
 .comment       0x0000000000000050       0x51 ./tinyusb-master/src/class/cdc/cdc_device.o
 .comment       0x0000000000000050       0x51 ./tinyusb-master/src/common/tusb_fifo.o
 .comment       0x0000000000000050       0x51 ./tinyusb-master/src/device/usbd.o
 .comment       0x0000000000000050       0x51 ./tinyusb-master/src/device/usbd_control.o
 .comment       0x0000000000000050       0x51 ./tinyusb-master/src/portable/st/synopsys/dcd_synopsys.o
 .comment       0x0000000000000050       0x51 ./tinyusb-master/src/tusb.o

.debug_frame    0x0000000000000000     0x53d8
 .debug_frame   0x0000000000000000      0x57c ./Core/Src/main.o
 .debug_frame   0x000000000000057c       0xcc ./Core/Src/stm32f4xx_hal_msp.o
 .debug_frame   0x0000000000000648      0x13c ./Core/Src/stm32f4xx_it.o
 .debug_frame   0x0000000000000784       0x58 ./Core/Src/system_stm32f4xx.o
 .debug_frame   0x00000000000007dc      0x374 ./Drivers/STM32F4xx_HAL_Driver/Src/stm32f4xx_hal.o
 .debug_frame   0x0000000000000b50      0x498 ./Drivers/STM32F4xx_HAL_Driver/Src/stm32f4xx_hal_cortex.o
 .debug_frame   0x0000000000000fe8      0x14c ./Drivers/STM32F4xx_HAL_Driver/Src/stm32f4xx_hal_gpio.o
 .debug_frame   0x0000000000001134      0x5bc ./Drivers/STM32F4xx_HAL_Driver/Src/stm32f4xx_hal_pcd.o
 .debug_frame   0x00000000000016f0      0x1f4 ./Drivers/STM32F4xx_HAL_Driver/Src/stm32f4xx_hal_rcc.o
 .debug_frame   0x00000000000018e4     0x11bc ./Drivers/STM32F4xx_HAL_Driver/Src/stm32f4xx_hal_tim.o
 .debug_frame   0x0000000000002aa0      0x638 ./Drivers/STM32F4xx_HAL_Driver/Src/stm32f4xx_hal_tim_ex.o
 .debug_frame   0x00000000000030d8      0x7c0 ./Drivers/STM32F4xx_HAL_Driver/Src/stm32f4xx_ll_usb.o
 .debug_frame   0x0000000000003898      0x414 ./tinyusb-master/src/class/audio/audio_device.o
 .debug_frame   0x0000000000003cac      0x2ac ./tinyusb-master/src/class/cdc/cdc_device.o
 .debug_frame   0x0000000000003f58      0x4c8 ./tinyusb-master/src/common/tusb_fifo.o
 .debug_frame   0x0000000000004420      0x4ec ./tinyusb-master/src/device/usbd.o
 .debug_frame   0x000000000000490c      0x130 ./tinyusb-master/src/device/usbd_control.o
 .debug_frame   0x0000000000004a3c      0x4ec ./tinyusb-master/src/portable/st/synopsys/dcd_synopsys.o
 .debug_frame   0x0000000000004f28      0x270 ./tinyusb-master/src/tusb.o
 .debug_frame   0x0000000000005198       0x2c c:/st/stm32cubeide_1.3.0/stm32cubeide/plugins/com.st.stm32cube.ide.mcu.externaltools.gnu-tools-for-stm32.10.3-2021.10.win32_1.0.200.202301161003/tools/bin/../lib/gcc/arm-none-eabi/10.3.1/../../../../arm-none-eabi/lib/thumb/v7e-m+fp/hard\libc_nano.a(lib_a-init.o)
 .debug_frame   0x00000000000051c4       0x28 c:/st/stm32cubeide_1.3.0/stm32cubeide/plugins/com.st.stm32cube.ide.mcu.externaltools.gnu-tools-for-stm32.10.3-2021.10.win32_1.0.200.202301161003/tools/bin/../lib/gcc/arm-none-eabi/10.3.1/../../../../arm-none-eabi/lib/thumb/v7e-m+fp/hard\libc_nano.a(lib_a-memcpy-stub.o)
 .debug_frame   0x00000000000051ec       0x20 c:/st/stm32cubeide_1.3.0/stm32cubeide/plugins/com.st.stm32cube.ide.mcu.externaltools.gnu-tools-for-stm32.10.3-2021.10.win32_1.0.200.202301161003/tools/bin/../lib/gcc/arm-none-eabi/10.3.1/../../../../arm-none-eabi/lib/thumb/v7e-m+fp/hard\libc_nano.a(lib_a-memset.o)
 .debug_frame   0x000000000000520c       0x38 c:/st/stm32cubeide_1.3.0/stm32cubeide/plugins/com.st.stm32cube.ide.mcu.externaltools.gnu-tools-for-stm32.10.3-2021.10.win32_1.0.200.202301161003/tools/bin/../lib/gcc/arm-none-eabi/10.3.1/../../../../arm-none-eabi/lib/thumb/v7e-m+fp/hard\libm.a(lib_a-sf_sin.o)
 .debug_frame   0x0000000000005244       0x38 c:/st/stm32cubeide_1.3.0/stm32cubeide/plugins/com.st.stm32cube.ide.mcu.externaltools.gnu-tools-for-stm32.10.3-2021.10.win32_1.0.200.202301161003/tools/bin/../lib/gcc/arm-none-eabi/10.3.1/../../../../arm-none-eabi/lib/thumb/v7e-m+fp/hard\libm.a(lib_a-ef_rem_pio2.o)
 .debug_frame   0x000000000000527c       0x20 c:/st/stm32cubeide_1.3.0/stm32cubeide/plugins/com.st.stm32cube.ide.mcu.externaltools.gnu-tools-for-stm32.10.3-2021.10.win32_1.0.200.202301161003/tools/bin/../lib/gcc/arm-none-eabi/10.3.1/../../../../arm-none-eabi/lib/thumb/v7e-m+fp/hard\libm.a(lib_a-kf_cos.o)