Archive member included to satisfy reference by file (symbol)

c:/st/stm32cubeide_1.3.0/stm32cubeide/plugins/com.st.stm32cube.ide.mcu.externaltools.gnu-tools-for-stm32.10.3-2021.10.win32_1.0.200.202301161003/tools/bin/../lib/gcc/arm-none-eabi/10.3.1/../../../../arm-none-eabi/lib/thumb/v7e-m+fp/hard\libc_nano.a(lib_a-errno.o)
                              ./Core/Src/syscalls.o (__errno)
c:/st/stm32cubeide_1.3.0/stm32cubeide/plugins/com.st.stm32cube.ide.mcu.externaltools.gnu-tools-for-stm32.10.3-2021.10.win32_1.0.200.202301161003/tools/bin/../lib/gcc/arm-none-eabi/10.3.1/../../../../arm-none-eabi/lib/thumb/v7e-m+fp/hard\libc_nano.a(lib_a-exit.o)
                              c:/st/stm32cubeide_1.3.0/stm32cubeide/plugins/com.st.stm32cube.ide.mcu.externaltools.gnu-tools-for-stm32.10.3-2021.10.win32_1.0.200.202301161003/tools/bin/../lib/gcc/arm-none-eabi/10.3.1/../../../../arm-none-eabi/lib/thumb/v7e-m+fp/hard/crt0.o (exit)
c:/st/stm32cubeide_1.3.0/stm32cubeide/plugins/com.st.stm32cube.ide.mcu.externaltools.gnu-tools-for-stm32.10.3-2021.10.win32_1.0.200.202301161003/tools/bin/../lib/gcc/arm-none-eabi/10.3.1/../../../../arm-none-eabi/lib/thumb/v7e-m+fp/hard\libc_nano.a(lib_a-impure.o)
                              c:/st/stm32cubeide_1.3.0/stm32cubeide/plugins/com.st.stm32cube.ide.mcu.externaltools.gnu-tools-for-stm32.10.3-2021.10.win32_1.0.200.202301161003/tools/bin/../lib/gcc/arm-none-eabi/10.3.1/../../../../arm-none-eabi/lib/thumb/v7e-m+fp/hard\libc_nano.a(lib_a-exit.o) (_global_impure_ptr)
c:/st/stm32cubeide_1.3.0/stm32cubeide/plugins/com.st.stm32cube.ide.mcu.externaltools.gnu-tools-for-stm32.10.3-2021.10.win32_1.0.200.202301161003/tools/bin/../lib/gcc/arm-none-eabi/10.3.1/../../../../arm-none-eabi/lib/thumb/v7e-m+fp/hard\libc_nano.a(lib_a-init.o)
                              c:/st/stm32cubeide_1.3.0/stm32cubeide/plugins/com.st.stm32cube.ide.mcu.externaltools.gnu-tools-for-stm32.10.3-2021.10.win32_1.0.200.202301161003/tools/bin/../lib/gcc/arm-none-eabi/10.3.1/../../../../arm-none-eabi/lib/thumb/v7e-m+fp/hard/crt0.o (__libc_init_array)
c:/st/stm32cubeide_1.3.0/stm32cubeide/plugins/com.st.stm32cube.ide.mcu.externaltools.gnu-tools-for-stm32.10.3-2021.10.win32_1.0.200.202301161003/tools/bin/../lib/gcc/arm-none-eabi/10.3.1/../../../../arm-none-eabi/lib/thumb/v7e-m+fp/hard\libc_nano.a(lib_a-memcpy-stub.o)
                              ./tinyusb-master/src/class/audio/audio_device.o (memcpy)
c:/st/stm32cubeide_1.3.0/stm32cubeide/plugins/com.st.stm32cube.ide.mcu.externaltools.gnu-tools-for-stm32.10.3-2021.10.win32_1.0.200.202301161003/tools/bin/../lib/gcc/arm-none-eabi/10.3.1/../../../../arm-none-eabi/lib/thumb/v7e-m+fp/hard\libc_nano.a(lib_a-memset.o)
                              c:/st/stm32cubeide_1.3.0/stm32cubeide/plugins/com.st.stm32cube.ide.mcu.externaltools.gnu-tools-for-stm32.10.3-2021.10.win32_1.0.200.202301161003/tools/bin/../lib/gcc/arm-none-eabi/10.3.1/../../../../arm-none-eabi/lib/thumb/v7e-m+fp/hard/crt0.o (memset)
c:/st/stm32cubeide_1.3.0/stm32cubeide/plugins/com.st.stm32cube.ide.mcu.externaltools.gnu-tools-for-stm32.10.3-2021.10.win32_1.0.200.202301161003/tools/bin/../lib/gcc/arm-none-eabi/10.3.1/../../../../arm-none-eabi/lib/thumb/v7e-m+fp/hard\libc_nano.a(lib_a-strlen.o)
                              ./Core/Src/usb_descriptors.o (strlen)
c:/st/stm32cubeide_1.3.0/stm32cubeide/plugins/com.st.stm32cube.ide.mcu.externaltools.gnu-tools-for-stm32.10.3-2021.10.win32_1.0.200.202301161003/tools/bin/../lib/gcc/arm-none-eabi/10.3.1/thumb/v7e-m+fp/hard\libgcc.a(_aeabi_uldivmod.o)
                              ./Drivers/STM32F4xx_HAL_Driver/Src/stm32f4xx_hal_rcc.o (__aeabi_uldivmod)
c:/st/stm32cubeide_1.3.0/stm32cubeide/plugins/com.st.stm32cube.ide.mcu.externaltools.gnu-tools-for-stm32.10.3-2021.10.win32_1.0.200.202301161003/tools/bin/../lib/gcc/arm-none-eabi/10.3.1/thumb/v7e-m+fp/hard\libgcc.a(_udivmoddi4.o)
                              c:/st/stm32cubeide_1.3.0/stm32cubeide/plugins/com.st.stm32cube.ide.mcu.externaltools.gnu-tools-for-stm32.10.3-2021.10.win32_1.0.200.202301161003/tools/bin/../lib/gcc/arm-none-eabi/10.3.1/thumb/v7e-m+fp/hard\libgcc.a(_aeabi_uldivmod.o) (__udivmoddi4)
c:/st/stm32cubeide_1.3.0/stm32cubeide/plugins/com.st.stm32cube.ide.mcu.externaltools.gnu-tools-for-stm32.10.3-2021.10.win32_1.0.200.202301161003/tools/bin/../lib/gcc/arm-none-eabi/10.3.1/thumb/v7e-m+fp/hard\libgcc.a(_dvmd_tls.o)
                              c:/st/stm32cubeide_1.3.0/stm32cubeide/plugins/com.st.stm32cube.ide.mcu.externaltools.gnu-tools-for-stm32.10.3-2021.10.win32_1.0.200.202301161003/tools/bin/../lib/gcc/arm-none-eabi/10.3.1/thumb/v7e-m+fp/hard\libgcc.a(_aeabi_uldivmod.o) (__aeabi_ldiv0)

Discarded input sections

 .text          0x0000000000000000        0x0 c:/st/stm32cubeide_1.3.0/stm32cubeide/plugins/com.st.stm32cube.ide.mcu.externaltools.gnu-tools-for-stm32.10.3-2021.10.win32_1.0.200.202301161003/tools/bin/../lib/gcc/arm-none-eabi/10.3.1/thumb/v7e-m+fp/hard/crti.o
[...]
Memory Configuration

Name             Origin             Length             Attributes
RAM              0x0000000020000000 0x0000000000020000 xrw
FLASH            0x0000000008000000 0x0000000000080000 xr
*default*        0x0000000000000000 0xffffffffffffffff

Linker script and memory map

LOAD c:/st/stm32cubeide_1.3.0/stm32cubeide/plugins/com.st.stm32cube.ide.mcu.externaltools.gnu-tools-for-stm32.10.3-2021.10.win32_1.0.200.202301161003/tools/bin/../lib/gcc/arm-none-eabi/10.3.1/thumb/v7e-m+fp/hard/crti.o
LOAD c:/st/stm32cubeide_1.3.0/stm32cubeide/plugins/com.st.stm32cube.ide.mcu.externaltools.gnu-tools-for-stm32.10.3-2021.10.win32_1.0.200.202301161003/tools/bin/../lib/gcc/arm-none-eabi/10.3.1/thumb/v7e-m+fp/hard/crtbegin.o
LOAD c:/st/stm32cubeide_1.3.0/stm32cubeide/plugins/com.st.stm32cube.ide.mcu.externaltools.gnu-tools-for-stm32.10.3-2021.10.win32_1.0.200.202301161003/tools/bin/../lib/gcc/arm-none-eabi/10.3.1/../../../../arm-none-eabi/lib/thumb/v7e-m+fp/hard/crt0.o
LOAD ./Core/Src/main.o
LOAD ./Core/Src/stm32f4xx_hal_msp.o
LOAD ./Core/Src/stm32f4xx_it.o
LOAD ./Core/Src/syscalls.o
LOAD ./Core/Src/sysmem.o
LOAD ./Core/Src/system_stm32f4xx.o
LOAD ./Core/Src/usb_descriptors.o
LOAD ./Core/Startup/startup_stm32f411vetx.o
LOAD ./Drivers/STM32F4xx_HAL_Driver/Src/stm32f4xx_hal.o
LOAD ./Drivers/STM32F4xx_HAL_Driver/Src/stm32f4xx_hal_cortex.o
LOAD ./Drivers/STM32F4xx_HAL_Driver/Src/stm32f4xx_hal_dma.o
LOAD ./Drivers/STM32F4xx_HAL_Driver/Src/stm32f4xx_hal_dma_ex.o
LOAD ./Drivers/STM32F4xx_HAL_Driver/Src/stm32f4xx_hal_exti.o
LOAD ./Drivers/STM32F4xx_HAL_Driver/Src/stm32f4xx_hal_flash.o
LOAD ./Drivers/STM32F4xx_HAL_Driver/Src/stm32f4xx_hal_flash_ex.o
LOAD ./Drivers/STM32F4xx_HAL_Driver/Src/stm32f4xx_hal_flash_ramfunc.o
LOAD ./Drivers/STM32F4xx_HAL_Driver/Src/stm32f4xx_hal_gpio.o
LOAD ./Drivers/STM32F4xx_HAL_Driver/Src/stm32f4xx_hal_pcd.o
LOAD ./Drivers/STM32F4xx_HAL_Driver/Src/stm32f4xx_hal_pcd_ex.o
LOAD ./Drivers/STM32F4xx_HAL_Driver/Src/stm32f4xx_hal_pwr.o
LOAD ./Drivers/STM32F4xx_HAL_Driver/Src/stm32f4xx_hal_pwr_ex.o
LOAD ./Drivers/STM32F4xx_HAL_Driver/Src/stm32f4xx_hal_rcc.o
LOAD ./Drivers/STM32F4xx_HAL_Driver/Src/stm32f4xx_hal_rcc_ex.o
LOAD ./Drivers/STM32F4xx_HAL_Driver/Src/stm32f4xx_hal_tim.o
LOAD ./Drivers/STM32F4xx_HAL_Driver/Src/stm32f4xx_hal_tim_ex.o
LOAD ./Drivers/STM32F4xx_HAL_Driver/Src/stm32f4xx_ll_usb.o
LOAD ./tinyusb-master/src/class/audio/audio_device.o
LOAD ./tinyusb-master/src/class/bth/bth_device.o
LOAD ./tinyusb-master/src/class/cdc/cdc_device.o
LOAD ./tinyusb-master/src/class/cdc/cdc_host.o
LOAD ./tinyusb-master/src/class/cdc/cdc_rndis_host.o
LOAD ./tinyusb-master/src/class/dfu/dfu_device.o
LOAD ./tinyusb-master/src/class/dfu/dfu_rt_device.o
LOAD ./tinyusb-master/src/class/hid/hid_device.o
LOAD ./tinyusb-master/src/class/hid/hid_host.o
LOAD ./tinyusb-master/src/class/midi/midi_device.o
LOAD ./tinyusb-master/src/class/msc/msc_device.o
LOAD ./tinyusb-master/src/class/msc/msc_host.o
LOAD ./tinyusb-master/src/class/net/ecm_rndis_device.o
LOAD ./tinyusb-master/src/class/net/ncm_device.o
LOAD ./tinyusb-master/src/class/usbtmc/usbtmc_device.o
LOAD ./tinyusb-master/src/class/vendor/vendor_device.o
LOAD ./tinyusb-master/src/class/vendor/vendor_host.o
LOAD ./tinyusb-master/src/class/video/video_device.o
LOAD ./tinyusb-master/src/common/tusb_fifo.o
LOAD ./tinyusb-master/src/device/usbd.o
LOAD ./tinyusb-master/src/device/usbd_control.o
LOAD ./tinyusb-master/src/host/hub.o
LOAD ./tinyusb-master/src/host/usbh.o
LOAD ./tinyusb-master/src/portable/bridgetek/ft9xx/dcd_ft9xx.o
LOAD ./tinyusb-master/src/portable/chipidea/ci_hs/dcd_ci_hs.o
LOAD ./tinyusb-master/src/portable/chipidea/ci_hs/hcd_ci_hs.o
LOAD ./tinyusb-master/src/portable/dialog/da146xx/dcd_da146xx.o
LOAD ./tinyusb-master/src/portable/ehci/ehci.o
LOAD ./tinyusb-master/src/portable/espressif/esp32sx/dcd_esp32sx.o
LOAD ./tinyusb-master/src/portable/mentor/musb/dcd_musb.o
LOAD ./tinyusb-master/src/portable/mentor/musb/hcd_musb.o
LOAD ./tinyusb-master/src/portable/microchip/pic/dcd_pic.o
LOAD ./tinyusb-master/src/portable/microchip/pic32mz/dcd_pic32mz.o
LOAD ./tinyusb-master/src/portable/microchip/samd/dcd_samd.o
LOAD ./tinyusb-master/src/portable/microchip/samg/dcd_samg.o
LOAD ./tinyusb-master/src/portable/microchip/samx7x/dcd_samx7x.o
LOAD ./tinyusb-master/src/portable/mindmotion/mm32/dcd_mm32f327x_otg.o
LOAD ./tinyusb-master/src/portable/nordic/nrf5x/dcd_nrf5x.o
LOAD ./tinyusb-master/src/portable/nuvoton/nuc120/dcd_nuc120.o
LOAD ./tinyusb-master/src/portable/nuvoton/nuc121/dcd_nuc121.o
LOAD ./tinyusb-master/src/portable/nuvoton/nuc505/dcd_nuc505.o
LOAD ./tinyusb-master/src/portable/nxp/khci/dcd_khci.o
LOAD ./tinyusb-master/src/portable/nxp/khci/hcd_khci.o
LOAD ./tinyusb-master/src/portable/nxp/lpc17_40/dcd_lpc17_40.o
LOAD ./tinyusb-master/src/portable/nxp/lpc17_40/hcd_lpc17_40.o
LOAD ./tinyusb-master/src/portable/nxp/lpc_ip3511/dcd_lpc_ip3511.o
LOAD ./tinyusb-master/src/portable/nxp/transdimension/dcd_transdimension.o
LOAD ./tinyusb-master/src/portable/nxp/transdimension/hcd_transdimension.o
LOAD ./tinyusb-master/src/portable/ohci/ohci.o
LOAD ./tinyusb-master/src/portable/raspberrypi/pio_usb/dcd_pio_usb.o
LOAD ./tinyusb-master/src/portable/raspberrypi/pio_usb/hcd_pio_usb.o
LOAD ./tinyusb-master/src/portable/raspberrypi/rp2040/dcd_rp2040.o
LOAD ./tinyusb-master/src/portable/raspberrypi/rp2040/hcd_rp2040.o
LOAD ./tinyusb-master/src/portable/raspberrypi/rp2040/rp2040_usb.o
LOAD ./tinyusb-master/src/portable/renesas/rusb2/dcd_rusb2.o
LOAD ./tinyusb-master/src/portable/renesas/rusb2/hcd_rusb2.o
LOAD ./tinyusb-master/src/portable/sony/cxd56/dcd_cxd56.o
LOAD ./tinyusb-master/src/portable/st/stm32_fsdev/dcd_stm32_fsdev.o
LOAD ./tinyusb-master/src/portable/st/synopsys/dcd_synopsys.o
LOAD ./tinyusb-master/src/portable/sunxi/dcd_sunxi_musb.o
LOAD ./tinyusb-master/src/portable/template/dcd_template.o
LOAD ./tinyusb-master/src/portable/ti/msp430x5xx/dcd_msp430x5xx.o
LOAD ./tinyusb-master/src/portable/valentyusb/eptri/dcd_eptri.o
LOAD ./tinyusb-master/src/portable/wch/ch32v307/dcd_usbhs.o
LOAD ./tinyusb-master/src/tusb.o
START GROUP
LOAD c:/st/stm32cubeide_1.3.0/stm32cubeide/plugins/com.st.stm32cube.ide.mcu.externaltools.gnu-tools-for-stm32.10.3-2021.10.win32_1.0.200.202301161003/tools/bin/../lib/gcc/arm-none-eabi/10.3.1/../../../../arm-none-eabi/lib/thumb/v7e-m+fp/hard\libc_nano.a
LOAD c:/st/stm32cubeide_1.3.0/stm32cubeide/plugins/com.st.stm32cube.ide.mcu.externaltools.gnu-tools-for-stm32.10.3-2021.10.win32_1.0.200.202301161003/tools/bin/../lib/gcc/arm-none-eabi/10.3.1/../../../../arm-none-eabi/lib/thumb/v7e-m+fp/hard\libm.a
END GROUP
START GROUP
LOAD c:/st/stm32cubeide_1.3.0/stm32cubeide/plugins/com.st.stm32cube.ide.mcu.externaltools.gnu-tools-for-stm32.10.3-2021.10.win32_1.0.200.202301161003/tools/bin/../lib/gcc/arm-none-eabi/10.3.1/thumb/v7e-m+fp/hard\libgcc.a
LOAD c:/st/stm32cubeide_1.3.0/stm32cubeide/plugins/com.st.stm32cube.ide.mcu.externaltools.gnu-tools-for-stm32.10.3-2021.10.win32_1.0.200.202301161003/tools/bin/../lib/gcc/arm-none-eabi/10.3.1/../../../../arm-none-eabi/lib/thumb/v7e-m+fp/hard\libc_nano.a
END GROUP
START GROUP
LOAD c:/st/stm32cubeide_1.3.0/stm32cubeide/plugins/com.st.stm32cube.ide.mcu.externaltools.gnu-tools-for-stm32.10.3-2021.10.win32_1.0.200.202301161003/tools/bin/../lib/gcc/arm-none-eabi/10.3.1/thumb/v7e-m+fp/hard\libgcc.a
LOAD c:/st/stm32cubeide_1.3.0/stm32cubeide/plugins/com.st.stm32cube.ide.mcu.externaltools.gnu-tools-for-stm32.10.3-2021.10.win32_1.0.200.202301161003/tools/bin/../lib/gcc/arm-none-eabi/10.3.1/../../../../arm-none-eabi/lib/thumb/v7e-m+fp/hard\libc_nano.a
LOAD c:/st/stm32cubeide_1.3.0/stm32cubeide/plugins/com.st.stm32cube.ide.mcu.externaltools.gnu-tools-for-stm32.10.3-2021.10.win32_1.0.200.202301161003/tools/bin/../lib/gcc/arm-none-eabi/10.3.1/../../../../arm-none-eabi/lib/thumb/v7e-m+fp/hard\libnosys.a
END GROUP
START GROUP
LOAD c:/st/stm32cubeide_1.3.0/stm32cubeide/plugins/com.st.stm32cube.ide.mcu.externaltools.gnu-tools-for-stm32.10.3-2021.10.win32_1.0.200.202301161003/tools/bin/../lib/gcc/arm-none-eabi/10.3.1/thumb/v7e-m+fp/hard\libgcc.a
LOAD c:/st/stm32cubeide_1.3.0/stm32cubeide/plugins/com.st.stm32cube.ide.mcu.externaltools.gnu-tools-for-stm32.10.3-2021.10.win32_1.0.200.202301161003/tools/bin/../lib/gcc/arm-none-eabi/10.3.1/../../../../arm-none-eabi/lib/thumb/v7e-m+fp/hard\libc_nano.a
LOAD c:/st/stm32cubeide_1.3.0/stm32cubeide/plugins/com.st.stm32cube.ide.mcu.externaltools.gnu-tools-for-stm32.10.3-2021.10.win32_1.0.200.202301161003/tools/bin/../lib/gcc/arm-none-eabi/10.3.1/../../../../arm-none-eabi/lib/thumb/v7e-m+fp/hard\libnosys.a
END GROUP
LOAD c:/st/stm32cubeide_1.3.0/stm32cubeide/plugins/com.st.stm32cube.ide.mcu.externaltools.gnu-tools-for-stm32.10.3-2021.10.win32_1.0.200.202301161003/tools/bin/../lib/gcc/arm-none-eabi/10.3.1/thumb/v7e-m+fp/hard/crtend.o
LOAD c:/st/stm32cubeide_1.3.0/stm32cubeide/plugins/com.st.stm32cube.ide.mcu.externaltools.gnu-tools-for-stm32.10.3-2021.10.win32_1.0.200.202301161003/tools/bin/../lib/gcc/arm-none-eabi/10.3.1/thumb/v7e-m+fp/hard/crtn.o
                0x0000000020020000                _estack = (ORIGIN (RAM) + LENGTH (RAM))
                0x0000000000000200                _Min_Heap_Size = 0x200
                0x0000000000000400                _Min_Stack_Size = 0x400

.isr_vector     0x0000000008000000      0x198
                0x0000000008000000                . = ALIGN (0x4)
 *(.isr_vector)
 .isr_vector    0x0000000008000000      0x198 ./Core/Startup/startup_stm32f411vetx.o
                0x0000000008000000                g_pfnVectors
                0x0000000008000198                . = ALIGN (0x4)

.text           0x0000000008000198     0x870c
                0x0000000008000198                . = ALIGN (0x4)
 *(.text)
 .text          0x0000000008000198       0x40 c:/st/stm32cubeide_1.3.0/stm32cubeide/plugins/com.st.stm32cube.ide.mcu.externaltools.gnu-tools-for-stm32.10.3-2021.10.win32_1.0.200.202301161003/tools/bin/../lib/gcc/arm-none-eabi/10.3.1/thumb/v7e-m+fp/hard/crtbegin.o
 .text          0x00000000080001d8       0x10 c:/st/stm32cubeide_1.3.0/stm32cubeide/plugins/com.st.stm32cube.ide.mcu.externaltools.gnu-tools-for-stm32.10.3-2021.10.win32_1.0.200.202301161003/tools/bin/../lib/gcc/arm-none-eabi/10.3.1/../../../../arm-none-eabi/lib/thumb/v7e-m+fp/hard\libc_nano.a(lib_a-strlen.o)
                0x00000000080001d8                strlen
 .text          0x00000000080001e8       0x30 c:/st/stm32cubeide_1.3.0/stm32cubeide/plugins/com.st.stm32cube.ide.mcu.externaltools.gnu-tools-for-stm32.10.3-2021.10.win32_1.0.200.202301161003/tools/bin/../lib/gcc/arm-none-eabi/10.3.1/thumb/v7e-m+fp/hard\libgcc.a(_aeabi_uldivmod.o)
                0x00000000080001e8                __aeabi_uldivmod
 .text          0x0000000008000218      0x2d0 c:/st/stm32cubeide_1.3.0/stm32cubeide/plugins/com.st.stm32cube.ide.mcu.externaltools.gnu-tools-for-stm32.10.3-2021.10.win32_1.0.200.202301161003/tools/bin/../lib/gcc/arm-none-eabi/10.3.1/thumb/v7e-m+fp/hard\libgcc.a(_udivmoddi4.o)
                0x0000000008000218                __udivmoddi4
 .text          0x00000000080004e8        0x4 c:/st/stm32cubeide_1.3.0/stm32cubeide/plugins/com.st.stm32cube.ide.mcu.externaltools.gnu-tools-for-stm32.10.3-2021.10.win32_1.0.200.202301161003/tools/bin/../lib/gcc/arm-none-eabi/10.3.1/thumb/v7e-m+fp/hard\libgcc.a(_dvmd_tls.o)
                0x00000000080004e8                __aeabi_idiv0
                0x00000000080004e8                __aeabi_ldiv0
 *(.text*)
 .text.tud_cdc_connected
                0x00000000080004ec       0x10 ./Core/Src/main.o
 .text.tud_cdc_available
                0x00000000080004fc       0x10 ./Core/Src/main.o
 .text.tud_cdc_read
                0x000000000800050c       0x1e ./Core/Src/main.o
 .text.tud_cdc_write
                0x000000000800052a       0x1e ./Core/Src/main.o
 .text.tud_cdc_write_flush
                0x0000000008000548       0x10 ./Core/Src/main.o
 .text.tud_cdc_write_available
                0x0000000008000558       0x10 ./Core/Src/main.o
 .text.tud_audio_read
                0x0000000008000568       0x22 ./Core/Src/main.o
 .text.tud_audio_write
                0x000000000800058a       0x22 ./Core/Src/main.o
 .text.tud_mount_cb
                0x00000000080005ac       0x1c ./Core/Src/main.o
                0x00000000080005ac                tud_mount_cb
 .text.tud_umount_cb
                0x00000000080005c8       0x18 ./Core/Src/main.o
                0x00000000080005c8                tud_umount_cb
 .text.tud_suspend_cb
                0x00000000080005e0       0x24 ./Core/Src/main.o
                0x00000000080005e0                tud_suspend_cb
 .text.tud_resume_cb
                0x0000000008000604       0x1c ./Core/Src/main.o
                0x0000000008000604                tud_resume_cb
 .text.tud_audio_clock_get_request
                0x0000000008000620      0x134 ./Core/Src/main.o
 .text.tud_audio_clock_set_request
                0x0000000008000754       0x74 ./Core/Src/main.o
 .text.tud_audio_feature_unit_get_request
                0x00000000080007c8       0xcc ./Core/Src/main.o
 .text.tud_audio_feature_unit_set_request
                0x0000000008000894       0xac ./Core/Src/main.o
 .text.tud_audio_get_req_entity_cb
                0x0000000008000940       0x46 ./Core/Src/main.o
                0x0000000008000940                tud_audio_get_req_entity_cb
 .text.tud_audio_set_req_entity_cb
                0x0000000008000986       0x4c ./Core/Src/main.o
                0x0000000008000986                tud_audio_set_req_entity_cb
 *fill*         0x00000000080009d2        0x2 
 .text.tud_audio_set_itf_close_EP_cb
                0x00000000080009d4       0x50 ./Core/Src/main.o
                0x00000000080009d4                tud_audio_set_itf_close_EP_cb
 .text.tud_audio_set_itf_cb
                0x0000000008000a24       0x70 ./Core/Src/main.o
                0x0000000008000a24                tud_audio_set_itf_cb
 .text.tud_audio_rx_done_pre_read_cb
                0x0000000008000a94       0x44 ./Core/Src/main.o
                0x0000000008000a94                tud_audio_rx_done_pre_read_cb
 .text.tud_audio_tx_done_post_load_cb
                0x0000000008000ad8       0xa0 ./Core/Src/main.o
                0x0000000008000ad8                tud_audio_tx_done_post_load_cb
 .text.tud_cdc_line_state_cb
                0x0000000008000b78       0x1e ./Core/Src/main.o
                0x0000000008000b78                tud_cdc_line_state_cb
 .text.tud_cdc_rx_cb
                0x0000000008000b96       0x16 ./Core/Src/main.o
                0x0000000008000b96                tud_cdc_rx_cb
 .text.cdc_task
                0x0000000008000bac       0x68 ./Core/Src/main.o
                0x0000000008000bac                cdc_task
 .text.audio_task
                0x0000000008000c14        0xe ./Core/Src/main.o
                0x0000000008000c14                audio_task
 .text.board_millis
                0x0000000008000c22        0xe ./Core/Src/main.o
                0x0000000008000c22                board_millis
 .text.led_blinking_task
                0x0000000008000c30       0x50 ./Core/Src/main.o
                0x0000000008000c30                led_blinking_task
 .text.DWT_Delay_Init
                0x0000000008000c80       0x60 ./Core/Src/main.o
                0x0000000008000c80                DWT_Delay_Init
 .text.DWT_Delay_us
                0x0000000008000ce0       0x48 ./Core/Src/main.o
 .text.main     0x0000000008000d28       0xb4 ./Core/Src/main.o
                0x0000000008000d28                main
 .text.SystemClock_Config
                0x0000000008000ddc       0xd0 ./Core/Src/main.o
                0x0000000008000ddc                SystemClock_Config
 .text.MX_NVIC_Init
                0x0000000008000eac       0x18 ./Core/Src/main.o
 .text.MX_USB_OTG_FS_PCD_Init
                0x0000000008000ec4       0x5c ./Core/Src/main.o
 .text.MX_GPIO_Init
                0x0000000008000f20       0x50 ./Core/Src/main.o
 .text.Error_Handler
                0x0000000008000f70        0xa ./Core/Src/main.o
                0x0000000008000f70                Error_Handler
 *fill*         0x0000000008000f7a        0x2 
 .text.HAL_MspInit
                0x0000000008000f7c       0x50 ./Core/Src/stm32f4xx_hal_msp.o
                0x0000000008000f7c                HAL_MspInit
 .text.HAL_PCD_MspInit
                0x0000000008000fcc       0x98 ./Core/Src/stm32f4xx_hal_msp.o
                0x0000000008000fcc                HAL_PCD_MspInit
 .text.NMI_Handler
                0x0000000008001064        0x6 ./Core/Src/stm32f4xx_it.o
                0x0000000008001064                NMI_Handler
 .text.HardFault_Handler
                0x000000000800106a        0x6 ./Core/Src/stm32f4xx_it.o
                0x000000000800106a                HardFault_Handler
 .text.MemManage_Handler
                0x0000000008001070        0x6 ./Core/Src/stm32f4xx_it.o
                0x0000000008001070                MemManage_Handler
 .text.BusFault_Handler
                0x0000000008001076        0x6 ./Core/Src/stm32f4xx_it.o
                0x0000000008001076                BusFault_Handler
 .text.UsageFault_Handler
                0x000000000800107c        0x6 ./Core/Src/stm32f4xx_it.o
                0x000000000800107c                UsageFault_Handler
 .text.SVC_Handler
                0x0000000008001082        0xe ./Core/Src/stm32f4xx_it.o
                0x0000000008001082                SVC_Handler
 .text.DebugMon_Handler
                0x0000000008001090        0xe ./Core/Src/stm32f4xx_it.o
                0x0000000008001090                DebugMon_Handler
 .text.PendSV_Handler
                0x000000000800109e        0xe ./Core/Src/stm32f4xx_it.o
                0x000000000800109e                PendSV_Handler
 .text.SysTick_Handler
                0x00000000080010ac        0xc ./Core/Src/stm32f4xx_it.o
                0x00000000080010ac                SysTick_Handler
 .text.OTG_FS_IRQHandler
                0x00000000080010b8        0xe ./Core/Src/stm32f4xx_it.o
                0x00000000080010b8                OTG_FS_IRQHandler
 *fill*         0x00000000080010c6        0x2 
 .text.SystemInit
                0x00000000080010c8       0x2c ./Core/Src/system_stm32f4xx.o
                0x00000000080010c8                SystemInit
 .text.tud_descriptor_device_cb
                0x00000000080010f4       0x14 ./Core/Src/usb_descriptors.o
                0x00000000080010f4                tud_descriptor_device_cb
 .text.tud_descriptor_configuration_cb
                0x0000000008001108       0x1c ./Core/Src/usb_descriptors.o
                0x0000000008001108                tud_descriptor_configuration_cb
 .text.tud_descriptor_string_cb
                0x0000000008001124       0xa4 ./Core/Src/usb_descriptors.o
                0x0000000008001124                tud_descriptor_string_cb
 .text.Reset_Handler
                0x00000000080011c8       0x50 ./Core/Startup/startup_stm32f411vetx.o
                0x00000000080011c8                Reset_Handler
 .text.Default_Handler
                0x0000000008001218        0x2 ./Core/Startup/startup_stm32f411vetx.o
                0x0000000008001218                RTC_Alarm_IRQHandler
                0x0000000008001218                EXTI2_IRQHandler
                0x0000000008001218                SPI4_IRQHandler
                0x0000000008001218                TIM1_CC_IRQHandler
                0x0000000008001218                DMA2_Stream5_IRQHandler
                0x0000000008001218                DMA1_Stream5_IRQHandler
                0x0000000008001218                PVD_IRQHandler
                0x0000000008001218                SDIO_IRQHandler
                0x0000000008001218                TAMP_STAMP_IRQHandler
                0x0000000008001218                EXTI3_IRQHandler
                0x0000000008001218                TIM1_UP_TIM10_IRQHandler
                0x0000000008001218                I2C3_ER_IRQHandler
                0x0000000008001218                EXTI0_IRQHandler
                0x0000000008001218                I2C2_EV_IRQHandler
                0x0000000008001218                DMA1_Stream2_IRQHandler
                0x0000000008001218                FPU_IRQHandler
                0x0000000008001218                DMA2_Stream2_IRQHandler
                0x0000000008001218                SPI1_IRQHandler
                0x0000000008001218                TIM1_BRK_TIM9_IRQHandler
                0x0000000008001218                DMA2_Stream3_IRQHandler
                0x0000000008001218                USART6_IRQHandler
                0x0000000008001218                DMA2_Stream0_IRQHandler
                0x0000000008001218                TIM4_IRQHandler
                0x0000000008001218                I2C1_EV_IRQHandler
                0x0000000008001218                DMA1_Stream6_IRQHandler
                0x0000000008001218                DMA1_Stream1_IRQHandler
                0x0000000008001218                TIM3_IRQHandler
                0x0000000008001218                RCC_IRQHandler
                0x0000000008001218                Default_Handler
                0x0000000008001218                EXTI15_10_IRQHandler
                0x0000000008001218                ADC_IRQHandler
                0x0000000008001218                DMA1_Stream7_IRQHandler
                0x0000000008001218                SPI5_IRQHandler
                0x0000000008001218                TIM5_IRQHandler
                0x0000000008001218                DMA2_Stream7_IRQHandler
                0x0000000008001218                I2C3_EV_IRQHandler
                0x0000000008001218                EXTI9_5_IRQHandler
                0x0000000008001218                RTC_WKUP_IRQHandler
                0x0000000008001218                SPI2_IRQHandler
                0x0000000008001218                DMA1_Stream0_IRQHandler
                0x0000000008001218                EXTI4_IRQHandler
                0x0000000008001218                WWDG_IRQHandler
                0x0000000008001218                TIM2_IRQHandler
                0x0000000008001218                OTG_FS_WKUP_IRQHandler
                0x0000000008001218                TIM1_TRG_COM_TIM11_IRQHandler
                0x0000000008001218                EXTI1_IRQHandler
                0x0000000008001218                USART2_IRQHandler
                0x0000000008001218                I2C2_ER_IRQHandler
                0x0000000008001218                DMA2_Stream1_IRQHandler
                0x0000000008001218                FLASH_IRQHandler
                0x0000000008001218                DMA2_Stream4_IRQHandler
                0x0000000008001218                USART1_IRQHandler
                0x0000000008001218                SPI3_IRQHandler
                0x0000000008001218                DMA1_Stream4_IRQHandler
                0x0000000008001218                I2C1_ER_IRQHandler
                0x0000000008001218                DMA2_Stream6_IRQHandler
                0x0000000008001218                DMA1_Stream3_IRQHandler
 *fill*         0x000000000800121a        0x2 
 .text.HAL_Init
                0x000000000800121c       0x44 ./Drivers/STM32F4xx_HAL_Driver/Src/stm32f4xx_hal.o
                0x000000000800121c                HAL_Init
 .text.HAL_InitTick
                0x0000000008001260       0x60 ./Drivers/STM32F4xx_HAL_Driver/Src/stm32f4xx_hal.o
                0x0000000008001260                HAL_InitTick
 .text.HAL_IncTick
                0x00000000080012c0       0x28 ./Drivers/STM32F4xx_HAL_Driver/Src/stm32f4xx_hal.o
                0x00000000080012c0                HAL_IncTick
 .text.HAL_GetTick
                0x00000000080012e8       0x18 ./Drivers/STM32F4xx_HAL_Driver/Src/stm32f4xx_hal.o
                0x00000000080012e8                HAL_GetTick
 .text.HAL_Delay
                0x0000000008001300       0x48 ./Drivers/STM32F4xx_HAL_Driver/Src/stm32f4xx_hal.o
                0x0000000008001300                HAL_Delay
 .text.__NVIC_SetPriorityGrouping
                0x0000000008001348       0x48 ./Drivers/STM32F4xx_HAL_Driver/Src/stm32f4xx_hal_cortex.o
 .text.__NVIC_GetPriorityGrouping
                0x0000000008001390       0x1c ./Drivers/STM32F4xx_HAL_Driver/Src/stm32f4xx_hal_cortex.o
 .text.__NVIC_EnableIRQ
                0x00000000080013ac       0x3c ./Drivers/STM32F4xx_HAL_Driver/Src/stm32f4xx_hal_cortex.o
 .text.__NVIC_SetPriority
                0x00000000080013e8       0x54 ./Drivers/STM32F4xx_HAL_Driver/Src/stm32f4xx_hal_cortex.o
 .text.NVIC_EncodePriority
                0x000000000800143c       0x66 ./Drivers/STM32F4xx_HAL_Driver/Src/stm32f4xx_hal_cortex.o
 *fill*         0x00000000080014a2        0x2 
 .text.SysTick_Config
                0x00000000080014a4       0x44 ./Drivers/STM32F4xx_HAL_Driver/Src/stm32f4xx_hal_cortex.o
 .text.HAL_NVIC_SetPriorityGrouping
                0x00000000080014e8       0x16 ./Drivers/STM32F4xx_HAL_Driver/Src/stm32f4xx_hal_cortex.o
                0x00000000080014e8                HAL_NVIC_SetPriorityGrouping
 .text.HAL_NVIC_SetPriority
                0x00000000080014fe       0x38 ./Drivers/STM32F4xx_HAL_Driver/Src/stm32f4xx_hal_cortex.o
                0x00000000080014fe                HAL_NVIC_SetPriority
 .text.HAL_NVIC_EnableIRQ
                0x0000000008001536       0x1c ./Drivers/STM32F4xx_HAL_Driver/Src/stm32f4xx_hal_cortex.o
                0x0000000008001536                HAL_NVIC_EnableIRQ
 .text.HAL_SYSTICK_Config
                0x0000000008001552       0x18 ./Drivers/STM32F4xx_HAL_Driver/Src/stm32f4xx_hal_cortex.o
                0x0000000008001552                HAL_SYSTICK_Config
 *fill*         0x000000000800156a        0x2 
 .text.HAL_GPIO_Init
                0x000000000800156c      0x308 ./Drivers/STM32F4xx_HAL_Driver/Src/stm32f4xx_hal_gpio.o
                0x000000000800156c                HAL_GPIO_Init
 .text.HAL_GPIO_WritePin
                0x0000000008001874       0x32 ./Drivers/STM32F4xx_HAL_Driver/Src/stm32f4xx_hal_gpio.o
                0x0000000008001874                HAL_GPIO_WritePin
 .text.HAL_PCD_Init
                0x00000000080018a6      0x23a ./Drivers/STM32F4xx_HAL_Driver/Src/stm32f4xx_hal_pcd.o
                0x00000000080018a6                HAL_PCD_Init
 .text.HAL_RCC_OscConfig
                0x0000000008001ae0      0x4f0 ./Drivers/STM32F4xx_HAL_Driver/Src/stm32f4xx_hal_rcc.o
                0x0000000008001ae0                HAL_RCC_OscConfig
 .text.HAL_RCC_ClockConfig
                0x0000000008001fd0      0x1cc ./Drivers/STM32F4xx_HAL_Driver/Src/stm32f4xx_hal_rcc.o
                0x0000000008001fd0                HAL_RCC_ClockConfig
 .text.HAL_RCC_GetSysClockFreq
                0x000000000800219c      0x20c ./Drivers/STM32F4xx_HAL_Driver/Src/stm32f4xx_hal_rcc.o
                0x000000000800219c                HAL_RCC_GetSysClockFreq
 .text.HAL_RCC_GetHCLKFreq
                0x00000000080023a8       0x18 ./Drivers/STM32F4xx_HAL_Driver/Src/stm32f4xx_hal_rcc.o
                0x00000000080023a8                HAL_RCC_GetHCLKFreq
 .text.USB_CoreInit
                0x00000000080023c0       0xc2 ./Drivers/STM32F4xx_HAL_Driver/Src/stm32f4xx_ll_usb.o
                0x00000000080023c0                USB_CoreInit
 .text.USB_DisableGlobalInt
                0x0000000008002482       0x22 ./Drivers/STM32F4xx_HAL_Driver/Src/stm32f4xx_ll_usb.o
                0x0000000008002482                USB_DisableGlobalInt
 .text.USB_SetCurrentMode
                0x00000000080024a4       0x98 ./Drivers/STM32F4xx_HAL_Driver/Src/stm32f4xx_ll_usb.o
                0x00000000080024a4                USB_SetCurrentMode
 .text.USB_DevInit
                0x000000000800253c      0x2c8 ./Drivers/STM32F4xx_HAL_Driver/Src/stm32f4xx_ll_usb.o
                0x000000000800253c                USB_DevInit
 .text.USB_FlushTxFifo
                0x0000000008002804       0x68 ./Drivers/STM32F4xx_HAL_Driver/Src/stm32f4xx_ll_usb.o
                0x0000000008002804                USB_FlushTxFifo
 .text.USB_FlushRxFifo
                0x000000000800286c       0x60 ./Drivers/STM32F4xx_HAL_Driver/Src/stm32f4xx_ll_usb.o
                0x000000000800286c                USB_FlushRxFifo
 .text.USB_SetDevSpeed
                0x00000000080028cc       0x32 ./Drivers/STM32F4xx_HAL_Driver/Src/stm32f4xx_ll_usb.o
                0x00000000080028cc                USB_SetDevSpeed
 .text.USB_DevDisconnect
                0x00000000080028fe       0x42 ./Drivers/STM32F4xx_HAL_Driver/Src/stm32f4xx_ll_usb.o
                0x00000000080028fe                USB_DevDisconnect
 .text.USB_GetMode
                0x0000000008002940       0x1c ./Drivers/STM32F4xx_HAL_Driver/Src/stm32f4xx_ll_usb.o
                0x0000000008002940                USB_GetMode
 .text.USB_CoreReset
                0x000000000800295c       0x68 ./Drivers/STM32F4xx_HAL_Driver/Src/stm32f4xx_ll_usb.o
 .text.tud_audio_n_read
                0x00000000080029c4       0x58 ./tinyusb-master/src/class/audio/audio_device.o
                0x00000000080029c4                tud_audio_n_read
 .text.audiod_rx_done_cb
                0x0000000008002a1c       0xec ./tinyusb-master/src/class/audio/audio_device.o
 .text.tud_audio_n_write
                0x0000000008002b08       0x5c ./tinyusb-master/src/class/audio/audio_device.o
                0x0000000008002b08                tud_audio_n_write
 .text.audiod_tx_done_cb
                0x0000000008002b64      0x100 ./tinyusb-master/src/class/audio/audio_device.o
 .text.audiod_init
                0x0000000008002c64       0xb0 ./tinyusb-master/src/class/audio/audio_device.o
                0x0000000008002c64                audiod_init
 .text.audiod_reset
                0x0000000008002d14       0x58 ./tinyusb-master/src/class/audio/audio_device.o
                0x0000000008002d14                audiod_reset
 .text.audiod_open
                0x0000000008002d6c      0x104 ./tinyusb-master/src/class/audio/audio_device.o
                0x0000000008002d6c                audiod_open
 .text.audiod_get_interface
                0x0000000008002e70       0x7c ./tinyusb-master/src/class/audio/audio_device.o
 .text.audiod_set_interface
                0x0000000008002eec      0x32c ./tinyusb-master/src/class/audio/audio_device.o
 .text.audiod_control_complete
                0x0000000008003218      0x174 ./tinyusb-master/src/class/audio/audio_device.o
 .text.audiod_control_request
                0x000000000800338c      0x200 ./tinyusb-master/src/class/audio/audio_device.o
 .text.audiod_control_xfer_cb
                0x000000000800358c       0x42 ./tinyusb-master/src/class/audio/audio_device.o
                0x000000000800358c                audiod_control_xfer_cb
 *fill*         0x00000000080035ce        0x2 
 .text.audiod_xfer_cb
                0x00000000080035d0       0xa0 ./tinyusb-master/src/class/audio/audio_device.o
                0x00000000080035d0                audiod_xfer_cb
 .text.audiod_sof_isr
                0x0000000008003670       0x18 ./tinyusb-master/src/class/audio/audio_device.o
                0x0000000008003670                audiod_sof_isr
 .text.tud_audio_buffer_and_schedule_control_xfer
                0x0000000008003688      0x19c ./tinyusb-master/src/class/audio/audio_device.o
                0x0000000008003688                tud_audio_buffer_and_schedule_control_xfer
 .text.audiod_get_AS_interface_index
                0x0000000008003824       0xb8 ./tinyusb-master/src/class/audio/audio_device.o
 .text.audiod_get_AS_interface_index_global
                0x00000000080038dc       0x58 ./tinyusb-master/src/class/audio/audio_device.o
 .text.audiod_verify_entity_exists
                0x0000000008003934       0xf0 ./tinyusb-master/src/class/audio/audio_device.o
 .text.audiod_verify_itf_exists
                0x0000000008003a24       0xd4 ./tinyusb-master/src/class/audio/audio_device.o
 .text.audiod_verify_ep_exists
                0x0000000008003af8       0xf4 ./tinyusb-master/src/class/audio/audio_device.o
 .text.audiod_get_audio_fct_idx
                0x0000000008003bec       0x44 ./tinyusb-master/src/class/audio/audio_device.o
 .text._prep_out_transaction
                0x0000000008003c30       0x84 ./tinyusb-master/src/class/cdc/cdc_device.o
 .text.tud_cdc_n_connected
                0x0000000008003cb4       0x80 ./tinyusb-master/src/class/cdc/cdc_device.o
                0x0000000008003cb4                tud_cdc_n_connected
 .text.tud_cdc_n_available
                0x0000000008003d34       0x30 ./tinyusb-master/src/class/cdc/cdc_device.o
                0x0000000008003d34                tud_cdc_n_available
 .text.tud_cdc_n_read
                0x0000000008003d64       0x48 ./tinyusb-master/src/class/cdc/cdc_device.o
                0x0000000008003d64                tud_cdc_n_read
 .text.tud_cdc_n_write
                0x0000000008003dac       0x58 ./tinyusb-master/src/class/cdc/cdc_device.o
                0x0000000008003dac                tud_cdc_n_write
 .text.tud_cdc_n_write_flush
                0x0000000008003e04       0xf8 ./tinyusb-master/src/class/cdc/cdc_device.o
                0x0000000008003e04                tud_cdc_n_write_flush
 .text.tud_cdc_n_write_available
                0x0000000008003efc       0x30 ./tinyusb-master/src/class/cdc/cdc_device.o
                0x0000000008003efc                tud_cdc_n_write_available
 .text.cdcd_init
                0x0000000008003f2c       0x94 ./tinyusb-master/src/class/cdc/cdc_device.o
                0x0000000008003f2c                cdcd_init
 .text.cdcd_reset
                0x0000000008003fc0       0x64 ./tinyusb-master/src/class/cdc/cdc_device.o
                0x0000000008003fc0                cdcd_reset
 .text.cdcd_open
                0x0000000008004024      0x1f8 ./tinyusb-master/src/class/cdc/cdc_device.o
                0x0000000008004024                cdcd_open
 .text.cdcd_control_xfer_cb
                0x000000000800421c      0x1dc ./tinyusb-master/src/class/cdc/cdc_device.o
                0x000000000800421c                cdcd_control_xfer_cb
 .text.cdcd_xfer_cb
                0x00000000080043f8      0x18c ./tinyusb-master/src/class/cdc/cdc_device.o
                0x00000000080043f8                cdcd_xfer_cb
 .text.tu_fifo_config
                0x0000000008004584       0x66 ./tinyusb-master/src/common/tusb_fifo.o
                0x0000000008004584                tu_fifo_config
 .text._ff_push_const_addr
                0x00000000080045ea       0x68 ./tinyusb-master/src/common/tusb_fifo.o
 .text._ff_pull_const_addr
                0x0000000008004652       0x66 ./tinyusb-master/src/common/tusb_fifo.o
 .text._ff_push
                0x00000000080046b8       0x3e ./tinyusb-master/src/common/tusb_fifo.o
 .text._ff_push_n
                0x00000000080046f6      0x1bc ./tinyusb-master/src/common/tusb_fifo.o
 .text._ff_pull
                0x00000000080048b2       0x3e ./tinyusb-master/src/common/tusb_fifo.o
 .text._ff_pull_n
                0x00000000080048f0      0x1c0 ./tinyusb-master/src/common/tusb_fifo.o
 .text.advance_index
                0x0000000008004ab0       0x4c ./tinyusb-master/src/common/tusb_fifo.o
 .text._tu_fifo_peek
                0x0000000008004afc       0xcc ./tinyusb-master/src/common/tusb_fifo.o
 .text._tu_fifo_peek_n
                0x0000000008004bc8       0xe0 ./tinyusb-master/src/common/tusb_fifo.o
 .text._tu_fifo_write_n
                0x0000000008004ca8      0x1a2 ./tinyusb-master/src/common/tusb_fifo.o
 .text._tu_fifo_read_n
                0x0000000008004e4a       0x5e ./tinyusb-master/src/common/tusb_fifo.o
 .text.tu_fifo_count
                0x0000000008004ea8       0x64 ./tinyusb-master/src/common/tusb_fifo.o
                0x0000000008004ea8                tu_fifo_count
 .text.tu_fifo_empty
                0x0000000008004f0c       0x2a ./tinyusb-master/src/common/tusb_fifo.o
                0x0000000008004f0c                tu_fifo_empty
 .text.tu_fifo_full
                0x0000000008004f36       0x5c ./tinyusb-master/src/common/tusb_fifo.o
                0x0000000008004f36                tu_fifo_full
 .text.tu_fifo_remaining
                0x0000000008004f92       0x70 ./tinyusb-master/src/common/tusb_fifo.o
                0x0000000008004f92                tu_fifo_remaining
 .text.tu_fifo_read
                0x0000000008005002       0x48 ./tinyusb-master/src/common/tusb_fifo.o
                0x0000000008005002                tu_fifo_read
 .text.tu_fifo_read_n
                0x000000000800504a       0x24 ./tinyusb-master/src/common/tusb_fifo.o
                0x000000000800504a                tu_fifo_read_n
 .text.tu_fifo_read_n_const_addr_full_words
                0x000000000800506e       0x24 ./tinyusb-master/src/common/tusb_fifo.o
                0x000000000800506e                tu_fifo_read_n_const_addr_full_words
 .text.tu_fifo_write
                0x0000000008005092       0x86 ./tinyusb-master/src/common/tusb_fifo.o
                0x0000000008005092                tu_fifo_write
 .text.tu_fifo_write_n
                0x0000000008005118       0x24 ./tinyusb-master/src/common/tusb_fifo.o
                0x0000000008005118                tu_fifo_write_n
 .text.tu_fifo_write_n_const_addr_full_words
                0x000000000800513c       0x24 ./tinyusb-master/src/common/tusb_fifo.o
                0x000000000800513c                tu_fifo_write_n_const_addr_full_words
 .text.tu_fifo_clear
                0x0000000008005160       0x22 ./tinyusb-master/src/common/tusb_fifo.o
                0x0000000008005160                tu_fifo_clear
 .text.tu_fifo_set_overwritable
                0x0000000008005182       0x26 ./tinyusb-master/src/common/tusb_fifo.o
                0x0000000008005182                tu_fifo_set_overwritable
 .text.get_driver
                0x00000000080051a8       0x6c ./tinyusb-master/src/device/usbd.o
 .text.tud_mounted
                0x0000000008005214       0x24 ./tinyusb-master/src/device/usbd.o
                0x0000000008005214                tud_mounted
 .text.tud_suspended
                0x0000000008005238       0x28 ./tinyusb-master/src/device/usbd.o
                0x0000000008005238                tud_suspended
 .text.tud_inited
                0x0000000008005260       0x20 ./tinyusb-master/src/device/usbd.o
                0x0000000008005260                tud_inited
 .text.tud_init
                0x0000000008005280       0xec ./tinyusb-master/src/device/usbd.o
                0x0000000008005280                tud_init
 .text.configuration_reset
                0x000000000800536c       0x8c ./tinyusb-master/src/device/usbd.o
 .text.usbd_reset
                0x00000000080053f8       0x1e ./tinyusb-master/src/device/usbd.o
 *fill*         0x0000000008005416        0x2 
 .text.tud_task_ext
                0x0000000008005418      0x29c ./tinyusb-master/src/device/usbd.o
                0x0000000008005418                tud_task_ext
 .text.invoke_class_control
                0x00000000080056b4       0x2e ./tinyusb-master/src/device/usbd.o
 *fill*         0x00000000080056e2        0x2 
 .text.process_control_request
                0x00000000080056e4      0x4d8 ./tinyusb-master/src/device/usbd.o
 .text.process_set_config
                0x0000000008005bbc      0x238 ./tinyusb-master/src/device/usbd.o
 .text.process_get_descriptor
                0x0000000008005df4      0x1d0 ./tinyusb-master/src/device/usbd.o
 .text.dcd_event_handler
                0x0000000008005fc4      0x3ec ./tinyusb-master/src/device/usbd.o
                0x0000000008005fc4                dcd_event_handler
 .text.usbd_int_set
                0x00000000080063b0       0x34 ./tinyusb-master/src/device/usbd.o
                0x00000000080063b0                usbd_int_set
 .text.usbd_open_edpt_pair
                0x00000000080063e4       0xd0 ./tinyusb-master/src/device/usbd.o
                0x00000000080063e4                usbd_open_edpt_pair
 .text.usbd_edpt_open
                0x00000000080064b4       0x88 ./tinyusb-master/src/device/usbd.o
                0x00000000080064b4                usbd_edpt_open
 .text.usbd_edpt_claim
                0x000000000800653c       0x54 ./tinyusb-master/src/device/usbd.o
                0x000000000800653c                usbd_edpt_claim
 .text.usbd_edpt_release
                0x0000000008006590       0x54 ./tinyusb-master/src/device/usbd.o
                0x0000000008006590                usbd_edpt_release
 .text.usbd_edpt_xfer
                0x00000000080065e4       0xec ./tinyusb-master/src/device/usbd.o
                0x00000000080065e4                usbd_edpt_xfer
 .text.usbd_edpt_xfer_fifo
                0x00000000080066d0       0xec ./tinyusb-master/src/device/usbd.o
                0x00000000080066d0                usbd_edpt_xfer_fifo
 .text.usbd_edpt_stall
                0x00000000080067bc       0x98 ./tinyusb-master/src/device/usbd.o
                0x00000000080067bc                usbd_edpt_stall
 .text.usbd_edpt_clear_stall
                0x0000000008006854       0x98 ./tinyusb-master/src/device/usbd.o
                0x0000000008006854                usbd_edpt_clear_stall
 .text.usbd_edpt_stalled
                0x00000000080068ec       0x5c ./tinyusb-master/src/device/usbd.o
                0x00000000080068ec                usbd_edpt_stalled
 .text.usbd_edpt_close
                0x0000000008006948       0xb8 ./tinyusb-master/src/device/usbd.o
                0x0000000008006948                usbd_edpt_close
 .text._status_stage_xact
                0x0000000008006a00       0x38 ./tinyusb-master/src/device/usbd_control.o
 .text.tud_control_status
                0x0000000008006a38       0x40 ./tinyusb-master/src/device/usbd_control.o
                0x0000000008006a38                tud_control_status
 .text._data_stage_xact
                0x0000000008006a78       0xa4 ./tinyusb-master/src/device/usbd_control.o
 .text.tud_control_xfer
                0x0000000008006b1c       0xe0 ./tinyusb-master/src/device/usbd_control.o
                0x0000000008006b1c                tud_control_xfer
 .text.usbd_control_reset
                0x0000000008006bfc       0x18 ./tinyusb-master/src/device/usbd_control.o
                0x0000000008006bfc                usbd_control_reset
 .text.usbd_control_set_complete_callback
                0x0000000008006c14       0x20 ./tinyusb-master/src/device/usbd_control.o
                0x0000000008006c14                usbd_control_set_complete_callback
 .text.usbd_control_set_request
                0x0000000008006c34       0x34 ./tinyusb-master/src/device/usbd_control.o
                0x0000000008006c34                usbd_control_set_request
 .text.usbd_control_xfer_cb
                0x0000000008006c68      0x170 ./tinyusb-master/src/device/usbd_control.o
                0x0000000008006c68                usbd_control_xfer_cb
 .text.__NVIC_EnableIRQ
                0x0000000008006dd8       0x3c ./tinyusb-master/src/portable/st/synopsys/dcd_synopsys.o
 .text.__NVIC_DisableIRQ
                0x0000000008006e14       0x48 ./tinyusb-master/src/portable/st/synopsys/dcd_synopsys.o
 .text.calc_rx_ff_size
                0x0000000008006e5c       0x24 ./tinyusb-master/src/portable/st/synopsys/dcd_synopsys.o
 .text.update_grxfsiz
                0x0000000008006e80       0x64 ./tinyusb-master/src/portable/st/synopsys/dcd_synopsys.o
 .text.bus_reset
                0x0000000008006ee4       0xec ./tinyusb-master/src/portable/st/synopsys/dcd_synopsys.o
 .text.set_turnaround
                0x0000000008006fd0      0x104 ./tinyusb-master/src/portable/st/synopsys/dcd_synopsys.o
 .text.get_speed
                0x00000000080070d4       0x38 ./tinyusb-master/src/portable/st/synopsys/dcd_synopsys.o
 .text.set_speed
                0x000000000800710c       0x58 ./tinyusb-master/src/portable/st/synopsys/dcd_synopsys.o
 .text.edpt_schedule_packets
                0x0000000008007164      0x1e4 ./tinyusb-master/src/portable/st/synopsys/dcd_synopsys.o
 .text.dcd_init
                0x0000000008007348       0xd0 ./tinyusb-master/src/portable/st/synopsys/dcd_synopsys.o
                0x0000000008007348                dcd_init
 .text.dcd_int_enable
                0x0000000008007418       0x18 ./tinyusb-master/src/portable/st/synopsys/dcd_synopsys.o
                0x0000000008007418                dcd_int_enable
 .text.dcd_int_disable
                0x0000000008007430       0x18 ./tinyusb-master/src/portable/st/synopsys/dcd_synopsys.o
                0x0000000008007430                dcd_int_disable
 .text.dcd_set_address
                0x0000000008007448       0x5c ./tinyusb-master/src/portable/st/synopsys/dcd_synopsys.o
                0x0000000008007448                dcd_set_address
 .text.dcd_connect
                0x00000000080074a4       0x2c ./tinyusb-master/src/portable/st/synopsys/dcd_synopsys.o
                0x00000000080074a4                dcd_connect
 .text.dcd_edpt_open
                0x00000000080074d0      0x230 ./tinyusb-master/src/portable/st/synopsys/dcd_synopsys.o
                0x00000000080074d0                dcd_edpt_open
 .text.dcd_edpt_close_all
                0x0000000008007700       0x8c ./tinyusb-master/src/portable/st/synopsys/dcd_synopsys.o
                0x0000000008007700                dcd_edpt_close_all
 .text.dcd_edpt_xfer
                0x000000000800778c       0xd0 ./tinyusb-master/src/portable/st/synopsys/dcd_synopsys.o
                0x000000000800778c                dcd_edpt_xfer
 .text.dcd_edpt_xfer_fifo
                0x000000000800785c       0xcc ./tinyusb-master/src/portable/st/synopsys/dcd_synopsys.o
                0x000000000800785c                dcd_edpt_xfer_fifo
 .text.dcd_edpt_disable
                0x0000000008007928      0x1dc ./tinyusb-master/src/portable/st/synopsys/dcd_synopsys.o
 .text.dcd_edpt_close
                0x0000000008007b04       0xcc ./tinyusb-master/src/portable/st/synopsys/dcd_synopsys.o
                0x0000000008007b04                dcd_edpt_close
 .text.dcd_edpt_stall
                0x0000000008007bd0       0x24 ./tinyusb-master/src/portable/st/synopsys/dcd_synopsys.o
                0x0000000008007bd0                dcd_edpt_stall
 .text.dcd_edpt_clear_stall
                0x0000000008007bf4       0xb0 ./tinyusb-master/src/portable/st/synopsys/dcd_synopsys.o
                0x0000000008007bf4                dcd_edpt_clear_stall
 .text.read_fifo_packet
                0x0000000008007ca4       0xb8 ./tinyusb-master/src/portable/st/synopsys/dcd_synopsys.o
 .text.write_fifo_packet
                0x0000000008007d5c       0xc8 ./tinyusb-master/src/portable/st/synopsys/dcd_synopsys.o
 .text.handle_rxflvl_ints
                0x0000000008007e24      0x14c ./tinyusb-master/src/portable/st/synopsys/dcd_synopsys.o
 .text.handle_epout_ints
                0x0000000008007f70      0x174 ./tinyusb-master/src/portable/st/synopsys/dcd_synopsys.o
 .text.handle_epin_ints
                0x00000000080080e4      0x210 ./tinyusb-master/src/portable/st/synopsys/dcd_synopsys.o
 .text.dcd_int_handler
                0x00000000080082f4      0x29c ./tinyusb-master/src/portable/st/synopsys/dcd_synopsys.o
                0x00000000080082f4                dcd_int_handler
 .text.tusb_init
                0x0000000008008590       0x3c ./tinyusb-master/src/tusb.o
                0x0000000008008590                tusb_init
 .text.tu_edpt_claim
                0x00000000080085cc       0x74 ./tinyusb-master/src/tusb.o
                0x00000000080085cc                tu_edpt_claim
 .text.tu_edpt_release
                0x0000000008008640       0x54 ./tinyusb-master/src/tusb.o
                0x0000000008008640                tu_edpt_release
 .text.tu_edpt_validate
                0x0000000008008694       0xf8 ./tinyusb-master/src/tusb.o
                0x0000000008008694                tu_edpt_validate
 .text.tu_edpt_bind_driver
                0x000000000800878c       0x8a ./tinyusb-master/src/tusb.o
                0x000000000800878c                tu_edpt_bind_driver
 *fill*         0x0000000008008816        0x2 
 .text.__libc_init_array
                0x0000000008008818       0x48 c:/st/stm32cubeide_1.3.0/stm32cubeide/plugins/com.st.stm32cube.ide.mcu.externaltools.gnu-tools-for-stm32.10.3-2021.10.win32_1.0.200.202301161003/tools/bin/../lib/gcc/arm-none-eabi/10.3.1/../../../../arm-none-eabi/lib/thumb/v7e-m+fp/hard\libc_nano.a(lib_a-init.o)
                0x0000000008008818                __libc_init_array
 .text.memcpy   0x0000000008008860       0x1c c:/st/stm32cubeide_1.3.0/stm32cubeide/plugins/com.st.stm32cube.ide.mcu.externaltools.gnu-tools-for-stm32.10.3-2021.10.win32_1.0.200.202301161003/tools/bin/../lib/gcc/arm-none-eabi/10.3.1/../../../../arm-none-eabi/lib/thumb/v7e-m+fp/hard\libc_nano.a(lib_a-memcpy-stub.o)
                0x0000000008008860                memcpy
 .text.memset   0x000000000800887c       0x10 c:/st/stm32cubeide_1.3.0/stm32cubeide/plugins/com.st.stm32cube.ide.mcu.externaltools.gnu-tools-for-stm32.10.3-2021.10.win32_1.0.200.202301161003/tools/bin/../lib/gcc/arm-none-eabi/10.3.1/../../../../arm-none-eabi/lib/thumb/v7e-m+fp/hard\libc_nano.a(lib_a-memset.o)
                0x000000000800887c                memset
 *(.glue_7)
 .glue_7        0x000000000800888c        0x0 linker stubs
 *(.glue_7t)
 .glue_7t       0x000000000800888c        0x0 linker stubs
 *(.eh_frame)
 .eh_frame      0x000000000800888c        0x0 c:/st/stm32cubeide_1.3.0/stm32cubeide/plugins/com.st.stm32cube.ide.mcu.externaltools.gnu-tools-for-stm32.10.3-2021.10.win32_1.0.200.202301161003/tools/bin/../lib/gcc/arm-none-eabi/10.3.1/thumb/v7e-m+fp/hard/crtbegin.o
 *(.init)
 .init          0x000000000800888c        0x4 c:/st/stm32cubeide_1.3.0/stm32cubeide/plugins/com.st.stm32cube.ide.mcu.externaltools.gnu-tools-for-stm32.10.3-2021.10.win32_1.0.200.202301161003/tools/bin/../lib/gcc/arm-none-eabi/10.3.1/thumb/v7e-m+fp/hard/crti.o
                0x000000000800888c                _init
 .init          0x0000000008008890        0x8 c:/st/stm32cubeide_1.3.0/stm32cubeide/plugins/com.st.stm32cube.ide.mcu.externaltools.gnu-tools-for-stm32.10.3-2021.10.win32_1.0.200.202301161003/tools/bin/../lib/gcc/arm-none-eabi/10.3.1/thumb/v7e-m+fp/hard/crtn.o
 *(.fini)
 .fini          0x0000000008008898        0x4 c:/st/stm32cubeide_1.3.0/stm32cubeide/plugins/com.st.stm32cube.ide.mcu.externaltools.gnu-tools-for-stm32.10.3-2021.10.win32_1.0.200.202301161003/tools/bin/../lib/gcc/arm-none-eabi/10.3.1/thumb/v7e-m+fp/hard/crti.o
                0x0000000008008898                _fini
 .fini          0x000000000800889c        0x8 c:/st/stm32cubeide_1.3.0/stm32cubeide/plugins/com.st.stm32cube.ide.mcu.externaltools.gnu-tools-for-stm32.10.3-2021.10.win32_1.0.200.202301161003/tools/bin/../lib/gcc/arm-none-eabi/10.3.1/thumb/v7e-m+fp/hard/crtn.o
                0x00000000080088a4                . = ALIGN (0x4)
                0x00000000080088a4                _etext = .

.vfp11_veneer   0x00000000080088a4        0x0
 .vfp11_veneer  0x00000000080088a4        0x0 linker stubs

.v4_bx          0x00000000080088a4        0x0
 .v4_bx         0x00000000080088a4        0x0 linker stubs

.iplt           0x00000000080088a4        0x0
 .iplt          0x00000000080088a4        0x0 c:/st/stm32cubeide_1.3.0/stm32cubeide/plugins/com.st.stm32cube.ide.mcu.externaltools.gnu-tools-for-stm32.10.3-2021.10.win32_1.0.200.202301161003/tools/bin/../lib/gcc/arm-none-eabi/10.3.1/thumb/v7e-m+fp/hard/crtbegin.o

.rodata         0x00000000080088a4      0x258
                0x00000000080088a4                . = ALIGN (0x4)
 *(.rodata)
 .rodata        0x00000000080088a4       0x13 ./Core/Src/main.o
 *fill*         0x00000000080088b7        0x1 
 .rodata        0x00000000080088b8       0x54 ./Core/Src/usb_descriptors.o
 *(.rodata*)
 .rodata.sample_rates
                0x000000000800890c       0x10 ./Core/Src/main.o
                0x000000000800890c                sample_rates
 .rodata.resolutions_per_format
                0x000000000800891c        0x2 ./Core/Src/main.o
                0x000000000800891c                resolutions_per_format
 *fill*         0x000000000800891e        0x2 
 .rodata.AHBPrescTable
                0x0000000008008920       0x10 ./Core/Src/system_stm32f4xx.o
                0x0000000008008920                AHBPrescTable
 .rodata.desc_device
                0x0000000008008930       0x12 ./Core/Src/usb_descriptors.o
                0x0000000008008930                desc_device
 *fill*         0x0000000008008942        0x2 
 .rodata.desc_configuration
                0x0000000008008944      0x183 ./Core/Src/usb_descriptors.o
                0x0000000008008944                desc_configuration
 *fill*         0x0000000008008ac7        0x1 
 .rodata.__compound_literal.0
                0x0000000008008ac8        0x2 ./Core/Src/usb_descriptors.o
 *fill*         0x0000000008008aca        0x2 
 .rodata._usbd_driver
                0x0000000008008acc       0x30 ./tinyusb-master/src/device/usbd.o
                0x0000000008008afc                . = ALIGN (0x4)

.ARM.extab      0x0000000008008afc        0x0
                0x0000000008008afc                . = ALIGN (0x4)
 *(.ARM.extab* .gnu.linkonce.armextab.*)
                0x0000000008008afc                . = ALIGN (0x4)

.ARM            0x0000000008008afc        0x8
                0x0000000008008afc                . = ALIGN (0x4)
                0x0000000008008afc                __exidx_start = .
 *(.ARM.exidx*)
 .ARM.exidx     0x0000000008008afc        0x8 c:/st/stm32cubeide_1.3.0/stm32cubeide/plugins/com.st.stm32cube.ide.mcu.externaltools.gnu-tools-for-stm32.10.3-2021.10.win32_1.0.200.202301161003/tools/bin/../lib/gcc/arm-none-eabi/10.3.1/thumb/v7e-m+fp/hard\libgcc.a(_udivmoddi4.o)
                0x0000000008008b04                __exidx_end = .
                0x0000000008008b04                . = ALIGN (0x4)

.rel.dyn        0x0000000008008b04        0x0
 .rel.iplt      0x0000000008008b04        0x0 c:/st/stm32cubeide_1.3.0/stm32cubeide/plugins/com.st.stm32cube.ide.mcu.externaltools.gnu-tools-for-stm32.10.3-2021.10.win32_1.0.200.202301161003/tools/bin/../lib/gcc/arm-none-eabi/10.3.1/thumb/v7e-m+fp/hard/crtbegin.o

.preinit_array  0x0000000008008b04        0x0
                0x0000000008008b04                . = ALIGN (0x4)
                0x0000000008008b04                PROVIDE (__preinit_array_start = .)
 *(.preinit_array*)
                0x0000000008008b04                PROVIDE (__preinit_array_end = .)
                0x0000000008008b04                . = ALIGN (0x4)

.init_array     0x0000000008008b04        0x4
                0x0000000008008b04                . = ALIGN (0x4)
                0x0000000008008b04                PROVIDE (__init_array_start = .)
 *(SORT_BY_NAME(.init_array.*))
 *(.init_array*)
 .init_array    0x0000000008008b04        0x4 c:/st/stm32cubeide_1.3.0/stm32cubeide/plugins/com.st.stm32cube.ide.mcu.externaltools.gnu-tools-for-stm32.10.3-2021.10.win32_1.0.200.202301161003/tools/bin/../lib/gcc/arm-none-eabi/10.3.1/thumb/v7e-m+fp/hard/crtbegin.o
                0x0000000008008b08                PROVIDE (__init_array_end = .)
                0x0000000008008b08                . = ALIGN (0x4)

.fini_array     0x0000000008008b08        0x4
                0x0000000008008b08                . = ALIGN (0x4)
                [!provide]                        PROVIDE (__fini_array_start = .)
 *(SORT_BY_NAME(.fini_array.*))
 *(.fini_array*)
 .fini_array    0x0000000008008b08        0x4 c:/st/stm32cubeide_1.3.0/stm32cubeide/plugins/com.st.stm32cube.ide.mcu.externaltools.gnu-tools-for-stm32.10.3-2021.10.win32_1.0.200.202301161003/tools/bin/../lib/gcc/arm-none-eabi/10.3.1/thumb/v7e-m+fp/hard/crtbegin.o
                [!provide]                        PROVIDE (__fini_array_end = .)
                0x0000000008008b0c                . = ALIGN (0x4)
                0x0000000008008b0c                _sidata = LOADADDR (.data)

.data           0x0000000020000000       0x44 load address 0x0000000008008b0c
                0x0000000020000000                . = ALIGN (0x4)
                0x0000000020000000                _sdata = .
 *(.data)
 *(.data*)
 .data.current_sample_rate
                0x0000000020000000        0x4 ./Core/Src/main.o
                0x0000000020000000                current_sample_rate
 .data.blink_interval_ms
                0x0000000020000004        0x4 ./Core/Src/main.o
 .data.SendGreetings
                0x0000000020000008        0x1 ./Core/Src/main.o
                0x0000000020000008                SendGreetings
 *fill*         0x0000000020000009        0x3 
 .data.SystemCoreClock
                0x000000002000000c        0x4 ./Core/Src/system_stm32f4xx.o
                0x000000002000000c                SystemCoreClock
 .data.string_desc_arr
                0x0000000020000010       0x1c ./Core/Src/usb_descriptors.o
                0x0000000020000010                string_desc_arr
 .data.uwTickPrio
                0x000000002000002c        0x4 ./Drivers/STM32F4xx_HAL_Driver/Src/stm32f4xx_hal.o
                0x000000002000002c                uwTickPrio
 .data.uwTickFreq
                0x0000000020000030        0x1 ./Drivers/STM32F4xx_HAL_Driver/Src/stm32f4xx_hal.o
                0x0000000020000030                uwTickFreq
 .data._usbd_rhport
                0x0000000020000031        0x1 ./tinyusb-master/src/device/usbd.o
 *fill*         0x0000000020000032        0x2 
 .data._usbd_qdef
                0x0000000020000034       0x10 ./tinyusb-master/src/device/usbd.o
                0x0000000020000034                _usbd_qdef
 *(.RamFunc)
 *(.RamFunc*)
                0x0000000020000044                . = ALIGN (0x4)
                0x0000000020000044                _edata = .

.igot.plt       0x0000000020000044        0x0 load address 0x0000000008008b50
 .igot.plt      0x0000000020000044        0x0 c:/st/stm32cubeide_1.3.0/stm32cubeide/plugins/com.st.stm32cube.ide.mcu.externaltools.gnu-tools-for-stm32.10.3-2021.10.win32_1.0.200.202301161003/tools/bin/../lib/gcc/arm-none-eabi/10.3.1/thumb/v7e-m+fp/hard/crtbegin.o
                0x0000000020000044                . = ALIGN (0x4)

.bss            0x0000000020000044     0x1b44 load address 0x0000000008008b50
                0x0000000020000044                _sbss = .
                0x0000000020000044                __bss_start__ = _sbss
 *(.bss)
 .bss           0x0000000020000044       0x1c c:/st/stm32cubeide_1.3.0/stm32cubeide/plugins/com.st.stm32cube.ide.mcu.externaltools.gnu-tools-for-stm32.10.3-2021.10.win32_1.0.200.202301161003/tools/bin/../lib/gcc/arm-none-eabi/10.3.1/thumb/v7e-m+fp/hard/crtbegin.o
 *(.bss*)
 .bss.hpcd_USB_OTG_FS
                0x0000000020000060      0x50c ./Core/Src/main.o
                0x0000000020000060                hpcd_USB_OTG_FS
 .bss.MainLoopCounter
                0x000000002000056c        0x4 ./Core/Src/main.o
                0x000000002000056c                MainLoopCounter
 .bss.mute      0x0000000020000570        0x3 ./Core/Src/main.o
                0x0000000020000570                mute
 *fill*         0x0000000020000573        0x1 
 .bss.volume    0x0000000020000574        0x6 ./Core/Src/main.o
                0x0000000020000574                volume
 *fill*         0x000000002000057a        0x2 
 .bss.mic_buf   0x000000002000057c      0x308 ./Core/Src/main.o
                0x000000002000057c                mic_buf
 .bss.spk_buf   0x0000000020000884      0x610 ./Core/Src/main.o
                0x0000000020000884                spk_buf
 .bss.spk_data_size
                0x0000000020000e94        0x4 ./Core/Src/main.o
                0x0000000020000e94                spk_data_size
 .bss.current_resolution
                0x0000000020000e98        0x1 ./Core/Src/main.o
                0x0000000020000e98                current_resolution
 *fill*         0x0000000020000e99        0x3 
 .bss.AudioCounter
                0x0000000020000e9c        0x4 ./Core/Src/main.o
                0x0000000020000e9c                AudioCounter
 .bss.LastBytesCopied.2
                0x0000000020000ea0        0x2 ./Core/Src/main.o
 *fill*         0x0000000020000ea2        0x2 
 .bss.start_ms.1
                0x0000000020000ea4        0x4 ./Core/Src/main.o
 .bss.led_state.0
                0x0000000020000ea8        0x1 ./Core/Src/main.o
 *fill*         0x0000000020000ea9        0x3 
 .bss._desc_str
                0x0000000020000eac       0x40 ./Core/Src/usb_descriptors.o
 .bss.uwTick    0x0000000020000eec        0x4 ./Drivers/STM32F4xx_HAL_Driver/Src/stm32f4xx_hal.o
                0x0000000020000eec                uwTick
 .bss.audio_ep_in_sw_buf_1
                0x0000000020000ef0      0x308 ./tinyusb-master/src/class/audio/audio_device.o
                0x0000000020000ef0                audio_ep_in_sw_buf_1
 .bss.audio_ep_out_sw_buf_1
                0x00000000200011f8      0x610 ./tinyusb-master/src/class/audio/audio_device.o
                0x00000000200011f8                audio_ep_out_sw_buf_1
 .bss.ctrl_buf_1
                0x0000000020001808       0x40 ./tinyusb-master/src/class/audio/audio_device.o
                0x0000000020001808                ctrl_buf_1
 .bss.alt_setting_1
                0x0000000020001848        0x2 ./tinyusb-master/src/class/audio/audio_device.o
                0x0000000020001848                alt_setting_1
 *fill*         0x000000002000184a        0x2 
 .bss._audiod_fct
                0x000000002000184c       0x38 ./tinyusb-master/src/class/audio/audio_device.o
                0x000000002000184c                _audiod_fct
 .bss._cdcd_itf
                0x0000000020001884      0x128 ./tinyusb-master/src/class/cdc/cdc_device.o
 .bss._usbd_dev
                0x00000000200019ac       0x2b ./tinyusb-master/src/device/usbd.o
 *fill*         0x00000000200019d7        0x1 
 .bss._app_driver
                0x00000000200019d8        0x4 ./tinyusb-master/src/device/usbd.o
 .bss._app_driver_count
                0x00000000200019dc        0x1 ./tinyusb-master/src/device/usbd.o
 *fill*         0x00000000200019dd        0x3 
 .bss._usbd_qdef_buf
                0x00000000200019e0       0xc0 ./tinyusb-master/src/device/usbd.o
                0x00000000200019e0                _usbd_qdef_buf
 .bss._usbd_q   0x0000000020001aa0        0x4 ./tinyusb-master/src/device/usbd.o
 .bss._ctrl_xfer
                0x0000000020001aa4       0x14 ./tinyusb-master/src/device/usbd_control.o
 .bss._usbd_ctrl_buf
                0x0000000020001ab8       0x40 ./tinyusb-master/src/device/usbd_control.o
 .bss._setup_packet
                0x0000000020001af8        0x8 ./tinyusb-master/src/portable/st/synopsys/dcd_synopsys.o
 .bss.xfer_status
                0x0000000020001b00       0x80 ./tinyusb-master/src/portable/st/synopsys/dcd_synopsys.o
                0x0000000020001b00                xfer_status
 .bss.ep0_pending
                0x0000000020001b80        0x4 ./tinyusb-master/src/portable/st/synopsys/dcd_synopsys.o
 .bss._allocated_fifo_words_tx
                0x0000000020001b84        0x2 ./tinyusb-master/src/portable/st/synopsys/dcd_synopsys.o
 .bss._out_ep_closed
                0x0000000020001b86        0x1 ./tinyusb-master/src/portable/st/synopsys/dcd_synopsys.o
 *(COMMON)
                0x0000000020001b88                . = ALIGN (0x4)
 *fill*         0x0000000020001b87        0x1 
                0x0000000020001b88                _ebss = .
                0x0000000020001b88                __bss_end__ = _ebss

._user_heap_stack
                0x0000000020001b88      0x600 load address 0x0000000008008b50
                0x0000000020001b88                . = ALIGN (0x8)
                [!provide]                        PROVIDE (end = .)
                0x0000000020001b88                PROVIDE (_end = .)
                0x0000000020001d88                . = (. + _Min_Heap_Size)
 *fill*         0x0000000020001b88      0x200 
                0x0000000020002188                . = (. + _Min_Stack_Size)
 *fill*         0x0000000020001d88      0x400 
                0x0000000020002188                . = ALIGN (0x8)

/DISCARD/
 libc.a(*)
 libm.a(*)
 libgcc.a(*)

.ARM.attributes
                0x0000000000000000       0x30
 *(.ARM.attributes)
 .ARM.attributes
                0x0000000000000000       0x1e c:/st/stm32cubeide_1.3.0/stm32cubeide/plugins/com.st.stm32cube.ide.mcu.externaltools.gnu-tools-for-stm32.10.3-2021.10.win32_1.0.200.202301161003/tools/bin/../lib/gcc/arm-none-eabi/10.3.1/thumb/v7e-m+fp/hard/crti.o
 .ARM.attributes
                0x000000000000001e       0x34 c:/st/stm32cubeide_1.3.0/stm32cubeide/plugins/com.st.stm32cube.ide.mcu.externaltools.gnu-tools-for-stm32.10.3-2021.10.win32_1.0.200.202301161003/tools/bin/../lib/gcc/arm-none-eabi/10.3.1/thumb/v7e-m+fp/hard/crtbegin.o
 .ARM.attributes
                0x0000000000000052       0x34 ./Core/Src/main.o
 .ARM.attributes
                0x0000000000000086       0x34 ./Core/Src/stm32f4xx_hal_msp.o
 .ARM.attributes
                0x00000000000000ba       0x34 ./Core/Src/stm32f4xx_it.o
 .ARM.attributes
                0x00000000000000ee       0x34 ./Core/Src/system_stm32f4xx.o
 .ARM.attributes
                0x0000000000000122       0x34 ./Core/Src/usb_descriptors.o
 .ARM.attributes
                0x0000000000000156       0x21 ./Core/Startup/startup_stm32f411vetx.o
 .ARM.attributes
                0x0000000000000177       0x34 ./Drivers/STM32F4xx_HAL_Driver/Src/stm32f4xx_hal.o
 .ARM.attributes
                0x00000000000001ab       0x34 ./Drivers/STM32F4xx_HAL_Driver/Src/stm32f4xx_hal_cortex.o
 .ARM.attributes
                0x00000000000001df       0x34 ./Drivers/STM32F4xx_HAL_Driver/Src/stm32f4xx_hal_gpio.o
 .ARM.attributes
                0x0000000000000213       0x34 ./Drivers/STM32F4xx_HAL_Driver/Src/stm32f4xx_hal_pcd.o
 .ARM.attributes
                0x0000000000000247       0x34 ./Drivers/STM32F4xx_HAL_Driver/Src/stm32f4xx_hal_rcc.o
 .ARM.attributes
                0x000000000000027b       0x34 ./Drivers/STM32F4xx_HAL_Driver/Src/stm32f4xx_ll_usb.o
 .ARM.attributes
                0x00000000000002af       0x34 ./tinyusb-master/src/class/audio/audio_device.o
 .ARM.attributes
                0x00000000000002e3       0x34 ./tinyusb-master/src/class/cdc/cdc_device.o
 .ARM.attributes
                0x0000000000000317       0x34 ./tinyusb-master/src/common/tusb_fifo.o
 .ARM.attributes
                0x000000000000034b       0x34 ./tinyusb-master/src/device/usbd.o
 .ARM.attributes
                0x000000000000037f       0x34 ./tinyusb-master/src/device/usbd_control.o
 .ARM.attributes
                0x00000000000003b3       0x34 ./tinyusb-master/src/portable/st/synopsys/dcd_synopsys.o
 .ARM.attributes
                0x00000000000003e7       0x34 ./tinyusb-master/src/tusb.o
 .ARM.attributes
                0x000000000000041b       0x34 c:/st/stm32cubeide_1.3.0/stm32cubeide/plugins/com.st.stm32cube.ide.mcu.externaltools.gnu-tools-for-stm32.10.3-2021.10.win32_1.0.200.202301161003/tools/bin/../lib/gcc/arm-none-eabi/10.3.1/../../../../arm-none-eabi/lib/thumb/v7e-m+fp/hard\libc_nano.a(lib_a-init.o)
 .ARM.attributes
                0x000000000000044f       0x34 c:/st/stm32cubeide_1.3.0/stm32cubeide/plugins/com.st.stm32cube.ide.mcu.externaltools.gnu-tools-for-stm32.10.3-2021.10.win32_1.0.200.202301161003/tools/bin/../lib/gcc/arm-none-eabi/10.3.1/../../../../arm-none-eabi/lib/thumb/v7e-m+fp/hard\libc_nano.a(lib_a-memcpy-stub.o)
 .ARM.attributes
                0x0000000000000483       0x34 c:/st/stm32cubeide_1.3.0/stm32cubeide/plugins/com.st.stm32cube.ide.mcu.externaltools.gnu-tools-for-stm32.10.3-2021.10.win32_1.0.200.202301161003/tools/bin/../lib/gcc/arm-none-eabi/10.3.1/../../../../arm-none-eabi/lib/thumb/v7e-m+fp/hard\libc_nano.a(lib_a-memset.o)
 .ARM.attributes
                0x00000000000004b7       0x17 c:/st/stm32cubeide_1.3.0/stm32cubeide/plugins/com.st.stm32cube.ide.mcu.externaltools.gnu-tools-for-stm32.10.3-2021.10.win32_1.0.200.202301161003/tools/bin/../lib/gcc/arm-none-eabi/10.3.1/../../../../arm-none-eabi/lib/thumb/v7e-m+fp/hard\libc_nano.a(lib_a-strlen.o)
 .ARM.attributes
                0x00000000000004ce       0x1e c:/st/stm32cubeide_1.3.0/stm32cubeide/plugins/com.st.stm32cube.ide.mcu.externaltools.gnu-tools-for-stm32.10.3-2021.10.win32_1.0.200.202301161003/tools/bin/../lib/gcc/arm-none-eabi/10.3.1/thumb/v7e-m+fp/hard\libgcc.a(_aeabi_uldivmod.o)
 .ARM.attributes
                0x00000000000004ec       0x34 c:/st/stm32cubeide_1.3.0/stm32cubeide/plugins/com.st.stm32cube.ide.mcu.externaltools.gnu-tools-for-stm32.10.3-2021.10.win32_1.0.200.202301161003/tools/bin/../lib/gcc/arm-none-eabi/10.3.1/thumb/v7e-m+fp/hard\libgcc.a(_udivmoddi4.o)
 .ARM.attributes
                0x0000000000000520       0x1e c:/st/stm32cubeide_1.3.0/stm32cubeide/plugins/com.st.stm32cube.ide.mcu.externaltools.gnu-tools-for-stm32.10.3-2021.10.win32_1.0.200.202301161003/tools/bin/../lib/gcc/arm-none-eabi/10.3.1/thumb/v7e-m+fp/hard\libgcc.a(_dvmd_tls.o)
 .ARM.attributes
                0x000000000000053e       0x1e c:/st/stm32cubeide_1.3.0/stm32cubeide/plugins/com.st.stm32cube.ide.mcu.externaltools.gnu-tools-for-stm32.10.3-2021.10.win32_1.0.200.202301161003/tools/bin/../lib/gcc/arm-none-eabi/10.3.1/thumb/v7e-m+fp/hard/crtn.o
OUTPUT(TinyUSB_UAC_CDC_411.elf elf32-littlearm)
LOAD linker stubs
LOAD c:/st/stm32cubeide_1.3.0/stm32cubeide/plugins/com.st.stm32cube.ide.mcu.externaltools.gnu-tools-for-stm32.10.3-2021.10.win32_1.0.200.202301161003/tools/bin/../lib/gcc/arm-none-eabi/10.3.1/../../../../arm-none-eabi/lib/thumb/v7e-m+fp/hard\libc.a
LOAD c:/st/stm32cubeide_1.3.0/stm32cubeide/plugins/com.st.stm32cube.ide.mcu.externaltools.gnu-tools-for-stm32.10.3-2021.10.win32_1.0.200.202301161003/tools/bin/../lib/gcc/arm-none-eabi/10.3.1/../../../../arm-none-eabi/lib/thumb/v7e-m+fp/hard\libm.a
LOAD c:/st/stm32cubeide_1.3.0/stm32cubeide/plugins/com.st.stm32cube.ide.mcu.externaltools.gnu-tools-for-stm32.10.3-2021.10.win32_1.0.200.202301161003/tools/bin/../lib/gcc/arm-none-eabi/10.3.1/thumb/v7e-m+fp/hard\libgcc.a

.debug_info     0x0000000000000000    0x13f38
 .debug_info    0x0000000000000000     0x1f6d ./Core/Src/main.o
 .debug_info    0x0000000000001f6d      0xb26 ./Core/Src/stm32f4xx_hal_msp.o
 .debug_info    0x0000000000002a93      0x164 ./Core/Src/stm32f4xx_it.o
 .debug_info    0x0000000000002bf7      0x54f ./Core/Src/system_stm32f4xx.o
 .debug_info    0x0000000000003146      0xaf6 ./Core/Src/usb_descriptors.o
 .debug_info    0x0000000000003c3c       0x22 ./Core/Startup/startup_stm32f411vetx.o
 .debug_info    0x0000000000003c5e      0x90d ./Drivers/STM32F4xx_HAL_Driver/Src/stm32f4xx_hal.o
 .debug_info    0x000000000000456b      0xd8b ./Drivers/STM32F4xx_HAL_Driver/Src/stm32f4xx_hal_cortex.o
 .debug_info    0x00000000000052f6      0x78e ./Drivers/STM32F4xx_HAL_Driver/Src/stm32f4xx_hal_gpio.o
 .debug_info    0x0000000000005a84     0x168d ./Drivers/STM32F4xx_HAL_Driver/Src/stm32f4xx_hal_pcd.o
 .debug_info    0x0000000000007111      0x98d ./Drivers/STM32F4xx_HAL_Driver/Src/stm32f4xx_hal_rcc.o
 .debug_info    0x0000000000007a9e     0x1a97 ./Drivers/STM32F4xx_HAL_Driver/Src/stm32f4xx_ll_usb.o
 .debug_info    0x0000000000009535     0x1b69 ./tinyusb-master/src/class/audio/audio_device.o
 .debug_info    0x000000000000b09e     0x1385 ./tinyusb-master/src/class/cdc/cdc_device.o
 .debug_info    0x000000000000c423     0x14a2 ./tinyusb-master/src/common/tusb_fifo.o
 .debug_info    0x000000000000d8c5     0x2c67 ./tinyusb-master/src/device/usbd.o
 .debug_info    0x000000000001052c      0x763 ./tinyusb-master/src/device/usbd_control.o
 .debug_info    0x0000000000010c8f     0x21fe ./tinyusb-master/src/portable/st/synopsys/dcd_synopsys.o
 .debug_info    0x0000000000012e8d     0x10ab ./tinyusb-master/src/tusb.o

.debug_abbrev   0x0000000000000000     0x33ab
 .debug_abbrev  0x0000000000000000      0x514 ./Core/Src/main.o
 .debug_abbrev  0x0000000000000514      0x1d8 ./Core/Src/stm32f4xx_hal_msp.o
 .debug_abbrev  0x00000000000006ec       0x9f ./Core/Src/stm32f4xx_it.o
 .debug_abbrev  0x000000000000078b      0x116 ./Core/Src/system_stm32f4xx.o
 .debug_abbrev  0x00000000000008a1      0x19c ./Core/Src/usb_descriptors.o
 .debug_abbrev  0x0000000000000a3d       0x12 ./Core/Startup/startup_stm32f411vetx.o
 .debug_abbrev  0x0000000000000a4f      0x23e ./Drivers/STM32F4xx_HAL_Driver/Src/stm32f4xx_hal.o
 .debug_abbrev  0x0000000000000c8d      0x316 ./Drivers/STM32F4xx_HAL_Driver/Src/stm32f4xx_hal_cortex.o
 .debug_abbrev  0x0000000000000fa3      0x1c4 ./Drivers/STM32F4xx_HAL_Driver/Src/stm32f4xx_hal_gpio.o
 .debug_abbrev  0x0000000000001167      0x2bb ./Drivers/STM32F4xx_HAL_Driver/Src/stm32f4xx_hal_pcd.o
 .debug_abbrev  0x0000000000001422      0x2aa ./Drivers/STM32F4xx_HAL_Driver/Src/stm32f4xx_hal_rcc.o
 .debug_abbrev  0x00000000000016cc      0x296 ./Drivers/STM32F4xx_HAL_Driver/Src/stm32f4xx_ll_usb.o
 .debug_abbrev  0x0000000000001962      0x38f ./tinyusb-master/src/class/audio/audio_device.o
 .debug_abbrev  0x0000000000001cf1      0x3ed ./tinyusb-master/src/class/cdc/cdc_device.o
 .debug_abbrev  0x00000000000020de      0x317 ./tinyusb-master/src/common/tusb_fifo.o
 .debug_abbrev  0x00000000000023f5      0x4df ./tinyusb-master/src/device/usbd.o
 .debug_abbrev  0x00000000000028d4      0x2b8 ./tinyusb-master/src/device/usbd_control.o
 .debug_abbrev  0x0000000000002b8c      0x4c5 ./tinyusb-master/src/portable/st/synopsys/dcd_synopsys.o
 .debug_abbrev  0x0000000000003051      0x35a ./tinyusb-master/src/tusb.o

.debug_aranges  0x0000000000000000      0xe08
 .debug_aranges
                0x0000000000000000      0x138 ./Core/Src/main.o
 .debug_aranges
                0x0000000000000138       0x30 ./Core/Src/stm32f4xx_hal_msp.o
 .debug_aranges
                0x0000000000000168       0x68 ./Core/Src/stm32f4xx_it.o
 .debug_aranges
                0x00000000000001d0       0x28 ./Core/Src/system_stm32f4xx.o
 .debug_aranges
                0x00000000000001f8       0x30 ./Core/Src/usb_descriptors.o
 .debug_aranges
                0x0000000000000228       0x28 ./Core/Startup/startup_stm32f411vetx.o
 .debug_aranges
                0x0000000000000250       0xf0 ./Drivers/STM32F4xx_HAL_Driver/Src/stm32f4xx_hal.o
 .debug_aranges
                0x0000000000000340      0x118 ./Drivers/STM32F4xx_HAL_Driver/Src/stm32f4xx_hal_cortex.o
 .debug_aranges
                0x0000000000000458       0x58 ./Drivers/STM32F4xx_HAL_Driver/Src/stm32f4xx_hal_gpio.o
 .debug_aranges
                0x00000000000004b0      0x148 ./Drivers/STM32F4xx_HAL_Driver/Src/stm32f4xx_hal_pcd.o
 .debug_aranges
                0x00000000000005f8       0x88 ./Drivers/STM32F4xx_HAL_Driver/Src/stm32f4xx_hal_rcc.o
 .debug_aranges
                0x0000000000000680      0x1a0 ./Drivers/STM32F4xx_HAL_Driver/Src/stm32f4xx_ll_usb.o
 .debug_aranges
                0x0000000000000820       0xf0 ./tinyusb-master/src/class/audio/audio_device.o
 .debug_aranges
                0x0000000000000910       0xa8 ./tinyusb-master/src/class/cdc/cdc_device.o
 .debug_aranges
                0x00000000000009b8      0x118 ./tinyusb-master/src/common/tusb_fifo.o
 .debug_aranges
                0x0000000000000ad0      0x130 ./tinyusb-master/src/device/usbd.o
 .debug_aranges
                0x0000000000000c00       0x58 ./tinyusb-master/src/device/usbd_control.o
 .debug_aranges
                0x0000000000000c58      0x118 ./tinyusb-master/src/portable/st/synopsys/dcd_synopsys.o
 .debug_aranges
                0x0000000000000d70       0x98 ./tinyusb-master/src/tusb.o

.debug_ranges   0x0000000000000000      0xd90
 .debug_ranges  0x0000000000000000      0x128 ./Core/Src/main.o
 .debug_ranges  0x0000000000000128       0x20 ./Core/Src/stm32f4xx_hal_msp.o
 .debug_ranges  0x0000000000000148       0x58 ./Core/Src/stm32f4xx_it.o
 .debug_ranges  0x00000000000001a0       0x18 ./Core/Src/system_stm32f4xx.o
 .debug_ranges  0x00000000000001b8       0x20 ./Core/Src/usb_descriptors.o
 .debug_ranges  0x00000000000001d8       0x20 ./Core/Startup/startup_stm32f411vetx.o
 .debug_ranges  0x00000000000001f8       0xe0 ./Drivers/STM32F4xx_HAL_Driver/Src/stm32f4xx_hal.o
 .debug_ranges  0x00000000000002d8      0x108 ./Drivers/STM32F4xx_HAL_Driver/Src/stm32f4xx_hal_cortex.o
 .debug_ranges  0x00000000000003e0       0x48 ./Drivers/STM32F4xx_HAL_Driver/Src/stm32f4xx_hal_gpio.o
 .debug_ranges  0x0000000000000428      0x138 ./Drivers/STM32F4xx_HAL_Driver/Src/stm32f4xx_hal_pcd.o
 .debug_ranges  0x0000000000000560       0x78 ./Drivers/STM32F4xx_HAL_Driver/Src/stm32f4xx_hal_rcc.o
 .debug_ranges  0x00000000000005d8      0x190 ./Drivers/STM32F4xx_HAL_Driver/Src/stm32f4xx_ll_usb.o
 .debug_ranges  0x0000000000000768       0xf8 ./tinyusb-master/src/class/audio/audio_device.o
 .debug_ranges  0x0000000000000860       0x98 ./tinyusb-master/src/class/cdc/cdc_device.o
 .debug_ranges  0x00000000000008f8      0x108 ./tinyusb-master/src/common/tusb_fifo.o
 .debug_ranges  0x0000000000000a00      0x188 ./tinyusb-master/src/device/usbd.o
 .debug_ranges  0x0000000000000b88       0x48 ./tinyusb-master/src/device/usbd_control.o
 .debug_ranges  0x0000000000000bd0      0x138 ./tinyusb-master/src/portable/st/synopsys/dcd_synopsys.o
 .debug_ranges  0x0000000000000d08       0x88 ./tinyusb-master/src/tusb.o

.debug_macro    0x0000000000000000    0x18dc4
 .debug_macro   0x0000000000000000      0x489 ./Core/Src/main.o
 .debug_macro   0x0000000000000489      0xa78 ./Core/Src/main.o
 .debug_macro   0x0000000000000f01      0x295 ./Core/Src/main.o
 .debug_macro   0x0000000000001196       0x2e ./Core/Src/main.o
 .debug_macro   0x00000000000011c4       0x28 ./Core/Src/main.o
 .debug_macro   0x00000000000011ec       0x22 ./Core/Src/main.o
 .debug_macro   0x000000000000120e       0x8e ./Core/Src/main.o
 .debug_macro   0x000000000000129c       0x51 ./Core/Src/main.o
 .debug_macro   0x00000000000012ed      0x103 ./Core/Src/main.o
 .debug_macro   0x00000000000013f0       0x6a ./Core/Src/main.o
 .debug_macro   0x000000000000145a      0x1df ./Core/Src/main.o
 .debug_macro   0x0000000000001639       0x1c ./Core/Src/main.o
 .debug_macro   0x0000000000001655       0x22 ./Core/Src/main.o
 .debug_macro   0x0000000000001677       0xd9 ./Core/Src/main.o
 .debug_macro   0x0000000000001750     0x102d ./Core/Src/main.o
 .debug_macro   0x000000000000277d      0x11f ./Core/Src/main.o
 .debug_macro   0x000000000000289c     0xb953 ./Core/Src/main.o
 .debug_macro   0x000000000000e1ef       0x6d ./Core/Src/main.o
 .debug_macro   0x000000000000e25c     0x367e ./Core/Src/main.o
 .debug_macro   0x00000000000118da      0x174 ./Core/Src/main.o
 .debug_macro   0x0000000000011a4e       0x5c ./Core/Src/main.o
 .debug_macro   0x0000000000011aaa      0x447 ./Core/Src/main.o
 .debug_macro   0x0000000000011ef1      0x9fe ./Core/Src/main.o
 .debug_macro   0x00000000000128ef      0x115 ./Core/Src/main.o
 .debug_macro   0x0000000000012a04      0x11b ./Core/Src/main.o
 .debug_macro   0x0000000000012b1f       0xa5 ./Core/Src/main.o
 .debug_macro   0x0000000000012bc4      0x15f ./Core/Src/main.o
 .debug_macro   0x0000000000012d23      0x287 ./Core/Src/main.o
 .debug_macro   0x0000000000012faa       0x5f ./Core/Src/main.o
 .debug_macro   0x0000000000013009      0x236 ./Core/Src/main.o
 .debug_macro   0x000000000001323f      0x132 ./Core/Src/main.o
 .debug_macro   0x0000000000013371      0x264 ./Core/Src/main.o
 .debug_macro   0x00000000000135d5       0x2e ./Core/Src/main.o
 .debug_macro   0x0000000000013603      0x11a ./Core/Src/main.o
 .debug_macro   0x000000000001371d       0x85 ./Core/Src/main.o
 .debug_macro   0x00000000000137a2       0x89 ./Core/Src/main.o
 .debug_macro   0x000000000001382b      0x248 ./Core/Src/main.o
 .debug_macro   0x0000000000013a73       0xba ./Core/Src/main.o
 .debug_macro   0x0000000000013b2d      0x126 ./Core/Src/main.o
 .debug_macro   0x0000000000013c53       0x52 ./Core/Src/main.o
 .debug_macro   0x0000000000013ca5       0x1e ./Core/Src/main.o
 .debug_macro   0x0000000000013cc3       0x3c ./Core/Src/main.o
 .debug_macro   0x0000000000013cff       0x34 ./Core/Src/main.o
 .debug_macro   0x0000000000013d33       0x16 ./Core/Src/main.o
 .debug_macro   0x0000000000013d49       0x43 ./Core/Src/main.o
 .debug_macro   0x0000000000013d8c       0x34 ./Core/Src/main.o
 .debug_macro   0x0000000000013dc0       0x10 ./Core/Src/main.o
 .debug_macro   0x0000000000013dd0       0x58 ./Core/Src/main.o
 .debug_macro   0x0000000000013e28       0x71 ./Core/Src/main.o
 .debug_macro   0x0000000000013e99       0x1c ./Core/Src/main.o
 .debug_macro   0x0000000000013eb5      0x12a ./Core/Src/main.o
 .debug_macro   0x0000000000013fdf      0x341 ./Core/Src/main.o
 .debug_macro   0x0000000000014320      0x19b ./Core/Src/main.o
 .debug_macro   0x00000000000144bb       0x6a ./Core/Src/main.o
 .debug_macro   0x0000000000014525       0x22 ./Core/Src/main.o
 .debug_macro   0x0000000000014547       0x16 ./Core/Src/main.o
 .debug_macro   0x000000000001455d       0x35 ./Core/Src/main.o
 .debug_macro   0x0000000000014592       0x20 ./Core/Src/main.o
 .debug_macro   0x00000000000145b2       0x1c ./Core/Src/main.o
 .debug_macro   0x00000000000145ce       0x10 ./Core/Src/main.o
 .debug_macro   0x00000000000145de       0x10 ./Core/Src/main.o
 .debug_macro   0x00000000000145ee       0x1c ./Core/Src/main.o
 .debug_macro   0x000000000001460a       0x52 ./Core/Src/main.o
 .debug_macro   0x000000000001465c       0x22 ./Core/Src/main.o
 .debug_macro   0x000000000001467e       0x10 ./Core/Src/main.o
 .debug_macro   0x000000000001468e       0x52 ./Core/Src/main.o
 .debug_macro   0x00000000000146e0       0xd5 ./Core/Src/main.o
 .debug_macro   0x00000000000147b5       0x1c ./Core/Src/main.o
 .debug_macro   0x00000000000147d1       0x3d ./Core/Src/main.o
 .debug_macro   0x000000000001480e       0x16 ./Core/Src/main.o
 .debug_macro   0x0000000000014824      0x145 ./Core/Src/main.o
 .debug_macro   0x0000000000014969      0x153 ./Core/Src/main.o
 .debug_macro   0x0000000000014abc      0x24b ./Core/Src/main.o
 .debug_macro   0x0000000000014d07       0x3a ./Core/Src/main.o
 .debug_macro   0x0000000000014d41      0x13c ./Core/Src/main.o
 .debug_macro   0x0000000000014e7d       0x3a ./Core/Src/main.o
 .debug_macro   0x0000000000014eb7      0x12a ./Core/Src/main.o
 .debug_macro   0x0000000000014fe1       0x64 ./Core/Src/main.o
 .debug_macro   0x0000000000015045       0x11 ./Core/Src/main.o
 .debug_macro   0x0000000000015056       0xc7 ./Core/Src/main.o
 .debug_macro   0x000000000001511d       0x25 ./Core/Src/main.o
 .debug_macro   0x0000000000015142       0x28 ./Core/Src/main.o
 .debug_macro   0x000000000001516a       0x1c ./Core/Src/main.o
 .debug_macro   0x0000000000015186       0x1f ./Core/Src/main.o
 .debug_macro   0x00000000000151a5      0x6cb ./Core/Src/main.o
 .debug_macro   0x0000000000015870      0x382 ./Core/Src/main.o
 .debug_macro   0x0000000000015bf2       0x18 ./Core/Src/main.o
 .debug_macro   0x0000000000015c0a       0x2d ./Core/Src/main.o
 .debug_macro   0x0000000000015c37       0xac ./Core/Src/main.o
 .debug_macro   0x0000000000015ce3      0x1de ./Core/Src/stm32f4xx_hal_msp.o
 .debug_macro   0x0000000000015ec1      0x409 ./Core/Src/stm32f4xx_it.o
 .debug_macro   0x00000000000162ca       0x10 ./Core/Src/stm32f4xx_it.o
 .debug_macro   0x00000000000162da      0x37c ./Core/Src/stm32f4xx_it.o
 .debug_macro   0x0000000000016656      0x1e6 ./Core/Src/system_stm32f4xx.o
 .debug_macro   0x000000000001683c      0x33a ./Core/Src/usb_descriptors.o
 .debug_macro   0x0000000000016b76      0x234 ./Drivers/STM32F4xx_HAL_Driver/Src/stm32f4xx_hal.o
 .debug_macro   0x0000000000016daa      0x1d4 ./Drivers/STM32F4xx_HAL_Driver/Src/stm32f4xx_hal_cortex.o
 .debug_macro   0x0000000000016f7e      0x1da ./Drivers/STM32F4xx_HAL_Driver/Src/stm32f4xx_hal_gpio.o
 .debug_macro   0x0000000000017158      0x1e0 ./Drivers/STM32F4xx_HAL_Driver/Src/stm32f4xx_hal_pcd.o
 .debug_macro   0x0000000000017338      0x1f8 ./Drivers/STM32F4xx_HAL_Driver/Src/stm32f4xx_hal_rcc.o
 .debug_macro   0x0000000000017530      0x1d4 ./Drivers/STM32F4xx_HAL_Driver/Src/stm32f4xx_ll_usb.o
 .debug_macro   0x0000000000017704      0x2ff ./tinyusb-master/src/class/audio/audio_device.o
 .debug_macro   0x0000000000017a03       0x2e ./tinyusb-master/src/class/audio/audio_device.o
 .debug_macro   0x0000000000017a31      0x2d9 ./tinyusb-master/src/class/cdc/cdc_device.o
 .debug_macro   0x0000000000017d0a      0x2c3 ./tinyusb-master/src/common/tusb_fifo.o
 .debug_macro   0x0000000000017fcd      0x342 ./tinyusb-master/src/device/usbd.o
 .debug_macro   0x000000000001830f      0x31a ./tinyusb-master/src/device/usbd_control.o
 .debug_macro   0x0000000000018629      0x487 ./tinyusb-master/src/portable/st/synopsys/dcd_synopsys.o
 .debug_macro   0x0000000000018ab0      0x314 ./tinyusb-master/src/tusb.o

.debug_line     0x0000000000000000    0x117df
 .debug_line    0x0000000000000000     0x13e3 ./Core/Src/main.o
 .debug_line    0x00000000000013e3      0x70c ./Core/Src/stm32f4xx_hal_msp.o
 .debug_line    0x0000000000001aef      0xb83 ./Core/Src/stm32f4xx_it.o
 .debug_line    0x0000000000002672      0x745 ./Core/Src/system_stm32f4xx.o
 .debug_line    0x0000000000002db7      0xa1e ./Core/Src/usb_descriptors.o
 .debug_line    0x00000000000037d5       0x88 ./Core/Startup/startup_stm32f411vetx.o
 .debug_line    0x000000000000385d      0x9a5 ./Drivers/STM32F4xx_HAL_Driver/Src/stm32f4xx_hal.o
 .debug_line    0x0000000000004202      0xc54 ./Drivers/STM32F4xx_HAL_Driver/Src/stm32f4xx_hal_cortex.o
 .debug_line    0x0000000000004e56      0xadd ./Drivers/STM32F4xx_HAL_Driver/Src/stm32f4xx_hal_gpio.o
 .debug_line    0x0000000000005933     0x1448 ./Drivers/STM32F4xx_HAL_Driver/Src/stm32f4xx_hal_pcd.o
 .debug_line    0x0000000000006d7b      0xd21 ./Drivers/STM32F4xx_HAL_Driver/Src/stm32f4xx_hal_rcc.o
 .debug_line    0x0000000000007a9c     0x1a62 ./Drivers/STM32F4xx_HAL_Driver/Src/stm32f4xx_ll_usb.o
 .debug_line    0x00000000000094fe     0x13ff ./tinyusb-master/src/class/audio/audio_device.o
 .debug_line    0x000000000000a8fd      0xede ./tinyusb-master/src/class/cdc/cdc_device.o
 .debug_line    0x000000000000b7db     0x1120 ./tinyusb-master/src/common/tusb_fifo.o
 .debug_line    0x000000000000c8fb     0x19b3 ./tinyusb-master/src/device/usbd.o
 .debug_line    0x000000000000e2ae      0xbe9 ./tinyusb-master/src/device/usbd_control.o
 .debug_line    0x000000000000ee97     0x1a61 ./tinyusb-master/src/portable/st/synopsys/dcd_synopsys.o
 .debug_line    0x00000000000108f8      0xee7 ./tinyusb-master/src/tusb.o

.debug_str      0x0000000000000000    0x99389
 .debug_str     0x0000000000000000    0x92ebe ./Core/Src/main.o
                                      0x93211 (size before relaxing)
 .debug_str     0x0000000000092ebe       0xb5 ./Core/Src/stm32f4xx_hal_msp.o
                                      0x7f6f4 (size before relaxing)
 .debug_str     0x0000000000092f73       0xdb ./Core/Src/stm32f4xx_it.o
                                      0x8dcd1 (size before relaxing)
 .debug_str     0x000000000009304e      0x12f ./Core/Src/system_stm32f4xx.o
                                      0x7efc5 (size before relaxing)
 .debug_str     0x000000000009317d     0x1fec ./Core/Src/usb_descriptors.o
                                      0x1861f (size before relaxing)
 .debug_str     0x0000000000095169       0x36 ./Core/Startup/startup_stm32f411vetx.o
                                         0x81 (size before relaxing)
 .debug_str     0x000000000009519f      0x5fc ./Drivers/STM32F4xx_HAL_Driver/Src/stm32f4xx_hal.o
                                      0x7f99d (size before relaxing)
 .debug_str     0x000000000009579b      0x323 ./Drivers/STM32F4xx_HAL_Driver/Src/stm32f4xx_hal_cortex.o
                                      0x7f6be (size before relaxing)
 .debug_str     0x0000000000095abe      0x121 ./Drivers/STM32F4xx_HAL_Driver/Src/stm32f4xx_hal_gpio.o
                                      0x7f0ec (size before relaxing)
 .debug_str     0x0000000000095bdf      0x7fd ./Drivers/STM32F4xx_HAL_Driver/Src/stm32f4xx_hal_pcd.o
                                      0x7fa21 (size before relaxing)
 .debug_str     0x00000000000963dc      0x21f ./Drivers/STM32F4xx_HAL_Driver/Src/stm32f4xx_hal_rcc.o
                                      0x7f3a5 (size before relaxing)
 .debug_str     0x00000000000965fb      0x44d ./Drivers/STM32F4xx_HAL_Driver/Src/stm32f4xx_ll_usb.o
                                      0x7f889 (size before relaxing)
 .debug_str     0x0000000000096a48      0xa37 ./tinyusb-master/src/class/audio/audio_device.o
                                      0x14aff (size before relaxing)
 .debug_str     0x000000000009747f      0x79e ./tinyusb-master/src/class/cdc/cdc_device.o
                                      0x14621 (size before relaxing)
 .debug_str     0x0000000000097c1d      0x3ca ./tinyusb-master/src/common/tusb_fifo.o
                                       0xcdb3 (size before relaxing)
 .debug_str     0x0000000000097fe7      0xac9 ./tinyusb-master/src/device/usbd.o
                                      0x17aee (size before relaxing)
 .debug_str     0x0000000000098ab0       0xee ./tinyusb-master/src/device/usbd_control.o
                                      0x16979 (size before relaxing)
 .debug_str     0x0000000000098b9e      0x5ff ./tinyusb-master/src/portable/st/synopsys/dcd_synopsys.o
                                      0x8898e (size before relaxing)
 .debug_str     0x000000000009919d      0x1ec ./tinyusb-master/src/tusb.o
                                      0x16df7 (size before relaxing)

.comment        0x0000000000000000       0x50
 .comment       0x0000000000000000       0x50 ./Core/Src/main.o
                                         0x51 (size before relaxing)
 .comment       0x0000000000000050       0x51 ./Core/Src/stm32f4xx_hal_msp.o
 .comment       0x0000000000000050       0x51 ./Core/Src/stm32f4xx_it.o
 .comment       0x0000000000000050       0x51 ./Core/Src/system_stm32f4xx.o
 .comment       0x0000000000000050       0x51 ./Core/Src/usb_descriptors.o
 .comment       0x0000000000000050       0x51 ./Drivers/STM32F4xx_HAL_Driver/Src/stm32f4xx_hal.o
 .comment       0x0000000000000050       0x51 ./Drivers/STM32F4xx_HAL_Driver/Src/stm32f4xx_hal_cortex.o
 .comment       0x0000000000000050       0x51 ./Drivers/STM32F4xx_HAL_Driver/Src/stm32f4xx_hal_gpio.o
 .comment       0x0000000000000050       0x51 ./Drivers/STM32F4xx_HAL_Driver/Src/stm32f4xx_hal_pcd.o
 .comment       0x0000000000000050       0x51 ./Drivers/STM32F4xx_HAL_Driver/Src/stm32f4xx_hal_rcc.o
 .comment       0x0000000000000050       0x51 ./Drivers/STM32F4xx_HAL_Driver/Src/stm32f4xx_ll_usb.o
 .comment       0x0000000000000050       0x51 ./tinyusb-master/src/class/audio/audio_device.o
 .comment       0x0000000000000050       0x51 ./tinyusb-master/src/class/cdc/cdc_device.o
 .comment       0x0000000000000050       0x51 ./tinyusb-master/src/common/tusb_fifo.o
 .comment       0x0000000000000050       0x51 ./tinyusb-master/src/device/usbd.o
 .comment       0x0000000000000050       0x51 ./tinyusb-master/src/device/usbd_control.o
 .comment       0x0000000000000050       0x51 ./tinyusb-master/src/portable/st/synopsys/dcd_synopsys.o
 .comment       0x0000000000000050       0x51 ./tinyusb-master/src/tusb.o

.debug_frame    0x0000000000000000     0x39f8
 .debug_frame   0x0000000000000000      0x4e8 ./Core/Src/main.o
 .debug_frame   0x00000000000004e8       0x80 ./Core/Src/stm32f4xx_hal_msp.o
 .debug_frame   0x0000000000000568      0x120 ./Core/Src/stm32f4xx_it.o
 .debug_frame   0x0000000000000688       0x58 ./Core/Src/system_stm32f4xx.o
 .debug_frame   0x00000000000006e0       0x7c ./Core/Src/usb_descriptors.o
 .debug_frame   0x000000000000075c      0x374 ./Drivers/STM32F4xx_HAL_Driver/Src/stm32f4xx_hal.o
 .debug_frame   0x0000000000000ad0      0x498 ./Drivers/STM32F4xx_HAL_Driver/Src/stm32f4xx_hal_cortex.o
 .debug_frame   0x0000000000000f68      0x14c ./Drivers/STM32F4xx_HAL_Driver/Src/stm32f4xx_hal_gpio.o
 .debug_frame   0x00000000000010b4      0x5bc ./Drivers/STM32F4xx_HAL_Driver/Src/stm32f4xx_hal_pcd.o
 .debug_frame   0x0000000000001670      0x1f4 ./Drivers/STM32F4xx_HAL_Driver/Src/stm32f4xx_hal_rcc.o
 .debug_frame   0x0000000000001864      0x7c0 ./Drivers/STM32F4xx_HAL_Driver/Src/stm32f4xx_ll_usb.o
 .debug_frame   0x0000000000002024      0x414 ./tinyusb-master/src/class/audio/audio_device.o
 .debug_frame   0x0000000000002438      0x2ac ./tinyusb-master/src/class/cdc/cdc_device.o
 .debug_frame   0x00000000000026e4      0x4c8 ./tinyusb-master/src/common/tusb_fifo.o
 .debug_frame   0x0000000000002bac      0x4ec ./tinyusb-master/src/device/usbd.o
 .debug_frame   0x0000000000003098      0x130 ./tinyusb-master/src/device/usbd_control.o
 .debug_frame   0x00000000000031c8      0x4ec ./tinyusb-master/src/portable/st/synopsys/dcd_synopsys.o
 .debug_frame   0x00000000000036b4      0x270 ./tinyusb-master/src/tusb.o
 .debug_frame   0x0000000000003924       0x2c c:/st/stm32cubeide_1.3.0/stm32cubeide/plugins/com.st.stm32cube.ide.mcu.externaltools.gnu-tools-for-stm32.10.3-2021.10.win32_1.0.200.202301161003/tools/bin/../lib/gcc/arm-none-eabi/10.3.1/../../../../arm-none-eabi/lib/thumb/v7e-m+fp/hard\libc_nano.a(lib_a-init.o)
 .debug_frame   0x0000000000003950       0x28 c:/st/stm32cubeide_1.3.0/stm32cubeide/plugins/com.st.stm32cube.ide.mcu.externaltools.gnu-tools-for-stm32.10.3-2021.10.win32_1.0.200.202301161003/tools/bin/../lib/gcc/arm-none-eabi/10.3.1/../../../../arm-none-eabi/lib/thumb/v7e-m+fp/hard\libc_nano.a(lib_a-memcpy-stub.o)
 .debug_frame   0x0000000000003978       0x20 c:/st/stm32cubeide_1.3.0/stm32cubeide/plugins/com.st.stm32cube.ide.mcu.externaltools.gnu-tools-for-stm32.10.3-2021.10.win32_1.0.200.202301161003/tools/bin/../lib/gcc/arm-none-eabi/10.3.1/../../../../arm-none-eabi/lib/thumb/v7e-m+fp/hard\libc_nano.a(lib_a-memset.o)
 .debug_frame   0x0000000000003998       0x2c c:/st/stm32cubeide_1.3.0/stm32cubeide/plugins/com.st.stm32cube.ide.mcu.externaltools.gnu-tools-for-stm32.10.3-2021.10.win32_1.0.200.202301161003/tools/bin/../lib/gcc/arm-none-eabi/10.3.1/thumb/v7e-m+fp/hard\libgcc.a(_aeabi_uldivmod.o)
 .debug_frame   0x00000000000039c4       0x34 c:/st/stm32cubeide_1.3.0/stm32cubeide/plugins/com.st.stm32cube.ide.mcu.externaltools.gnu-tools-for-stm32.10.3-2021.10.win32_1.0.200.202301161003/tools/bin/../lib/gcc/arm-none-eabi/10.3.1/thumb/v7e-m+fp/hard\libgcc.a(_udivmoddi4.o)