../tinyusb-master/src/portable/st/synopsys/dcd_synopsys.c:540:6:dcd_int_enable	0	static
../tinyusb-master/src/portable/st/synopsys/dcd_synopsys.c:546:6:dcd_int_disable	0	static,ignoring_inline_asm
../tinyusb-master/src/portable/st/synopsys/dcd_synopsys.c:552:6:dcd_set_address	0	static
../tinyusb-master/src/portable/st/synopsys/dcd_synopsys.c:571:6:dcd_remote_wakeup	0	static,ignoring_inline_asm
../tinyusb-master/src/portable/st/synopsys/dcd_synopsys.c:591:6:dcd_connect	0	static
../tinyusb-master/src/portable/st/synopsys/dcd_synopsys.c:462:6:dcd_init	8	static
../tinyusb-master/src/portable/st/synopsys/dcd_synopsys.c:598:6:dcd_disconnect	0	static
../tinyusb-master/src/portable/st/synopsys/dcd_synopsys.c:605:6:dcd_sof_enable	0	static
../tinyusb-master/src/portable/st/synopsys/dcd_synopsys.c:617:6:dcd_edpt_open	20	static,ignoring_inline_asm
../tinyusb-master/src/portable/st/synopsys/dcd_synopsys.c:705:6:dcd_edpt_close_all	4	static
../tinyusb-master/src/portable/st/synopsys/dcd_synopsys.c:732:6:dcd_edpt_xfer	12	static
../tinyusb-master/src/portable/st/synopsys/dcd_synopsys.c:768:6:dcd_edpt_xfer_fifo	16	static,ignoring_inline_asm
../tinyusb-master/src/portable/st/synopsys/dcd_synopsys.c:850:6:dcd_edpt_close	8	static,ignoring_inline_asm
../tinyusb-master/src/portable/st/synopsys/dcd_synopsys.c:876:6:dcd_edpt_stall	4	static
../tinyusb-master/src/portable/st/synopsys/dcd_synopsys.c:881:6:dcd_edpt_clear_stall	0	static
../tinyusb-master/src/portable/st/synopsys/dcd_synopsys.c:1127:6:dcd_int_handler	72	static,ignoring_inline_asm
