C:/Users/alberto/Documents/USBCompositeWorkspace/TinyUSB_UAC_CDC_411/tinyusb-master/src/class/cdc/cdc_device.h:168:20:tud_cdc_connected	8	static
C:/Users/alberto/Documents/USBCompositeWorkspace/TinyUSB_UAC_CDC_411/tinyusb-master/src/class/cdc/cdc_device.h:188:24:tud_cdc_available	8	static
C:/Users/alberto/Documents/USBCompositeWorkspace/TinyUSB_UAC_CDC_411/tinyusb-master/src/class/cdc/cdc_device.h:198:24:tud_cdc_read	16	static
C:/Users/alberto/Documents/USBCompositeWorkspace/TinyUSB_UAC_CDC_411/tinyusb-master/src/class/cdc/cdc_device.h:218:24:tud_cdc_write	16	static
C:/Users/alberto/Documents/USBCompositeWorkspace/TinyUSB_UAC_CDC_411/tinyusb-master/src/class/cdc/cdc_device.h:228:24:tud_cdc_write_flush	8	static
C:/Users/alberto/Documents/USBCompositeWorkspace/TinyUSB_UAC_CDC_411/tinyusb-master/src/class/cdc/cdc_device.h:233:24:tud_cdc_write_available	8	static
C:/Users/alberto/Documents/USBCompositeWorkspace/TinyUSB_UAC_CDC_411/tinyusb-master/src/class/audio/audio_device.h:580:24:tud_audio_read	16	static
C:/Users/alberto/Documents/USBCompositeWorkspace/TinyUSB_UAC_CDC_411/tinyusb-master/src/class/audio/audio_device.h:625:24:tud_audio_write	16	static
../Core/Src/main.c:168:6:tud_mount_cb	4	static
../Core/Src/main.c:174:6:tud_umount_cb	4	static
../Core/Src/main.c:182:6:tud_suspend_cb	16	static
../Core/Src/main.c:189:6:tud_resume_cb	4	static
../Core/Src/main.c:195:13:tud_audio_clock_get_request	88	static,ignoring_inline_asm
../Core/Src/main.c:239:13:tud_audio_clock_set_request	32	static,ignoring_inline_asm
../Core/Src/main.c:265:13:tud_audio_feature_unit_get_request	40	static,ignoring_inline_asm
../Core/Src/main.c:301:13:tud_audio_feature_unit_set_request	32	static,ignoring_inline_asm
../Core/Src/main.c:341:6:tud_audio_get_req_entity_cb	24	static
../Core/Src/main.c:358:6:tud_audio_set_req_entity_cb	32	static
../Core/Src/main.c:372:6:tud_audio_set_itf_close_EP_cb	24	static
../Core/Src/main.c:385:6:tud_audio_set_itf_cb	24	static
../Core/Src/main.c:405:6:tud_audio_rx_done_pre_read_cb	24	static
../Core/Src/main.c:416:6:tud_audio_tx_done_post_load_cb	32	static
../Core/Src/main.c:448:6:tud_cdc_line_state_cb	16	static
../Core/Src/main.c:464:6:tud_cdc_rx_cb	16	static
../Core/Src/main.c:469:6:cdc_task	80	static
../Core/Src/main.c:505:6:audio_task	4	static
../Core/Src/main.c:561:10:board_millis	8	static
../Core/Src/main.c:570:6:led_blinking_task	8	static
../Core/Src/main.c:591:10:DWT_Delay_Init	4	static,ignoring_inline_asm
../Core/Src/main.c:621:23:DWT_Delay_us	24	static
../Core/Src/main.c:639:5:main	16	static,ignoring_inline_asm
../Core/Src/main.c:701:6:SystemClock_Config	88	static
../Core/Src/main.c:746:13:MX_NVIC_Init	8	static
../Core/Src/main.c:758:13:MX_USB_OTG_FS_PCD_Init	8	static
../Core/Src/main.c:793:13:MX_GPIO_Init	16	static
../Core/Src/main.c:814:6:Error_Handler	4	static,ignoring_inline_asm
