../tinyusb-master/src/class/cdc/cdc_device.c:113:6:tud_cdc_n_connected	8	static
../tinyusb-master/src/class/cdc/cdc_device.c:119:9:tud_cdc_n_get_line_state	0	static
../tinyusb-master/src/class/cdc/cdc_device.c:124:6:tud_cdc_n_get_line_coding	0	static
../tinyusb-master/src/class/cdc/cdc_device.c:129:6:tud_cdc_n_set_wanted_char	0	static
../tinyusb-master/src/class/cdc/cdc_device.c:138:10:tud_cdc_n_available	8	static
../tinyusb-master/src/class/cdc/cdc_device.c:143:10:tud_cdc_n_read	24	static
../tinyusb-master/src/class/cdc/cdc_device.c:151:6:tud_cdc_n_peek	0	static
../tinyusb-master/src/class/cdc/cdc_device.c:156:6:tud_cdc_n_read_flush	24	static
../tinyusb-master/src/class/cdc/cdc_device.c:181:10:tud_cdc_n_write_flush	24	static,ignoring_inline_asm
../tinyusb-master/src/class/cdc/cdc_device.c:166:10:tud_cdc_n_write	16	static
../tinyusb-master/src/class/cdc/cdc_device.c:212:10:tud_cdc_n_write_available	8	static
../tinyusb-master/src/class/cdc/cdc_device.c:217:6:tud_cdc_n_write_clear	0	static
../tinyusb-master/src/class/cdc/cdc_device.c:225:6:cdcd_init	24	static
../tinyusb-master/src/class/cdc/cdc_device.c:254:6:cdcd_reset	8	static
../tinyusb-master/src/class/cdc/cdc_device.c:269:10:cdcd_open	32	static,ignoring_inline_asm
../tinyusb-master/src/class/cdc/cdc_device.c:335:6:cdcd_control_xfer_cb	16	static
../tinyusb-master/src/class/cdc/cdc_device.c:417:6:cdcd_xfer_cb	32	static,ignoring_inline_asm
