../tinyusb-master/src/device/usbd.c:430:13:configuration_reset	24	static,ignoring_inline_asm
../tinyusb-master/src/device/usbd.c:1142:6:usbd_int_set	0	static
../tinyusb-master/src/device/usbd.c:334:14:tud_speed_get	0	static
../tinyusb-master/src/device/usbd.c:339:6:tud_connected	0	static
../tinyusb-master/src/device/usbd.c:344:6:tud_mounted	0	static
../tinyusb-master/src/device/usbd.c:349:6:tud_suspended	0	static
../tinyusb-master/src/device/usbd.c:354:6:tud_remote_wakeup	8	static
../tinyusb-master/src/device/usbd.c:362:6:tud_disconnect	8	static
../tinyusb-master/src/device/usbd.c:369:6:tud_connect	8	static
../tinyusb-master/src/device/usbd.c:379:6:tud_inited	0	static
../tinyusb-master/src/device/usbd.c:384:6:tud_init	32	static,ignoring_inline_asm
../tinyusb-master/src/device/usbd.c:450:6:tud_task_event_ready	8	static
../tinyusb-master/src/device/usbd.c:476:6:tud_task_ext	80	static,ignoring_inline_asm
../tinyusb-master/src/device/usbd.c:1075:24:dcd_event_handler	48	static,ignoring_inline_asm
../tinyusb-master/src/device/usbd.c:1154:6:usbd_open_edpt_pair	40	static,ignoring_inline_asm
../tinyusb-master/src/device/usbd.c:1178:6:usbd_defer_func	32	static,ignoring_inline_asm
../tinyusb-master/src/device/usbd.c:1196:6:usbd_edpt_open	16	static,ignoring_inline_asm
../tinyusb-master/src/device/usbd.c:1206:6:usbd_edpt_claim	0	static
../tinyusb-master/src/device/usbd.c:1220:6:usbd_edpt_release	0	static
../tinyusb-master/src/device/usbd.c:1231:6:usbd_edpt_xfer	8	static,ignoring_inline_asm
../tinyusb-master/src/device/usbd.c:1268:6:usbd_edpt_xfer_fifo	8	static,ignoring_inline_asm
../tinyusb-master/src/device/usbd.c:1299:6:usbd_edpt_busy	0	static
../tinyusb-master/src/device/usbd.c:1309:6:usbd_edpt_stall	8	static
../tinyusb-master/src/device/usbd.c:1326:6:usbd_edpt_clear_stall	8	static
../tinyusb-master/src/device/usbd.c:1343:6:usbd_edpt_stalled	0	static
../tinyusb-master/src/device/usbd.c:1359:6:usbd_edpt_close	8	static,ignoring_inline_asm
../tinyusb-master/src/device/usbd.c:1377:6:usbd_sof_enable	0	static
../tinyusb-master/src/device/usbd.c:1386:6:usbd_edpt_iso_alloc	8	static,ignoring_inline_asm
../tinyusb-master/src/device/usbd.c:1396:6:usbd_edpt_iso_activate	24	static,ignoring_inline_asm
