../tinyusb-master/src/device/usbd.c:246:43:get_driver	16	static
../tinyusb-master/src/device/usbd.c:334:14:tud_speed_get	4	static
../tinyusb-master/src/device/usbd.c:339:6:tud_connected	4	static
../tinyusb-master/src/device/usbd.c:344:6:tud_mounted	4	static
../tinyusb-master/src/device/usbd.c:349:6:tud_suspended	4	static
../tinyusb-master/src/device/usbd.c:354:6:tud_remote_wakeup	8	static
../tinyusb-master/src/device/usbd.c:362:6:tud_disconnect	8	static
../tinyusb-master/src/device/usbd.c:369:6:tud_connect	8	static
../tinyusb-master/src/device/usbd.c:379:6:tud_inited	4	static
../tinyusb-master/src/device/usbd.c:384:6:tud_init	40	static,ignoring_inline_asm
../tinyusb-master/src/device/usbd.c:430:13:configuration_reset	32	static,ignoring_inline_asm
../tinyusb-master/src/device/usbd.c:444:13:usbd_reset	16	static
../tinyusb-master/src/device/usbd.c:450:6:tud_task_event_ready	16	static
../tinyusb-master/src/device/usbd.c:476:6:tud_task_ext	80	static,ignoring_inline_asm
../tinyusb-master/src/device/usbd.c:610:13:invoke_class_control	24	static
../tinyusb-master/src/device/usbd.c:619:13:process_control_request	88	static,ignoring_inline_asm
../tinyusb-master/src/device/usbd.c:871:13:process_set_config	88	static,ignoring_inline_asm
../tinyusb-master/src/device/usbd.c:967:13:process_get_descriptor	88	static,ignoring_inline_asm
../tinyusb-master/src/device/usbd.c:1075:24:dcd_event_handler	176	static,ignoring_inline_asm
../tinyusb-master/src/device/usbd.c:1142:6:usbd_int_set	16	static
../tinyusb-master/src/device/usbd.c:1154:6:usbd_open_edpt_pair	48	static,ignoring_inline_asm
../tinyusb-master/src/device/usbd.c:1178:6:usbd_defer_func	40	static
../tinyusb-master/src/device/usbd.c:1196:6:usbd_edpt_open	32	static,ignoring_inline_asm
../tinyusb-master/src/device/usbd.c:1206:6:usbd_edpt_claim	32	static
../tinyusb-master/src/device/usbd.c:1220:6:usbd_edpt_release	32	static
../tinyusb-master/src/device/usbd.c:1231:6:usbd_edpt_xfer	32	static,ignoring_inline_asm
../tinyusb-master/src/device/usbd.c:1268:6:usbd_edpt_xfer_fifo	32	static,ignoring_inline_asm
../tinyusb-master/src/device/usbd.c:1299:6:usbd_edpt_busy	24	static
../tinyusb-master/src/device/usbd.c:1309:6:usbd_edpt_stall	24	static
../tinyusb-master/src/device/usbd.c:1326:6:usbd_edpt_clear_stall	24	static
../tinyusb-master/src/device/usbd.c:1343:6:usbd_edpt_stalled	24	static
../tinyusb-master/src/device/usbd.c:1359:6:usbd_edpt_close	32	static,ignoring_inline_asm
../tinyusb-master/src/device/usbd.c:1377:6:usbd_sof_enable	16	static
../tinyusb-master/src/device/usbd.c:1386:6:usbd_edpt_iso_alloc	32	static,ignoring_inline_asm
../tinyusb-master/src/device/usbd.c:1396:6:usbd_edpt_iso_activate	40	static,ignoring_inline_asm
